[0.207s] Invoking command in '/home/yahboom/5550_ros2_ws/build/example_cpp': CMAKE_PREFIX_PATH=${CMAKE_PREFIX_PATH}:/home/yahboom/5550_ros2_ws/install/drone_description:/opt/ros/humble /usr/bin/cmake /home/yahboom/5550_ros2_ws/src/example_cpp -DAMENT_CMAKE_SYMLINK_INSTALL=1 -DCMAKE_INSTALL_PREFIX=/home/yahboom/5550_ros2_ws/install/example_cpp
[0.261s] -- The C compiler identification is GNU 11.4.0
[0.312s] -- The CXX compiler identification is GNU 11.4.0
[0.318s] -- Detecting C compiler ABI info
[0.385s] -- Detecting C compiler ABI info - done
[0.390s] -- Check for working C compiler: /usr/bin/cc - skipped
[0.390s] -- Detecting C compile features
[0.391s] -- Detecting C compile features - done
[0.393s] -- Detecting CXX compiler ABI info
[0.475s] -- Detecting CXX compiler ABI info - done
[0.481s] -- Check for working CXX compiler: /usr/bin/c++ - skipped
[0.482s] -- Detecting CXX compile features
[0.482s] -- Detecting CXX compile features - done
[0.485s] -- Found ament_cmake: 1.3.8 (/opt/ros/humble/share/ament_cmake/cmake)
[0.616s] -- Found Python3: /usr/bin/python3 (found version "3.10.12") found components: Interpreter 
[0.671s] -- Override CMake install command with custom implementation using symlinks instead of copying resources
[0.700s] -- Found rclcpp: 16.0.8 (/opt/ros/humble/share/rclcpp/cmake)
[0.744s] -- Found rosidl_generator_c: 3.1.5 (/opt/ros/humble/share/rosidl_generator_c/cmake)
[0.749s] -- Found rosidl_adapter: 3.1.5 (/opt/ros/humble/share/rosidl_adapter/cmake)
[0.757s] -- Found rosidl_generator_cpp: 3.1.5 (/opt/ros/humble/share/rosidl_generator_cpp/cmake)
[0.772s] -- Using all available rosidl_typesupport_c: rosidl_typesupport_fastrtps_c;rosidl_typesupport_introspection_c
[0.788s] -- Using all available rosidl_typesupport_cpp: rosidl_typesupport_fastrtps_cpp;rosidl_typesupport_introspection_cpp
[0.871s] -- Found rmw_implementation_cmake: 6.1.1 (/opt/ros/humble/share/rmw_implementation_cmake/cmake)
[0.875s] -- Found rmw_fastrtps_cpp: 6.2.6 (/opt/ros/humble/share/rmw_fastrtps_cpp/cmake)
[0.989s] -- Found OpenSSL: /usr/lib/x86_64-linux-gnu/libcrypto.so (found version "3.0.2")  
[1.018s] -- Found FastRTPS: /opt/ros/humble/include  
[1.059s] -- Using RMW implementation 'rmw_fastrtps_cpp' as default
[1.074s] -- Looking for pthread.h
[1.147s] -- Looking for pthread.h - found
[1.147s] -- Performing Test CMAKE_HAVE_LIBC_PTHREAD
[1.230s] -- Performing Test CMAKE_HAVE_LIBC_PTHREAD - Success
[1.231s] -- Found Threads: TRUE  
[1.429s] -- Found ament_lint_auto: 0.12.10 (/opt/ros/humble/share/ament_lint_auto/cmake)
[1.566s] -- Added test 'cppcheck' to perform static code analysis on C / C++ code
[1.566s] -- Configured cppcheck include dirs: 
[1.566s] -- Configured cppcheck exclude dirs and/or files: 
[1.567s] -- Added test 'flake8' to check Python code syntax and style conventions
[1.570s] -- Added test 'lint_cmake' to check CMake code style
[1.570s] -- Added test 'pep257' to check Python code against some of the docstring style conventions in PEP 257
[1.573s] -- Added test 'uncrustify' to check C / C++ code style
[1.573s] -- Configured uncrustify additional arguments: 
[1.574s] -- Added test 'xmllint' to check XML markup files
[1.579s] -- Configuring done
[1.588s] -- Generating done
[1.590s] -- Build files have been written to: /home/yahboom/5550_ros2_ws/build/example_cpp
[1.606s] Invoked command in '/home/yahboom/5550_ros2_ws/build/example_cpp' returned '0': CMAKE_PREFIX_PATH=${CMAKE_PREFIX_PATH}:/home/yahboom/5550_ros2_ws/install/drone_description:/opt/ros/humble /usr/bin/cmake /home/yahboom/5550_ros2_ws/src/example_cpp -DAMENT_CMAKE_SYMLINK_INSTALL=1 -DCMAKE_INSTALL_PREFIX=/home/yahboom/5550_ros2_ws/install/example_cpp
[1.607s] Invoking command in '/home/yahboom/5550_ros2_ws/build/example_cpp': CMAKE_PREFIX_PATH=${CMAKE_PREFIX_PATH}:/home/yahboom/5550_ros2_ws/install/drone_description:/opt/ros/humble /usr/bin/cmake --build /home/yahboom/5550_ros2_ws/build/example_cpp -- -j4 -l4
[1.682s] [ 50%] [32mBuilding CXX object CMakeFiles/node_01.dir/src/node_01.cpp.o[0m
[5.743s] [100%] [32m[1mLinking CXX executable node_01[0m
[5.973s] [100%] Built target node_01
[5.994s] Invoked command in '/home/yahboom/5550_ros2_ws/build/example_cpp' returned '0': CMAKE_PREFIX_PATH=${CMAKE_PREFIX_PATH}:/home/yahboom/5550_ros2_ws/install/drone_description:/opt/ros/humble /usr/bin/cmake --build /home/yahboom/5550_ros2_ws/build/example_cpp -- -j4 -l4
[6.078s] Invoking command in '/home/yahboom/5550_ros2_ws/build/example_cpp': CMAKE_PREFIX_PATH=${CMAKE_PREFIX_PATH}:/home/yahboom/5550_ros2_ws/install/drone_description:/opt/ros/humble /usr/bin/cmake --install /home/yahboom/5550_ros2_ws/build/example_cpp
[6.100s] -- Install configuration: ""
[6.100s] -- Execute custom install script
[6.100s] -- Symlinking: /home/yahboom/5550_ros2_ws/install/example_cpp/share/ament_index/resource_index/package_run_dependencies/example_cpp
[6.121s] -- Symlinking: /home/yahboom/5550_ros2_ws/install/example_cpp/share/ament_index/resource_index/parent_prefix_path/example_cpp
[6.137s] -- Symlinking: /home/yahboom/5550_ros2_ws/install/example_cpp/share/example_cpp/environment/ament_prefix_path.sh
[6.163s] -- Symlinking: /home/yahboom/5550_ros2_ws/install/example_cpp/share/example_cpp/environment/ament_prefix_path.dsv
[6.188s] -- Symlinking: /home/yahboom/5550_ros2_ws/install/example_cpp/share/example_cpp/environment/path.sh
[6.203s] -- Symlinking: /home/yahboom/5550_ros2_ws/install/example_cpp/share/example_cpp/environment/path.dsv
[6.219s] -- Symlinking: /home/yahboom/5550_ros2_ws/install/example_cpp/share/example_cpp/local_setup.bash
[6.238s] -- Symlinking: /home/yahboom/5550_ros2_ws/install/example_cpp/share/example_cpp/local_setup.sh
[6.259s] -- Symlinking: /home/yahboom/5550_ros2_ws/install/example_cpp/share/example_cpp/local_setup.zsh
[6.277s] -- Symlinking: /home/yahboom/5550_ros2_ws/install/example_cpp/share/example_cpp/local_setup.dsv
[6.295s] -- Symlinking: /home/yahboom/5550_ros2_ws/install/example_cpp/share/example_cpp/package.dsv
[6.311s] -- Symlinking: /home/yahboom/5550_ros2_ws/install/example_cpp/share/ament_index/resource_index/packages/example_cpp
[6.330s] -- Symlinking: /home/yahboom/5550_ros2_ws/install/example_cpp/share/example_cpp/cmake/example_cppConfig.cmake
[6.343s] -- Symlinking: /home/yahboom/5550_ros2_ws/install/example_cpp/share/example_cpp/cmake/example_cppConfig-version.cmake
[6.366s] -- Symlinking: /home/yahboom/5550_ros2_ws/install/example_cpp/share/example_cpp/package.xml
[6.384s] -- Symlinking: /home/yahboom/5550_ros2_ws/install/example_cpp/lib/example_cpp/node_01
[6.399s] -- Symlinking: /home/yahboom/5550_ros2_ws/install/example_cpp/share/example_cpp/launch/1node_launch.py
[6.418s] Invoked command in '/home/yahboom/5550_ros2_ws/build/example_cpp' returned '0': CMAKE_PREFIX_PATH=${CMAKE_PREFIX_PATH}:/home/yahboom/5550_ros2_ws/install/drone_description:/opt/ros/humble /usr/bin/cmake --install /home/yahboom/5550_ros2_ws/build/example_cpp
