[0.596s] Invoking command in '/home/yahboom/5550_ros2_ws/src/yahboomcar_nav': PYTHONPATH=/home/yahboom/5550_ros2_ws/build/yahboomcar_nav/prefix_override:/home/yahboom/5550_ros2_ws/install/yahboomcar_nav/lib/python3.10/site-packages:${PYTHONPATH} /usr/bin/python3 -W ignore:setup.py install is deprecated setup.py egg_info --egg-base ../../build/yahboomcar_nav build --build-base /home/yahboom/5550_ros2_ws/build/yahboomcar_nav/build install --record /home/yahboom/5550_ros2_ws/build/yahboomcar_nav/install.log --single-version-externally-managed install_data
[0.774s] running egg_info
[0.775s] writing ../../build/yahboomcar_nav/yahboomcar_nav.egg-info/PKG-INFO
[0.776s] writing dependency_links to ../../build/yahboomcar_nav/yahboomcar_nav.egg-info/dependency_links.txt
[0.776s] writing entry points to ../../build/yahboomcar_nav/yahboomcar_nav.egg-info/entry_points.txt
[0.776s] writing requirements to ../../build/yahboomcar_nav/yahboomcar_nav.egg-info/requires.txt
[0.776s] writing top-level names to ../../build/yahboomcar_nav/yahboomcar_nav.egg-info/top_level.txt
[0.777s] reading manifest file '../../build/yahboomcar_nav/yahboomcar_nav.egg-info/SOURCES.txt'
[0.779s] writing manifest file '../../build/yahboomcar_nav/yahboomcar_nav.egg-info/SOURCES.txt'
[0.779s] running build
[0.779s] running build_py
[0.779s] running install
[0.779s] running install_lib
[0.780s] running install_data
[0.781s] running install_egg_info
[0.783s] removing '/home/yahboom/5550_ros2_ws/install/yahboomcar_nav/lib/python3.10/site-packages/yahboomcar_nav-0.0.0-py3.10.egg-info' (and everything under it)
[0.783s] Copying ../../build/yahboomcar_nav/yahboomcar_nav.egg-info to /home/yahboom/5550_ros2_ws/install/yahboomcar_nav/lib/python3.10/site-packages/yahboomcar_nav-0.0.0-py3.10.egg-info
[0.784s] running install_scripts
[0.799s] writing list of installed files to '/home/yahboom/5550_ros2_ws/build/yahboomcar_nav/install.log'
[0.813s] Invoked command in '/home/yahboom/5550_ros2_ws/src/yahboomcar_nav' returned '0': PYTHONPATH=/home/yahboom/5550_ros2_ws/build/yahboomcar_nav/prefix_override:/home/yahboom/5550_ros2_ws/install/yahboomcar_nav/lib/python3.10/site-packages:${PYTHONPATH} /usr/bin/python3 -W ignore:setup.py install is deprecated setup.py egg_info --egg-base ../../build/yahboomcar_nav build --build-base /home/yahboom/5550_ros2_ws/build/yahboomcar_nav/build install --record /home/yahboom/5550_ros2_ws/build/yahboomcar_nav/install.log --single-version-externally-managed install_data
