[0.188s] Invoking command in '/home/yahboom/5550_ros2_ws/build/example_cpp': CMAKE_PREFIX_PATH=${CMAKE_PREFIX_PATH}:/home/yahboom/5550_ros2_ws/install/drone_description:/opt/ros/humble /usr/bin/cmake /home/yahboom/5550_ros2_ws/src/example_cpp -DCMAKE_INSTALL_PREFIX=/home/yahboom/5550_ros2_ws/install/example_cpp
[0.203s] -- Found ament_cmake: 1.3.8 (/opt/ros/humble/share/ament_cmake/cmake)
[0.310s] -- Override CMake install command with custom implementation using symlinks instead of copying resources
[0.330s] -- Found rclcpp: 16.0.8 (/opt/ros/humble/share/rclcpp/cmake)
[0.381s] -- Found rosidl_generator_c: 3.1.5 (/opt/ros/humble/share/rosidl_generator_c/cmake)
[0.385s] -- Found rosidl_adapter: 3.1.5 (/opt/ros/humble/share/rosidl_adapter/cmake)
[0.396s] -- Found rosidl_generator_cpp: 3.1.5 (/opt/ros/humble/share/rosidl_generator_cpp/cmake)
[0.412s] -- Using all available rosidl_typesupport_c: rosidl_typesupport_fastrtps_c;rosidl_typesupport_introspection_c
[0.433s] -- Using all available rosidl_typesupport_cpp: rosidl_typesupport_fastrtps_cpp;rosidl_typesupport_introspection_cpp
[0.500s] -- Found rmw_implementation_cmake: 6.1.1 (/opt/ros/humble/share/rmw_implementation_cmake/cmake)
[0.503s] -- Found rmw_fastrtps_cpp: 6.2.6 (/opt/ros/humble/share/rmw_fastrtps_cpp/cmake)
[0.615s] -- Using RMW implementation 'rmw_fastrtps_cpp' as default
[0.771s] -- Found ament_lint_auto: 0.12.10 (/opt/ros/humble/share/ament_lint_auto/cmake)
[0.836s] -- Added test 'cppcheck' to perform static code analysis on C / C++ code
[0.836s] -- Configured cppcheck include dirs: 
[0.836s] -- Configured cppcheck exclude dirs and/or files: 
[0.836s] -- Added test 'flake8' to check Python code syntax and style conventions
[0.836s] -- Added test 'lint_cmake' to check CMake code style
[0.837s] -- Added test 'pep257' to check Python code against some of the docstring style conventions in PEP 257
[0.838s] -- Added test 'uncrustify' to check C / C++ code style
[0.838s] -- Configured uncrustify additional arguments: 
[0.838s] -- Added test 'xmllint' to check XML markup files
[0.841s] -- Configuring done
[0.852s] -- Generating done
[0.853s] -- Build files have been written to: /home/yahboom/5550_ros2_ws/build/example_cpp
[0.860s] Invoked command in '/home/yahboom/5550_ros2_ws/build/example_cpp' returned '0': CMAKE_PREFIX_PATH=${CMAKE_PREFIX_PATH}:/home/yahboom/5550_ros2_ws/install/drone_description:/opt/ros/humble /usr/bin/cmake /home/yahboom/5550_ros2_ws/src/example_cpp -DCMAKE_INSTALL_PREFIX=/home/yahboom/5550_ros2_ws/install/example_cpp
[0.860s] Invoking command in '/home/yahboom/5550_ros2_ws/build/example_cpp': CMAKE_PREFIX_PATH=${CMAKE_PREFIX_PATH}:/home/yahboom/5550_ros2_ws/install/drone_description:/opt/ros/humble /usr/bin/cmake --build /home/yahboom/5550_ros2_ws/build/example_cpp -- -j4 -l4
[0.894s] [35m[1mConsolidate compiler generated dependencies of target node_01[0m
[0.908s] [100%] Built target node_01
[0.915s] Invoked command in '/home/yahboom/5550_ros2_ws/build/example_cpp' returned '0': CMAKE_PREFIX_PATH=${CMAKE_PREFIX_PATH}:/home/yahboom/5550_ros2_ws/install/drone_description:/opt/ros/humble /usr/bin/cmake --build /home/yahboom/5550_ros2_ws/build/example_cpp -- -j4 -l4
[0.945s] Invoking command in '/home/yahboom/5550_ros2_ws/build/example_cpp': CMAKE_PREFIX_PATH=${CMAKE_PREFIX_PATH}:/home/yahboom/5550_ros2_ws/install/drone_description:/opt/ros/humble /usr/bin/cmake --install /home/yahboom/5550_ros2_ws/build/example_cpp
[0.951s] -- Install configuration: ""
[0.951s] -- Execute custom install script
[0.951s] -- Up-to-date symlink: /home/yahboom/5550_ros2_ws/install/example_cpp/share/ament_index/resource_index/package_run_dependencies/example_cpp
[0.953s] -- Up-to-date symlink: /home/yahboom/5550_ros2_ws/install/example_cpp/share/ament_index/resource_index/parent_prefix_path/example_cpp
[0.954s] -- Up-to-date symlink: /home/yahboom/5550_ros2_ws/install/example_cpp/share/example_cpp/environment/ament_prefix_path.sh
[0.954s] -- Up-to-date symlink: /home/yahboom/5550_ros2_ws/install/example_cpp/share/example_cpp/environment/ament_prefix_path.dsv
[0.954s] -- Up-to-date symlink: /home/yahboom/5550_ros2_ws/install/example_cpp/share/example_cpp/environment/path.sh
[0.954s] -- Up-to-date symlink: /home/yahboom/5550_ros2_ws/install/example_cpp/share/example_cpp/environment/path.dsv
[0.955s] -- Up-to-date symlink: /home/yahboom/5550_ros2_ws/install/example_cpp/share/example_cpp/local_setup.bash
[0.955s] -- Up-to-date symlink: /home/yahboom/5550_ros2_ws/install/example_cpp/share/example_cpp/local_setup.sh
[0.955s] -- Up-to-date symlink: /home/yahboom/5550_ros2_ws/install/example_cpp/share/example_cpp/local_setup.zsh
[0.956s] -- Up-to-date symlink: /home/yahboom/5550_ros2_ws/install/example_cpp/share/example_cpp/local_setup.dsv
[0.956s] -- Symlinking: /home/yahboom/5550_ros2_ws/install/example_cpp/share/example_cpp/package.dsv
[0.963s] -- Up-to-date symlink: /home/yahboom/5550_ros2_ws/install/example_cpp/share/ament_index/resource_index/packages/example_cpp
[0.964s] -- Up-to-date symlink: /home/yahboom/5550_ros2_ws/install/example_cpp/share/example_cpp/cmake/example_cppConfig.cmake
[0.964s] -- Up-to-date symlink: /home/yahboom/5550_ros2_ws/install/example_cpp/share/example_cpp/cmake/example_cppConfig-version.cmake
[0.964s] -- Up-to-date symlink: /home/yahboom/5550_ros2_ws/install/example_cpp/share/example_cpp/package.xml
[0.965s] -- Up-to-date symlink: /home/yahboom/5550_ros2_ws/install/example_cpp/lib/example_cpp/node_01
[0.966s] -- Up-to-date symlink: /home/yahboom/5550_ros2_ws/install/example_cpp/share/example_cpp/launch/1node_launch.py
[0.967s] Invoked command in '/home/yahboom/5550_ros2_ws/build/example_cpp' returned '0': CMAKE_PREFIX_PATH=${CMAKE_PREFIX_PATH}:/home/yahboom/5550_ros2_ws/install/drone_description:/opt/ros/humble /usr/bin/cmake --install /home/yahboom/5550_ros2_ws/build/example_cpp
