[0.181s] Invoking command in '/home/yahboom/5550_ros2_ws/build/drone_navigation2': /usr/bin/cmake /home/yahboom/5550_ros2_ws/src/drone_navigation2 -DCMAKE_INSTALL_PREFIX=/home/yahboom/5550_ros2_ws/install/drone_navigation2
[0.343s] -- The C compiler identification is GNU 11.4.0
[0.439s] -- The CXX compiler identification is GNU 11.4.0
[0.450s] -- Detecting C compiler ABI info
[0.509s] -- Detecting C compiler ABI info - done
[0.512s] -- Check for working C compiler: /usr/bin/cc - skipped
[0.513s] -- Detecting C compile features
[0.514s] -- Detecting C compile features - done
[0.519s] -- Detecting CXX compiler ABI info
[0.585s] -- Detecting CXX compiler ABI info - done
[0.589s] -- Check for working CXX compiler: /usr/bin/c++ - skipped
[0.589s] -- Detecting CXX compile features
[0.589s] -- Detecting CXX compile features - done
[0.595s] -- Found ament_cmake: 1.3.8 (/opt/ros/humble/share/ament_cmake/cmake)
[0.701s] -- Found Python3: /usr/bin/python3 (found version "3.10.12") found components: Interpreter 
[0.796s] -- Found nav2_bringup: 1.1.18 (/opt/ros/humble/share/nav2_bringup/cmake)
[0.798s] -- Found ament_lint_auto: 0.12.10 (/opt/ros/humble/share/ament_lint_auto/cmake)
[0.835s] Error parsing '/home/yahboom/5550_ros2_ws/src/drone_navigation2/package.xml':
[0.875s] Traceback (most recent call last):
[0.875s]   File "/opt/ros/humble/share/ament_cmake_core/cmake/core/package_xml_2_cmake.py", line 150, in <module>
[0.875s]     main()
[0.875s]   File "/opt/ros/humble/share/ament_cmake_core/cmake/core/package_xml_2_cmake.py", line 53, in main
[0.875s]     raise e
[0.875s]   File "/opt/ros/humble/share/ament_cmake_core/cmake/core/package_xml_2_cmake.py", line 49, in main
[0.875s]     package = parse_package_string(
[0.875s]   File "/usr/lib/python3/dist-packages/catkin_pkg/package.py", line 786, in parse_package_string
[0.876s]     raise InvalidPackage('Error(s):%s' % (''.join(['\n- %s' % e for e in errors])), filename)
[0.876s] catkin_pkg.package.InvalidPackage: Error(s) in package '/home/yahboom/5550_ros2_ws/src/drone_navigation2/package.xml':
[0.876s] Error(s):
[0.876s] - The generic dependency on 'nav2_bringup' is redundant with: exec_depend
[0.884s] [31mCMake Error at /opt/ros/humble/share/ament_cmake_core/cmake/core/ament_package_xml.cmake:95 (message):
[0.884s]   execute_process(/usr/bin/python3
[0.884s]   /opt/ros/humble/share/ament_cmake_core/cmake/core/package_xml_2_cmake.py
[0.884s]   /home/yahboom/5550_ros2_ws/src/drone_navigation2/package.xml
[0.884s]   /home/yahboom/5550_ros2_ws/build/drone_navigation2/ament_cmake_core/package.cmake)
[0.884s]   returned error code 1
[0.884s] Call Stack (most recent call first):
[0.884s]   /opt/ros/humble/share/ament_cmake_core/cmake/core/ament_package_xml.cmake:49 (_ament_package_xml)
[0.884s]   /opt/ros/humble/share/ament_lint_auto/cmake/ament_lint_auto_find_test_dependencies.cmake:31 (ament_package_xml)
[0.884s]   CMakeLists.txt:21 (ament_lint_auto_find_test_dependencies)
[0.884s] 
[0.884s] [0m
[0.884s] -- Configuring incomplete, errors occurred!
[0.884s] See also "/home/yahboom/5550_ros2_ws/build/drone_navigation2/CMakeFiles/CMakeOutput.log".
[0.887s] Invoked command in '/home/yahboom/5550_ros2_ws/build/drone_navigation2' returned '1': /usr/bin/cmake /home/yahboom/5550_ros2_ws/src/drone_navigation2 -DCMAKE_INSTALL_PREFIX=/home/yahboom/5550_ros2_ws/install/drone_navigation2
