-- Install configuration: ""
-- Up-to-date: /home/yahboom/5550_ros2_ws/install/drone_navigation2/share/drone_navigation2/launch
-- Installing: /home/yahboom/5550_ros2_ws/install/drone_navigation2/share/drone_navigation2/launch/nav2_bringup_real.launch.py
-- Up-to-date: /home/yahboom/5550_ros2_ws/install/drone_navigation2/share/drone_navigation2/launch/navigation2.launch.py
-- Up-to-date: /home/yahboom/5550_ros2_ws/install/drone_navigation2/share/drone_navigation2/param
-- Up-to-date: /home/yahboom/5550_ros2_ws/install/drone_navigation2/share/drone_navigation2/param/drone_nav2.yaml
-- Up-to-date: /home/yahboom/5550_ros2_ws/install/drone_navigation2/share/drone_navigation2/maps
-- Up-to-date: /home/yahboom/5550_ros2_ws/install/drone_navigation2/share/drone_navigation2/maps/room5_map.yaml
-- Up-to-date: /home/yahboom/5550_ros2_ws/install/drone_navigation2/share/drone_navigation2/maps/drone_map.pgm
-- Up-to-date: /home/yahboom/5550_ros2_ws/install/drone_navigation2/share/drone_navigation2/maps/map.yaml
-- Up-to-date: /home/yahboom/5550_ros2_ws/install/drone_navigation2/share/drone_navigation2/maps/drone_map.yaml
-- Up-to-date: /home/yahboom/5550_ros2_ws/install/drone_navigation2/share/drone_navigation2/maps/room5_map.pgm
-- Up-to-date: /home/yahboom/5550_ros2_ws/install/drone_navigation2/share/drone_navigation2/maps/map.pgm
-- Up-to-date: /home/yahboom/5550_ros2_ws/install/drone_navigation2/share/ament_index/resource_index/package_run_dependencies/drone_navigation2
-- Up-to-date: /home/yahboom/5550_ros2_ws/install/drone_navigation2/share/ament_index/resource_index/parent_prefix_path/drone_navigation2
-- Up-to-date: /home/yahboom/5550_ros2_ws/install/drone_navigation2/share/drone_navigation2/environment/ament_prefix_path.sh
-- Up-to-date: /home/yahboom/5550_ros2_ws/install/drone_navigation2/share/drone_navigation2/environment/ament_prefix_path.dsv
-- Up-to-date: /home/yahboom/5550_ros2_ws/install/drone_navigation2/share/drone_navigation2/environment/path.sh
-- Up-to-date: /home/yahboom/5550_ros2_ws/install/drone_navigation2/share/drone_navigation2/environment/path.dsv
-- Up-to-date: /home/yahboom/5550_ros2_ws/install/drone_navigation2/share/drone_navigation2/local_setup.bash
-- Up-to-date: /home/yahboom/5550_ros2_ws/install/drone_navigation2/share/drone_navigation2/local_setup.sh
-- Up-to-date: /home/yahboom/5550_ros2_ws/install/drone_navigation2/share/drone_navigation2/local_setup.zsh
-- Up-to-date: /home/yahboom/5550_ros2_ws/install/drone_navigation2/share/drone_navigation2/local_setup.dsv
-- Installing: /home/yahboom/5550_ros2_ws/install/drone_navigation2/share/drone_navigation2/package.dsv
-- Up-to-date: /home/yahboom/5550_ros2_ws/install/drone_navigation2/share/ament_index/resource_index/packages/drone_navigation2
-- Up-to-date: /home/yahboom/5550_ros2_ws/install/drone_navigation2/share/drone_navigation2/cmake/drone_navigation2Config.cmake
-- Up-to-date: /home/yahboom/5550_ros2_ws/install/drone_navigation2/share/drone_navigation2/cmake/drone_navigation2Config-version.cmake
-- Up-to-date: /home/yahboom/5550_ros2_ws/install/drone_navigation2/share/drone_navigation2/package.xml
