[0.011s] Invoking command in '/home/yahboom/5550_ros2_ws/build/ydlidar_ros2_driver': CMAKE_PREFIX_PATH=${CMAKE_PREFIX_PATH}:/home/yahboom/5550_ros2_ws/install/yahboomcar_nav:/home/yahboom/5550_ros2_ws/install/drone_description:/opt/ros/humble /usr/bin/cmake --build /home/yahboom/5550_ros2_ws/build/ydlidar_ros2_driver -- -j4 -l4
[0.075s] [ 50%] Built target ydlidar_ros2_driver_node
[0.079s] [100%] Built target ydlidar_ros2_driver_client
[0.088s] Invoked command in '/home/yahboom/5550_ros2_ws/build/ydlidar_ros2_driver' returned '0': CMAKE_PREFIX_PATH=${CMAKE_PREFIX_PATH}:/home/yahboom/5550_ros2_ws/install/yahboomcar_nav:/home/yahboom/5550_ros2_ws/install/drone_description:/opt/ros/humble /usr/bin/cmake --build /home/yahboom/5550_ros2_ws/build/ydlidar_ros2_driver -- -j4 -l4
[0.128s] Invoking command in '/home/yahboom/5550_ros2_ws/build/ydlidar_ros2_driver': CMAKE_PREFIX_PATH=${CMAKE_PREFIX_PATH}:/home/yahboom/5550_ros2_ws/install/yahboomcar_nav:/home/yahboom/5550_ros2_ws/install/drone_description:/opt/ros/humble /usr/bin/cmake --install /home/yahboom/5550_ros2_ws/build/ydlidar_ros2_driver
[0.135s] -- Install configuration: ""
[0.136s] -- Up-to-date: /home/yahboom/5550_ros2_ws/install/ydlidar_ros2_driver/lib/ydlidar_ros2_driver/ydlidar_ros2_driver_node
[0.137s] -- Up-to-date: /home/yahboom/5550_ros2_ws/install/ydlidar_ros2_driver/lib/ydlidar_ros2_driver/ydlidar_ros2_driver_client
[0.138s] -- Up-to-date: /home/yahboom/5550_ros2_ws/install/ydlidar_ros2_driver/share/ydlidar_ros2_driver/launch
[0.138s] -- Up-to-date: /home/yahboom/5550_ros2_ws/install/ydlidar_ros2_driver/share/ydlidar_ros2_driver/launch/ydlidar.py
[0.138s] -- Up-to-date: /home/yahboom/5550_ros2_ws/install/ydlidar_ros2_driver/share/ydlidar_ros2_driver/launch/ydlidar_launch.py
[0.138s] -- Up-to-date: /home/yahboom/5550_ros2_ws/install/ydlidar_ros2_driver/share/ydlidar_ros2_driver/launch/ydlidar_launch_view.py
[0.138s] -- Up-to-date: /home/yahboom/5550_ros2_ws/install/ydlidar_ros2_driver/share/ydlidar_ros2_driver/params
[0.138s] -- Up-to-date: /home/yahboom/5550_ros2_ws/install/ydlidar_ros2_driver/share/ydlidar_ros2_driver/params/X4-Pro.yaml
[0.138s] -- Up-to-date: /home/yahboom/5550_ros2_ws/install/ydlidar_ros2_driver/share/ydlidar_ros2_driver/params/TG.yaml
[0.139s] -- Up-to-date: /home/yahboom/5550_ros2_ws/install/ydlidar_ros2_driver/share/ydlidar_ros2_driver/params/TEA.yaml
[0.139s] -- Up-to-date: /home/yahboom/5550_ros2_ws/install/ydlidar_ros2_driver/share/ydlidar_ros2_driver/params/X2.yaml
[0.139s] -- Up-to-date: /home/yahboom/5550_ros2_ws/install/ydlidar_ros2_driver/share/ydlidar_ros2_driver/params/G2.yaml
[0.139s] -- Up-to-date: /home/yahboom/5550_ros2_ws/install/ydlidar_ros2_driver/share/ydlidar_ros2_driver/params/G1.yaml
[0.139s] -- Up-to-date: /home/yahboom/5550_ros2_ws/install/ydlidar_ros2_driver/share/ydlidar_ros2_driver/params/ydlidar.yaml
[0.139s] -- Up-to-date: /home/yahboom/5550_ros2_ws/install/ydlidar_ros2_driver/share/ydlidar_ros2_driver/params/G6.yaml
[0.139s] -- Up-to-date: /home/yahboom/5550_ros2_ws/install/ydlidar_ros2_driver/share/ydlidar_ros2_driver/params/GS2.yaml
[0.139s] -- Up-to-date: /home/yahboom/5550_ros2_ws/install/ydlidar_ros2_driver/share/ydlidar_ros2_driver/params/X4.yaml
[0.140s] -- Up-to-date: /home/yahboom/5550_ros2_ws/install/ydlidar_ros2_driver/share/ydlidar_ros2_driver/params/TminiPro.yaml
[0.140s] -- Up-to-date: /home/yahboom/5550_ros2_ws/install/ydlidar_ros2_driver/share/ydlidar_ros2_driver/startup
[0.140s] -- Up-to-date: /home/yahboom/5550_ros2_ws/install/ydlidar_ros2_driver/share/ydlidar_ros2_driver/startup/initenv.sh
[0.140s] -- Up-to-date: /home/yahboom/5550_ros2_ws/install/ydlidar_ros2_driver/share/ydlidar_ros2_driver/config
[0.140s] -- Up-to-date: /home/yahboom/5550_ros2_ws/install/ydlidar_ros2_driver/share/ydlidar_ros2_driver/config/ydlidar.rviz
[0.140s] -- Up-to-date: /home/yahboom/5550_ros2_ws/install/ydlidar_ros2_driver/share/ament_index/resource_index/package_run_dependencies/ydlidar_ros2_driver
[0.140s] -- Up-to-date: /home/yahboom/5550_ros2_ws/install/ydlidar_ros2_driver/share/ament_index/resource_index/parent_prefix_path/ydlidar_ros2_driver
[0.140s] -- Up-to-date: /home/yahboom/5550_ros2_ws/install/ydlidar_ros2_driver/share/ydlidar_ros2_driver/environment/ament_prefix_path.sh
[0.140s] -- Up-to-date: /home/yahboom/5550_ros2_ws/install/ydlidar_ros2_driver/share/ydlidar_ros2_driver/environment/ament_prefix_path.dsv
[0.140s] -- Up-to-date: /home/yahboom/5550_ros2_ws/install/ydlidar_ros2_driver/share/ydlidar_ros2_driver/environment/path.sh
[0.141s] -- Up-to-date: /home/yahboom/5550_ros2_ws/install/ydlidar_ros2_driver/share/ydlidar_ros2_driver/environment/path.dsv
[0.141s] -- Up-to-date: /home/yahboom/5550_ros2_ws/install/ydlidar_ros2_driver/share/ydlidar_ros2_driver/local_setup.bash
[0.141s] -- Up-to-date: /home/yahboom/5550_ros2_ws/install/ydlidar_ros2_driver/share/ydlidar_ros2_driver/local_setup.sh
[0.141s] -- Up-to-date: /home/yahboom/5550_ros2_ws/install/ydlidar_ros2_driver/share/ydlidar_ros2_driver/local_setup.zsh
[0.142s] -- Up-to-date: /home/yahboom/5550_ros2_ws/install/ydlidar_ros2_driver/share/ydlidar_ros2_driver/local_setup.dsv
[0.143s] -- Installing: /home/yahboom/5550_ros2_ws/install/ydlidar_ros2_driver/share/ydlidar_ros2_driver/package.dsv
[0.143s] -- Up-to-date: /home/yahboom/5550_ros2_ws/install/ydlidar_ros2_driver/share/ament_index/resource_index/packages/ydlidar_ros2_driver
[0.144s] -- Up-to-date: /home/yahboom/5550_ros2_ws/install/ydlidar_ros2_driver/share/ydlidar_ros2_driver/cmake/ydlidar_ros2_driverConfig.cmake
[0.144s] -- Up-to-date: /home/yahboom/5550_ros2_ws/install/ydlidar_ros2_driver/share/ydlidar_ros2_driver/cmake/ydlidar_ros2_driverConfig-version.cmake
[0.144s] -- Up-to-date: /home/yahboom/5550_ros2_ws/install/ydlidar_ros2_driver/share/ydlidar_ros2_driver/package.xml
[0.144s] Invoked command in '/home/yahboom/5550_ros2_ws/build/ydlidar_ros2_driver' returned '0': CMAKE_PREFIX_PATH=${CMAKE_PREFIX_PATH}:/home/yahboom/5550_ros2_ws/install/yahboomcar_nav:/home/yahboom/5550_ros2_ws/install/drone_description:/opt/ros/humble /usr/bin/cmake --install /home/yahboom/5550_ros2_ws/build/ydlidar_ros2_driver
