[0.070s] DEBUG:colcon:Command line arguments: ['/usr/bin/colcon', 'build', '--packages-select', 'drone_cartographer']
[0.070s] DEBUG:colcon:Parsed command line arguments: Namespace(log_base=None, log_level=None, verb_name='build', build_base='build', install_base='install', merge_install=False, symlink_install=False, test_result_base=None, continue_on_error=False, executor='parallel', parallel_workers=4, event_handlers=None, ignore_user_meta=False, metas=['./colcon.meta'], base_paths=['.'], packages_ignore=None, packages_ignore_regex=None, paths=None, packages_up_to=None, packages_up_to_regex=None, packages_above=None, packages_above_and_dependencies=None, packages_above_depth=None, packages_select_by_dep=None, packages_skip_by_dep=None, packages_skip_up_to=None, packages_select_build_failed=False, packages_skip_build_finished=False, packages_select_test_failures=False, packages_skip_test_passed=False, packages_select=['drone_cartographer'], packages_skip=None, packages_select_regex=None, packages_skip_regex=None, packages_start=None, packages_end=None, allow_overriding=[], cmake_args=None, cmake_target=None, cmake_target_skip_unavailable=False, cmake_clean_cache=False, cmake_clean_first=False, cmake_force_configure=False, ament_cmake_args=None, catkin_cmake_args=None, catkin_skip_building_tests=False, verb_parser=<colcon_defaults.argument_parser.defaults.DefaultArgumentsDecorator object at 0x75e03df1b850>, verb_extension=<colcon_core.verb.build.BuildVerb object at 0x75e03e0b9000>, main=<bound method BuildVerb.main of <colcon_core.verb.build.BuildVerb object at 0x75e03e0b9000>>)
[0.228s] Level 1:colcon.colcon_core.package_discovery:discover_packages(colcon_meta) check parameters
[0.229s] Level 1:colcon.colcon_core.package_discovery:discover_packages(recursive) check parameters
[0.229s] Level 1:colcon.colcon_core.package_discovery:discover_packages(ignore) check parameters
[0.229s] Level 1:colcon.colcon_core.package_discovery:discover_packages(path) check parameters
[0.229s] Level 1:colcon.colcon_core.package_discovery:discover_packages(colcon_meta) discover
[0.229s] Level 1:colcon.colcon_core.package_discovery:discover_packages(recursive) discover
[0.229s] INFO:colcon.colcon_core.package_discovery:Crawling recursively for packages in '/home/yahboom/5550_ros2_ws/src'
[0.229s] Level 1:colcon.colcon_core.package_identification:_identify(.) by extensions ['ignore', 'ignore_ament_install']
[0.229s] Level 1:colcon.colcon_core.package_identification:_identify(.) by extension 'ignore'
[0.229s] Level 1:colcon.colcon_core.package_identification:_identify(.) by extension 'ignore_ament_install'
[0.229s] Level 1:colcon.colcon_core.package_identification:_identify(.) by extensions ['colcon_pkg']
[0.229s] Level 1:colcon.colcon_core.package_identification:_identify(.) by extension 'colcon_pkg'
[0.229s] Level 1:colcon.colcon_core.package_identification:_identify(.) by extensions ['colcon_meta']
[0.229s] Level 1:colcon.colcon_core.package_identification:_identify(.) by extension 'colcon_meta'
[0.229s] Level 1:colcon.colcon_core.package_identification:_identify(.) by extensions ['ros']
[0.229s] Level 1:colcon.colcon_core.package_identification:_identify(.) by extension 'ros'
[0.239s] Level 1:colcon.colcon_core.package_identification:_identify(.) by extensions ['cmake', 'python']
[0.239s] Level 1:colcon.colcon_core.package_identification:_identify(.) by extension 'cmake'
[0.239s] Level 1:colcon.colcon_core.package_identification:_identify(.) by extension 'python'
[0.239s] Level 1:colcon.colcon_core.package_identification:_identify(.) by extensions ['python_setup_py']
[0.239s] Level 1:colcon.colcon_core.package_identification:_identify(.) by extension 'python_setup_py'
[0.239s] Level 1:colcon.colcon_core.package_identification:_identify(build) by extensions ['ignore', 'ignore_ament_install']
[0.239s] Level 1:colcon.colcon_core.package_identification:_identify(build) by extension 'ignore'
[0.239s] Level 1:colcon.colcon_core.package_identification:_identify(build) ignored
[0.239s] Level 1:colcon.colcon_core.package_identification:_identify(drone_cartographer) by extensions ['ignore', 'ignore_ament_install']
[0.239s] Level 1:colcon.colcon_core.package_identification:_identify(drone_cartographer) by extension 'ignore'
[0.239s] Level 1:colcon.colcon_core.package_identification:_identify(drone_cartographer) by extension 'ignore_ament_install'
[0.239s] Level 1:colcon.colcon_core.package_identification:_identify(drone_cartographer) by extensions ['colcon_pkg']
[0.239s] Level 1:colcon.colcon_core.package_identification:_identify(drone_cartographer) by extension 'colcon_pkg'
[0.239s] Level 1:colcon.colcon_core.package_identification:_identify(drone_cartographer) by extensions ['colcon_meta']
[0.239s] Level 1:colcon.colcon_core.package_identification:_identify(drone_cartographer) by extension 'colcon_meta'
[0.239s] Level 1:colcon.colcon_core.package_identification:_identify(drone_cartographer) by extensions ['ros']
[0.240s] Level 1:colcon.colcon_core.package_identification:_identify(drone_cartographer) by extension 'ros'
[0.241s] DEBUG:colcon.colcon_core.package_identification:Package 'drone_cartographer' with type 'ros.ament_cmake' and name 'drone_cartographer'
[0.241s] Level 1:colcon.colcon_core.package_identification:_identify(drone_description) by extensions ['ignore', 'ignore_ament_install']
[0.241s] Level 1:colcon.colcon_core.package_identification:_identify(drone_description) by extension 'ignore'
[0.241s] Level 1:colcon.colcon_core.package_identification:_identify(drone_description) by extension 'ignore_ament_install'
[0.241s] Level 1:colcon.colcon_core.package_identification:_identify(drone_description) by extensions ['colcon_pkg']
[0.241s] Level 1:colcon.colcon_core.package_identification:_identify(drone_description) by extension 'colcon_pkg'
[0.241s] Level 1:colcon.colcon_core.package_identification:_identify(drone_description) by extensions ['colcon_meta']
[0.241s] Level 1:colcon.colcon_core.package_identification:_identify(drone_description) by extension 'colcon_meta'
[0.241s] Level 1:colcon.colcon_core.package_identification:_identify(drone_description) by extensions ['ros']
[0.241s] Level 1:colcon.colcon_core.package_identification:_identify(drone_description) by extension 'ros'
[0.241s] DEBUG:colcon.colcon_core.package_identification:Package 'drone_description' with type 'ros.ament_python' and name 'drone_description'
[0.241s] Level 1:colcon.colcon_core.package_identification:_identify(example_cpp) by extensions ['ignore', 'ignore_ament_install']
[0.241s] Level 1:colcon.colcon_core.package_identification:_identify(example_cpp) by extension 'ignore'
[0.241s] Level 1:colcon.colcon_core.package_identification:_identify(example_cpp) by extension 'ignore_ament_install'
[0.242s] Level 1:colcon.colcon_core.package_identification:_identify(example_cpp) by extensions ['colcon_pkg']
[0.242s] Level 1:colcon.colcon_core.package_identification:_identify(example_cpp) by extension 'colcon_pkg'
[0.242s] Level 1:colcon.colcon_core.package_identification:_identify(example_cpp) by extensions ['colcon_meta']
[0.242s] Level 1:colcon.colcon_core.package_identification:_identify(example_cpp) by extension 'colcon_meta'
[0.242s] Level 1:colcon.colcon_core.package_identification:_identify(example_cpp) by extensions ['ros']
[0.242s] Level 1:colcon.colcon_core.package_identification:_identify(example_cpp) by extension 'ros'
[0.242s] DEBUG:colcon.colcon_core.package_identification:Package 'example_cpp' with type 'ros.ament_cmake' and name 'example_cpp'
[0.242s] Level 1:colcon.colcon_core.package_identification:_identify(install) by extensions ['ignore', 'ignore_ament_install']
[0.242s] Level 1:colcon.colcon_core.package_identification:_identify(install) by extension 'ignore'
[0.242s] Level 1:colcon.colcon_core.package_identification:_identify(install) ignored
[0.242s] Level 1:colcon.colcon_core.package_identification:_identify(log) by extensions ['ignore', 'ignore_ament_install']
[0.242s] Level 1:colcon.colcon_core.package_identification:_identify(log) by extension 'ignore'
[0.242s] Level 1:colcon.colcon_core.package_identification:_identify(log) ignored
[0.242s] Level 1:colcon.colcon_core.package_discovery:discover_packages(recursive) using defaults
[0.242s] Level 1:colcon.colcon_core.package_discovery:discover_packages(ignore) discover
[0.242s] Level 1:colcon.colcon_core.package_discovery:discover_packages(ignore) using defaults
[0.242s] Level 1:colcon.colcon_core.package_discovery:discover_packages(path) discover
[0.242s] Level 1:colcon.colcon_core.package_discovery:discover_packages(path) using defaults
[0.263s] INFO:colcon.colcon_core.package_selection:Skipping not selected package 'drone_description' in 'drone_description'
[0.263s] INFO:colcon.colcon_core.package_selection:Skipping not selected package 'example_cpp' in 'example_cpp'
[0.263s] Level 1:colcon.colcon_core.package_discovery:discover_packages(prefix_path) check parameters
[0.263s] Level 1:colcon.colcon_core.package_discovery:discover_packages(prefix_path) discover
[0.265s] DEBUG:colcon.colcon_installed_package_information.package_discovery:Found 3 installed packages in /home/yahboom/5550_ros2_ws/install
[0.266s] DEBUG:colcon.colcon_installed_package_information.package_discovery:Found 4 installed packages in /home/yahboom/yahboomcar_ws/install
[0.268s] DEBUG:colcon.colcon_installed_package_information.package_discovery:Found 301 installed packages in /opt/ros/humble
[0.269s] Level 1:colcon.colcon_core.package_discovery:discover_packages(prefix_path) using defaults
[0.294s] Level 5:colcon.colcon_core.verb:set package 'drone_cartographer' build argument 'cmake_args' from command line to 'None'
[0.294s] Level 5:colcon.colcon_core.verb:set package 'drone_cartographer' build argument 'cmake_target' from command line to 'None'
[0.294s] Level 5:colcon.colcon_core.verb:set package 'drone_cartographer' build argument 'cmake_target_skip_unavailable' from command line to 'False'
[0.294s] Level 5:colcon.colcon_core.verb:set package 'drone_cartographer' build argument 'cmake_clean_cache' from command line to 'False'
[0.294s] Level 5:colcon.colcon_core.verb:set package 'drone_cartographer' build argument 'cmake_clean_first' from command line to 'False'
[0.294s] Level 5:colcon.colcon_core.verb:set package 'drone_cartographer' build argument 'cmake_force_configure' from command line to 'False'
[0.294s] Level 5:colcon.colcon_core.verb:set package 'drone_cartographer' build argument 'ament_cmake_args' from command line to 'None'
[0.294s] Level 5:colcon.colcon_core.verb:set package 'drone_cartographer' build argument 'catkin_cmake_args' from command line to 'None'
[0.294s] Level 5:colcon.colcon_core.verb:set package 'drone_cartographer' build argument 'catkin_skip_building_tests' from command line to 'False'
[0.294s] DEBUG:colcon.colcon_core.verb:Building package 'drone_cartographer' with the following arguments: {'ament_cmake_args': None, 'build_base': '/home/yahboom/5550_ros2_ws/src/build/drone_cartographer', 'catkin_cmake_args': None, 'catkin_skip_building_tests': False, 'cmake_args': None, 'cmake_clean_cache': False, 'cmake_clean_first': False, 'cmake_force_configure': False, 'cmake_target': None, 'cmake_target_skip_unavailable': False, 'install_base': '/home/yahboom/5550_ros2_ws/src/install/drone_cartographer', 'merge_install': False, 'path': '/home/yahboom/5550_ros2_ws/src/drone_cartographer', 'symlink_install': False, 'test_result_base': None}
[0.294s] INFO:colcon.colcon_core.executor:Executing jobs using 'parallel' executor
[0.295s] DEBUG:colcon.colcon_parallel_executor.executor.parallel:run_until_complete
[0.295s] INFO:colcon.colcon_ros.task.ament_cmake.build:Building ROS package in '/home/yahboom/5550_ros2_ws/src/drone_cartographer' with build type 'ament_cmake'
[0.295s] INFO:colcon.colcon_cmake.task.cmake.build:Building CMake package in '/home/yahboom/5550_ros2_ws/src/drone_cartographer'
[0.299s] INFO:colcon.colcon_core.plugin_system:Skipping extension 'colcon_core.shell.bat': Not used on non-Windows systems
[0.299s] INFO:colcon.colcon_core.shell:Skip shell extension 'powershell' for command environment: Not usable outside of PowerShell
[0.299s] DEBUG:colcon.colcon_core.shell:Skip shell extension 'dsv' for command environment
[0.307s] DEBUG:colcon.colcon_core.event_handler.log_command:Invoking command in '/home/yahboom/5550_ros2_ws/src/build/drone_cartographer': CMAKE_PREFIX_PATH=${CMAKE_PREFIX_PATH}:/home/yahboom/5550_ros2_ws/install/drone_description:/opt/ros/humble /usr/bin/cmake /home/yahboom/5550_ros2_ws/src/drone_cartographer -DCMAKE_INSTALL_PREFIX=/home/yahboom/5550_ros2_ws/src/install/drone_cartographer
[1.059s] DEBUG:colcon.colcon_core.event_handler.log_command:Invoked command in '/home/yahboom/5550_ros2_ws/src/build/drone_cartographer' returned '0': CMAKE_PREFIX_PATH=${CMAKE_PREFIX_PATH}:/home/yahboom/5550_ros2_ws/install/drone_description:/opt/ros/humble /usr/bin/cmake /home/yahboom/5550_ros2_ws/src/drone_cartographer -DCMAKE_INSTALL_PREFIX=/home/yahboom/5550_ros2_ws/src/install/drone_cartographer
[1.059s] DEBUG:colcon.colcon_core.event_handler.log_command:Invoking command in '/home/yahboom/5550_ros2_ws/src/build/drone_cartographer': CMAKE_PREFIX_PATH=${CMAKE_PREFIX_PATH}:/home/yahboom/5550_ros2_ws/install/drone_description:/opt/ros/humble /usr/bin/cmake --build /home/yahboom/5550_ros2_ws/src/build/drone_cartographer -- -j4 -l4
[1.088s] DEBUG:colcon.colcon_core.event_handler.log_command:Invoked command in '/home/yahboom/5550_ros2_ws/src/build/drone_cartographer' returned '0': CMAKE_PREFIX_PATH=${CMAKE_PREFIX_PATH}:/home/yahboom/5550_ros2_ws/install/drone_description:/opt/ros/humble /usr/bin/cmake --build /home/yahboom/5550_ros2_ws/src/build/drone_cartographer -- -j4 -l4
[1.115s] DEBUG:colcon.colcon_core.event_handler.log_command:Invoking command in '/home/yahboom/5550_ros2_ws/src/build/drone_cartographer': CMAKE_PREFIX_PATH=${CMAKE_PREFIX_PATH}:/home/yahboom/5550_ros2_ws/install/drone_description:/opt/ros/humble /usr/bin/cmake --install /home/yahboom/5550_ros2_ws/src/build/drone_cartographer
[1.123s] Level 1:colcon.colcon_core.environment:create_environment_scripts_only(drone_cartographer)
[1.124s] DEBUG:colcon.colcon_core.event_handler.log_command:Invoked command in '/home/yahboom/5550_ros2_ws/src/build/drone_cartographer' returned '0': CMAKE_PREFIX_PATH=${CMAKE_PREFIX_PATH}:/home/yahboom/5550_ros2_ws/install/drone_description:/opt/ros/humble /usr/bin/cmake --install /home/yahboom/5550_ros2_ws/src/build/drone_cartographer
[1.125s] Level 1:colcon.colcon_core.environment:checking '/home/yahboom/5550_ros2_ws/src/install/drone_cartographer' for CMake module files
[1.126s] Level 1:colcon.colcon_core.environment:checking '/home/yahboom/5550_ros2_ws/src/install/drone_cartographer' for CMake config files
[1.126s] Level 1:colcon.colcon_core.shell:create_environment_hook('drone_cartographer', 'cmake_prefix_path')
[1.126s] INFO:colcon.colcon_core.shell:Creating environment hook '/home/yahboom/5550_ros2_ws/src/install/drone_cartographer/share/drone_cartographer/hook/cmake_prefix_path.ps1'
[1.126s] INFO:colcon.colcon_core.shell:Creating environment descriptor '/home/yahboom/5550_ros2_ws/src/install/drone_cartographer/share/drone_cartographer/hook/cmake_prefix_path.dsv'
[1.127s] INFO:colcon.colcon_core.shell:Creating environment hook '/home/yahboom/5550_ros2_ws/src/install/drone_cartographer/share/drone_cartographer/hook/cmake_prefix_path.sh'
[1.127s] Level 1:colcon.colcon_core.environment:checking '/home/yahboom/5550_ros2_ws/src/install/drone_cartographer/bin'
[1.127s] Level 1:colcon.colcon_core.environment:checking '/home/yahboom/5550_ros2_ws/src/install/drone_cartographer/lib/pkgconfig/drone_cartographer.pc'
[1.127s] Level 1:colcon.colcon_core.environment:checking '/home/yahboom/5550_ros2_ws/src/install/drone_cartographer/lib/python3.10/site-packages'
[1.127s] Level 1:colcon.colcon_core.environment:checking '/home/yahboom/5550_ros2_ws/src/install/drone_cartographer/bin'
[1.127s] INFO:colcon.colcon_core.shell:Creating package script '/home/yahboom/5550_ros2_ws/src/install/drone_cartographer/share/drone_cartographer/package.ps1'
[1.128s] INFO:colcon.colcon_core.shell:Creating package descriptor '/home/yahboom/5550_ros2_ws/src/install/drone_cartographer/share/drone_cartographer/package.dsv'
[1.128s] INFO:colcon.colcon_core.shell:Creating package script '/home/yahboom/5550_ros2_ws/src/install/drone_cartographer/share/drone_cartographer/package.sh'
[1.128s] INFO:colcon.colcon_core.shell:Creating package script '/home/yahboom/5550_ros2_ws/src/install/drone_cartographer/share/drone_cartographer/package.bash'
[1.129s] INFO:colcon.colcon_core.shell:Creating package script '/home/yahboom/5550_ros2_ws/src/install/drone_cartographer/share/drone_cartographer/package.zsh'
[1.129s] Level 1:colcon.colcon_core.environment:create_file_with_runtime_dependencies(/home/yahboom/5550_ros2_ws/src/install/drone_cartographer/share/colcon-core/packages/drone_cartographer)
[1.151s] Level 1:colcon.colcon_core.environment:create_environment_scripts_only(drone_cartographer)
[1.151s] Level 1:colcon.colcon_core.environment:checking '/home/yahboom/5550_ros2_ws/src/install/drone_cartographer' for CMake module files
[1.151s] Level 1:colcon.colcon_core.environment:checking '/home/yahboom/5550_ros2_ws/src/install/drone_cartographer' for CMake config files
[1.152s] Level 1:colcon.colcon_core.shell:create_environment_hook('drone_cartographer', 'cmake_prefix_path')
[1.152s] INFO:colcon.colcon_core.shell:Creating environment hook '/home/yahboom/5550_ros2_ws/src/install/drone_cartographer/share/drone_cartographer/hook/cmake_prefix_path.ps1'
[1.152s] INFO:colcon.colcon_core.shell:Creating environment descriptor '/home/yahboom/5550_ros2_ws/src/install/drone_cartographer/share/drone_cartographer/hook/cmake_prefix_path.dsv'
[1.153s] INFO:colcon.colcon_core.shell:Creating environment hook '/home/yahboom/5550_ros2_ws/src/install/drone_cartographer/share/drone_cartographer/hook/cmake_prefix_path.sh'
[1.153s] Level 1:colcon.colcon_core.environment:checking '/home/yahboom/5550_ros2_ws/src/install/drone_cartographer/bin'
[1.153s] Level 1:colcon.colcon_core.environment:checking '/home/yahboom/5550_ros2_ws/src/install/drone_cartographer/lib/pkgconfig/drone_cartographer.pc'
[1.153s] Level 1:colcon.colcon_core.environment:checking '/home/yahboom/5550_ros2_ws/src/install/drone_cartographer/lib/python3.10/site-packages'
[1.153s] Level 1:colcon.colcon_core.environment:checking '/home/yahboom/5550_ros2_ws/src/install/drone_cartographer/bin'
[1.153s] INFO:colcon.colcon_core.shell:Creating package script '/home/yahboom/5550_ros2_ws/src/install/drone_cartographer/share/drone_cartographer/package.ps1'
[1.154s] INFO:colcon.colcon_core.shell:Creating package descriptor '/home/yahboom/5550_ros2_ws/src/install/drone_cartographer/share/drone_cartographer/package.dsv'
[1.154s] INFO:colcon.colcon_core.shell:Creating package script '/home/yahboom/5550_ros2_ws/src/install/drone_cartographer/share/drone_cartographer/package.sh'
[1.154s] INFO:colcon.colcon_core.shell:Creating package script '/home/yahboom/5550_ros2_ws/src/install/drone_cartographer/share/drone_cartographer/package.bash'
[1.155s] INFO:colcon.colcon_core.shell:Creating package script '/home/yahboom/5550_ros2_ws/src/install/drone_cartographer/share/drone_cartographer/package.zsh'
[1.155s] Level 1:colcon.colcon_core.environment:create_file_with_runtime_dependencies(/home/yahboom/5550_ros2_ws/src/install/drone_cartographer/share/colcon-core/packages/drone_cartographer)
[1.155s] DEBUG:colcon.colcon_parallel_executor.executor.parallel:closing loop
[1.155s] DEBUG:colcon.colcon_parallel_executor.executor.parallel:loop closed
[1.155s] DEBUG:colcon.colcon_parallel_executor.executor.parallel:run_until_complete finished with '0'
[1.155s] DEBUG:colcon.colcon_core.event_reactor:joining thread
[1.160s] INFO:colcon.colcon_core.plugin_system:Skipping extension 'colcon_notification.desktop_notification.terminal_notifier': Not used on non-Darwin systems
[1.160s] INFO:colcon.colcon_core.plugin_system:Skipping extension 'colcon_notification.desktop_notification.win32': Not used on non-Windows systems
[1.160s] INFO:colcon.colcon_notification.desktop_notification:Sending desktop notification using 'notify2'
[1.169s] DEBUG:colcon.colcon_core.event_reactor:joined thread
[1.169s] INFO:colcon.colcon_core.shell:Creating prefix script '/home/yahboom/5550_ros2_ws/src/install/local_setup.ps1'
[1.170s] INFO:colcon.colcon_core.shell:Creating prefix util module '/home/yahboom/5550_ros2_ws/src/install/_local_setup_util_ps1.py'
[1.171s] INFO:colcon.colcon_core.shell:Creating prefix chain script '/home/yahboom/5550_ros2_ws/src/install/setup.ps1'
[1.172s] INFO:colcon.colcon_core.shell:Creating prefix script '/home/yahboom/5550_ros2_ws/src/install/local_setup.sh'
[1.172s] INFO:colcon.colcon_core.shell:Creating prefix util module '/home/yahboom/5550_ros2_ws/src/install/_local_setup_util_sh.py'
[1.173s] INFO:colcon.colcon_core.shell:Creating prefix chain script '/home/yahboom/5550_ros2_ws/src/install/setup.sh'
[1.174s] INFO:colcon.colcon_core.shell:Creating prefix script '/home/yahboom/5550_ros2_ws/src/install/local_setup.bash'
[1.174s] INFO:colcon.colcon_core.shell:Creating prefix chain script '/home/yahboom/5550_ros2_ws/src/install/setup.bash'
[1.175s] INFO:colcon.colcon_core.shell:Creating prefix script '/home/yahboom/5550_ros2_ws/src/install/local_setup.zsh'
[1.176s] INFO:colcon.colcon_core.shell:Creating prefix chain script '/home/yahboom/5550_ros2_ws/src/install/setup.zsh'
