[0.065s] DEBUG:colcon:Command line arguments: ['/usr/bin/colcon', 'build']
[0.065s] DEBUG:colcon:Parsed command line arguments: Namespace(log_base=None, log_level=None, verb_name='build', build_base='build', install_base='install', merge_install=False, symlink_install=False, test_result_base=None, continue_on_error=False, executor='parallel', parallel_workers=4, event_handlers=None, ignore_user_meta=False, metas=['./colcon.meta'], base_paths=['.'], packages_ignore=None, packages_ignore_regex=None, paths=None, packages_up_to=None, packages_up_to_regex=None, packages_above=None, packages_above_and_dependencies=None, packages_above_depth=None, packages_select_by_dep=None, packages_skip_by_dep=None, packages_skip_up_to=None, packages_select_build_failed=False, packages_skip_build_finished=False, packages_select_test_failures=False, packages_skip_test_passed=False, packages_select=None, packages_skip=None, packages_select_regex=None, packages_skip_regex=None, packages_start=None, packages_end=None, allow_overriding=[], cmake_args=None, cmake_target=None, cmake_target_skip_unavailable=False, cmake_clean_cache=False, cmake_clean_first=False, cmake_force_configure=False, ament_cmake_args=None, catkin_cmake_args=None, catkin_skip_building_tests=False, verb_parser=<colcon_defaults.argument_parser.defaults.DefaultArgumentsDecorator object at 0x75e745223850>, verb_extension=<colcon_core.verb.build.BuildVerb object at 0x75e7453c1000>, main=<bound method BuildVerb.main of <colcon_core.verb.build.BuildVerb object at 0x75e7453c1000>>)
[0.161s] Level 1:colcon.colcon_core.package_discovery:discover_packages(colcon_meta) check parameters
[0.162s] Level 1:colcon.colcon_core.package_discovery:discover_packages(recursive) check parameters
[0.162s] Level 1:colcon.colcon_core.package_discovery:discover_packages(ignore) check parameters
[0.162s] Level 1:colcon.colcon_core.package_discovery:discover_packages(path) check parameters
[0.162s] Level 1:colcon.colcon_core.package_discovery:discover_packages(colcon_meta) discover
[0.162s] Level 1:colcon.colcon_core.package_discovery:discover_packages(recursive) discover
[0.162s] INFO:colcon.colcon_core.package_discovery:Crawling recursively for packages in '/home/yahboom/5550_ros2_ws'
[0.162s] Level 1:colcon.colcon_core.package_identification:_identify(.) by extensions ['ignore', 'ignore_ament_install']
[0.162s] Level 1:colcon.colcon_core.package_identification:_identify(.) by extension 'ignore'
[0.162s] Level 1:colcon.colcon_core.package_identification:_identify(.) by extension 'ignore_ament_install'
[0.162s] Level 1:colcon.colcon_core.package_identification:_identify(.) by extensions ['colcon_pkg']
[0.162s] Level 1:colcon.colcon_core.package_identification:_identify(.) by extension 'colcon_pkg'
[0.162s] Level 1:colcon.colcon_core.package_identification:_identify(.) by extensions ['colcon_meta']
[0.162s] Level 1:colcon.colcon_core.package_identification:_identify(.) by extension 'colcon_meta'
[0.162s] Level 1:colcon.colcon_core.package_identification:_identify(.) by extensions ['ros']
[0.162s] Level 1:colcon.colcon_core.package_identification:_identify(.) by extension 'ros'
[0.169s] Level 1:colcon.colcon_core.package_identification:_identify(.) by extensions ['cmake', 'python']
[0.169s] Level 1:colcon.colcon_core.package_identification:_identify(.) by extension 'cmake'
[0.169s] Level 1:colcon.colcon_core.package_identification:_identify(.) by extension 'python'
[0.169s] Level 1:colcon.colcon_core.package_identification:_identify(.) by extensions ['python_setup_py']
[0.169s] Level 1:colcon.colcon_core.package_identification:_identify(.) by extension 'python_setup_py'
[0.169s] Level 1:colcon.colcon_core.package_identification:_identify(build) by extensions ['ignore', 'ignore_ament_install']
[0.169s] Level 1:colcon.colcon_core.package_identification:_identify(build) by extension 'ignore'
[0.169s] Level 1:colcon.colcon_core.package_identification:_identify(build) ignored
[0.169s] Level 1:colcon.colcon_core.package_identification:_identify(install) by extensions ['ignore', 'ignore_ament_install']
[0.169s] Level 1:colcon.colcon_core.package_identification:_identify(install) by extension 'ignore'
[0.169s] Level 1:colcon.colcon_core.package_identification:_identify(install) ignored
[0.169s] Level 1:colcon.colcon_core.package_identification:_identify(log) by extensions ['ignore', 'ignore_ament_install']
[0.169s] Level 1:colcon.colcon_core.package_identification:_identify(log) by extension 'ignore'
[0.169s] Level 1:colcon.colcon_core.package_identification:_identify(log) ignored
[0.169s] Level 1:colcon.colcon_core.package_identification:_identify(src) by extensions ['ignore', 'ignore_ament_install']
[0.169s] Level 1:colcon.colcon_core.package_identification:_identify(src) by extension 'ignore'
[0.169s] Level 1:colcon.colcon_core.package_identification:_identify(src) by extension 'ignore_ament_install'
[0.169s] Level 1:colcon.colcon_core.package_identification:_identify(src) by extensions ['colcon_pkg']
[0.169s] Level 1:colcon.colcon_core.package_identification:_identify(src) by extension 'colcon_pkg'
[0.169s] Level 1:colcon.colcon_core.package_identification:_identify(src) by extensions ['colcon_meta']
[0.169s] Level 1:colcon.colcon_core.package_identification:_identify(src) by extension 'colcon_meta'
[0.169s] Level 1:colcon.colcon_core.package_identification:_identify(src) by extensions ['ros']
[0.170s] Level 1:colcon.colcon_core.package_identification:_identify(src) by extension 'ros'
[0.170s] Level 1:colcon.colcon_core.package_identification:_identify(src) by extensions ['cmake', 'python']
[0.170s] Level 1:colcon.colcon_core.package_identification:_identify(src) by extension 'cmake'
[0.170s] Level 1:colcon.colcon_core.package_identification:_identify(src) by extension 'python'
[0.170s] Level 1:colcon.colcon_core.package_identification:_identify(src) by extensions ['python_setup_py']
[0.170s] Level 1:colcon.colcon_core.package_identification:_identify(src) by extension 'python_setup_py'
[0.170s] Level 1:colcon.colcon_core.package_identification:_identify(src/build) by extensions ['ignore', 'ignore_ament_install']
[0.170s] Level 1:colcon.colcon_core.package_identification:_identify(src/build) by extension 'ignore'
[0.170s] Level 1:colcon.colcon_core.package_identification:_identify(src/build) ignored
[0.170s] Level 1:colcon.colcon_core.package_identification:_identify(src/drone_cartographer) by extensions ['ignore', 'ignore_ament_install']
[0.170s] Level 1:colcon.colcon_core.package_identification:_identify(src/drone_cartographer) by extension 'ignore'
[0.170s] Level 1:colcon.colcon_core.package_identification:_identify(src/drone_cartographer) by extension 'ignore_ament_install'
[0.170s] Level 1:colcon.colcon_core.package_identification:_identify(src/drone_cartographer) by extensions ['colcon_pkg']
[0.170s] Level 1:colcon.colcon_core.package_identification:_identify(src/drone_cartographer) by extension 'colcon_pkg'
[0.170s] Level 1:colcon.colcon_core.package_identification:_identify(src/drone_cartographer) by extensions ['colcon_meta']
[0.170s] Level 1:colcon.colcon_core.package_identification:_identify(src/drone_cartographer) by extension 'colcon_meta'
[0.170s] Level 1:colcon.colcon_core.package_identification:_identify(src/drone_cartographer) by extensions ['ros']
[0.170s] Level 1:colcon.colcon_core.package_identification:_identify(src/drone_cartographer) by extension 'ros'
[0.171s] DEBUG:colcon.colcon_core.package_identification:Package 'src/drone_cartographer' with type 'ros.ament_cmake' and name 'drone_cartographer'
[0.171s] Level 1:colcon.colcon_core.package_identification:_identify(src/drone_description) by extensions ['ignore', 'ignore_ament_install']
[0.172s] Level 1:colcon.colcon_core.package_identification:_identify(src/drone_description) by extension 'ignore'
[0.172s] Level 1:colcon.colcon_core.package_identification:_identify(src/drone_description) by extension 'ignore_ament_install'
[0.172s] Level 1:colcon.colcon_core.package_identification:_identify(src/drone_description) by extensions ['colcon_pkg']
[0.172s] Level 1:colcon.colcon_core.package_identification:_identify(src/drone_description) by extension 'colcon_pkg'
[0.172s] Level 1:colcon.colcon_core.package_identification:_identify(src/drone_description) by extensions ['colcon_meta']
[0.172s] Level 1:colcon.colcon_core.package_identification:_identify(src/drone_description) by extension 'colcon_meta'
[0.172s] Level 1:colcon.colcon_core.package_identification:_identify(src/drone_description) by extensions ['ros']
[0.172s] Level 1:colcon.colcon_core.package_identification:_identify(src/drone_description) by extension 'ros'
[0.172s] DEBUG:colcon.colcon_core.package_identification:Package 'src/drone_description' with type 'ros.ament_python' and name 'drone_description'
[0.172s] Level 1:colcon.colcon_core.package_identification:_identify(src/example_cpp) by extensions ['ignore', 'ignore_ament_install']
[0.172s] Level 1:colcon.colcon_core.package_identification:_identify(src/example_cpp) by extension 'ignore'
[0.172s] Level 1:colcon.colcon_core.package_identification:_identify(src/example_cpp) by extension 'ignore_ament_install'
[0.172s] Level 1:colcon.colcon_core.package_identification:_identify(src/example_cpp) by extensions ['colcon_pkg']
[0.172s] Level 1:colcon.colcon_core.package_identification:_identify(src/example_cpp) by extension 'colcon_pkg'
[0.172s] Level 1:colcon.colcon_core.package_identification:_identify(src/example_cpp) by extensions ['colcon_meta']
[0.172s] Level 1:colcon.colcon_core.package_identification:_identify(src/example_cpp) by extension 'colcon_meta'
[0.172s] Level 1:colcon.colcon_core.package_identification:_identify(src/example_cpp) by extensions ['ros']
[0.172s] Level 1:colcon.colcon_core.package_identification:_identify(src/example_cpp) by extension 'ros'
[0.173s] DEBUG:colcon.colcon_core.package_identification:Package 'src/example_cpp' with type 'ros.ament_cmake' and name 'example_cpp'
[0.173s] Level 1:colcon.colcon_core.package_identification:_identify(src/install) by extensions ['ignore', 'ignore_ament_install']
[0.173s] Level 1:colcon.colcon_core.package_identification:_identify(src/install) by extension 'ignore'
[0.173s] Level 1:colcon.colcon_core.package_identification:_identify(src/install) ignored
[0.173s] Level 1:colcon.colcon_core.package_identification:_identify(src/log) by extensions ['ignore', 'ignore_ament_install']
[0.173s] Level 1:colcon.colcon_core.package_identification:_identify(src/log) by extension 'ignore'
[0.173s] Level 1:colcon.colcon_core.package_identification:_identify(src/log) ignored
[0.173s] Level 1:colcon.colcon_core.package_discovery:discover_packages(recursive) using defaults
[0.173s] Level 1:colcon.colcon_core.package_discovery:discover_packages(ignore) discover
[0.173s] Level 1:colcon.colcon_core.package_discovery:discover_packages(ignore) using defaults
[0.173s] Level 1:colcon.colcon_core.package_discovery:discover_packages(path) discover
[0.173s] Level 1:colcon.colcon_core.package_discovery:discover_packages(path) using defaults
[0.189s] Level 1:colcon.colcon_core.package_discovery:discover_packages(prefix_path) check parameters
[0.189s] Level 1:colcon.colcon_core.package_discovery:discover_packages(prefix_path) discover
[0.190s] DEBUG:colcon.colcon_installed_package_information.package_discovery:Found 3 installed packages in /home/yahboom/5550_ros2_ws/install
[0.190s] DEBUG:colcon.colcon_installed_package_information.package_discovery:Found 4 installed packages in /home/yahboom/yahboomcar_ws/install
[0.191s] DEBUG:colcon.colcon_installed_package_information.package_discovery:Found 301 installed packages in /opt/ros/humble
[0.192s] Level 1:colcon.colcon_core.package_discovery:discover_packages(prefix_path) using defaults
[0.215s] Level 5:colcon.colcon_core.verb:set package 'drone_cartographer' build argument 'cmake_args' from command line to 'None'
[0.215s] Level 5:colcon.colcon_core.verb:set package 'drone_cartographer' build argument 'cmake_target' from command line to 'None'
[0.215s] Level 5:colcon.colcon_core.verb:set package 'drone_cartographer' build argument 'cmake_target_skip_unavailable' from command line to 'False'
[0.215s] Level 5:colcon.colcon_core.verb:set package 'drone_cartographer' build argument 'cmake_clean_cache' from command line to 'False'
[0.215s] Level 5:colcon.colcon_core.verb:set package 'drone_cartographer' build argument 'cmake_clean_first' from command line to 'False'
[0.215s] Level 5:colcon.colcon_core.verb:set package 'drone_cartographer' build argument 'cmake_force_configure' from command line to 'False'
[0.215s] Level 5:colcon.colcon_core.verb:set package 'drone_cartographer' build argument 'ament_cmake_args' from command line to 'None'
[0.215s] Level 5:colcon.colcon_core.verb:set package 'drone_cartographer' build argument 'catkin_cmake_args' from command line to 'None'
[0.215s] Level 5:colcon.colcon_core.verb:set package 'drone_cartographer' build argument 'catkin_skip_building_tests' from command line to 'False'
[0.215s] DEBUG:colcon.colcon_core.verb:Building package 'drone_cartographer' with the following arguments: {'ament_cmake_args': None, 'build_base': '/home/yahboom/5550_ros2_ws/build/drone_cartographer', 'catkin_cmake_args': None, 'catkin_skip_building_tests': False, 'cmake_args': None, 'cmake_clean_cache': False, 'cmake_clean_first': False, 'cmake_force_configure': False, 'cmake_target': None, 'cmake_target_skip_unavailable': False, 'install_base': '/home/yahboom/5550_ros2_ws/install/drone_cartographer', 'merge_install': False, 'path': '/home/yahboom/5550_ros2_ws/src/drone_cartographer', 'symlink_install': False, 'test_result_base': None}
[0.215s] Level 5:colcon.colcon_core.verb:set package 'drone_description' build argument 'cmake_args' from command line to 'None'
[0.215s] Level 5:colcon.colcon_core.verb:set package 'drone_description' build argument 'cmake_target' from command line to 'None'
[0.215s] Level 5:colcon.colcon_core.verb:set package 'drone_description' build argument 'cmake_target_skip_unavailable' from command line to 'False'
[0.215s] Level 5:colcon.colcon_core.verb:set package 'drone_description' build argument 'cmake_clean_cache' from command line to 'False'
[0.215s] Level 5:colcon.colcon_core.verb:set package 'drone_description' build argument 'cmake_clean_first' from command line to 'False'
[0.215s] Level 5:colcon.colcon_core.verb:set package 'drone_description' build argument 'cmake_force_configure' from command line to 'False'
[0.215s] Level 5:colcon.colcon_core.verb:set package 'drone_description' build argument 'ament_cmake_args' from command line to 'None'
[0.215s] Level 5:colcon.colcon_core.verb:set package 'drone_description' build argument 'catkin_cmake_args' from command line to 'None'
[0.215s] Level 5:colcon.colcon_core.verb:set package 'drone_description' build argument 'catkin_skip_building_tests' from command line to 'False'
[0.215s] DEBUG:colcon.colcon_core.verb:Building package 'drone_description' with the following arguments: {'ament_cmake_args': None, 'build_base': '/home/yahboom/5550_ros2_ws/build/drone_description', 'catkin_cmake_args': None, 'catkin_skip_building_tests': False, 'cmake_args': None, 'cmake_clean_cache': False, 'cmake_clean_first': False, 'cmake_force_configure': False, 'cmake_target': None, 'cmake_target_skip_unavailable': False, 'install_base': '/home/yahboom/5550_ros2_ws/install/drone_description', 'merge_install': False, 'path': '/home/yahboom/5550_ros2_ws/src/drone_description', 'symlink_install': False, 'test_result_base': None}
[0.216s] Level 5:colcon.colcon_core.verb:set package 'example_cpp' build argument 'cmake_args' from command line to 'None'
[0.216s] Level 5:colcon.colcon_core.verb:set package 'example_cpp' build argument 'cmake_target' from command line to 'None'
[0.216s] Level 5:colcon.colcon_core.verb:set package 'example_cpp' build argument 'cmake_target_skip_unavailable' from command line to 'False'
[0.216s] Level 5:colcon.colcon_core.verb:set package 'example_cpp' build argument 'cmake_clean_cache' from command line to 'False'
[0.216s] Level 5:colcon.colcon_core.verb:set package 'example_cpp' build argument 'cmake_clean_first' from command line to 'False'
[0.216s] Level 5:colcon.colcon_core.verb:set package 'example_cpp' build argument 'cmake_force_configure' from command line to 'False'
[0.216s] Level 5:colcon.colcon_core.verb:set package 'example_cpp' build argument 'ament_cmake_args' from command line to 'None'
[0.216s] Level 5:colcon.colcon_core.verb:set package 'example_cpp' build argument 'catkin_cmake_args' from command line to 'None'
[0.216s] Level 5:colcon.colcon_core.verb:set package 'example_cpp' build argument 'catkin_skip_building_tests' from command line to 'False'
[0.216s] DEBUG:colcon.colcon_core.verb:Building package 'example_cpp' with the following arguments: {'ament_cmake_args': None, 'build_base': '/home/yahboom/5550_ros2_ws/build/example_cpp', 'catkin_cmake_args': None, 'catkin_skip_building_tests': False, 'cmake_args': None, 'cmake_clean_cache': False, 'cmake_clean_first': False, 'cmake_force_configure': False, 'cmake_target': None, 'cmake_target_skip_unavailable': False, 'install_base': '/home/yahboom/5550_ros2_ws/install/example_cpp', 'merge_install': False, 'path': '/home/yahboom/5550_ros2_ws/src/example_cpp', 'symlink_install': False, 'test_result_base': None}
[0.216s] INFO:colcon.colcon_core.executor:Executing jobs using 'parallel' executor
[0.217s] DEBUG:colcon.colcon_parallel_executor.executor.parallel:run_until_complete
[0.217s] INFO:colcon.colcon_ros.task.ament_cmake.build:Building ROS package in '/home/yahboom/5550_ros2_ws/src/drone_cartographer' with build type 'ament_cmake'
[0.217s] INFO:colcon.colcon_cmake.task.cmake.build:Building CMake package in '/home/yahboom/5550_ros2_ws/src/drone_cartographer'
[0.219s] INFO:colcon.colcon_core.plugin_system:Skipping extension 'colcon_core.shell.bat': Not used on non-Windows systems
[0.219s] INFO:colcon.colcon_core.shell:Skip shell extension 'powershell' for command environment: Not usable outside of PowerShell
[0.219s] DEBUG:colcon.colcon_core.shell:Skip shell extension 'dsv' for command environment
[0.222s] INFO:colcon.colcon_ros.task.ament_python.build:Building ROS package in '/home/yahboom/5550_ros2_ws/src/drone_description' with build type 'ament_python'
[0.222s] Level 1:colcon.colcon_core.shell:create_environment_hook('drone_description', 'ament_prefix_path')
[0.222s] INFO:colcon.colcon_core.shell:Creating environment hook '/home/yahboom/5550_ros2_ws/install/drone_description/share/drone_description/hook/ament_prefix_path.ps1'
[0.223s] INFO:colcon.colcon_core.shell:Creating environment descriptor '/home/yahboom/5550_ros2_ws/install/drone_description/share/drone_description/hook/ament_prefix_path.dsv'
[0.223s] INFO:colcon.colcon_core.shell:Creating environment hook '/home/yahboom/5550_ros2_ws/install/drone_description/share/drone_description/hook/ament_prefix_path.sh'
[0.223s] INFO:colcon.colcon_core.shell:Skip shell extension 'powershell' for command environment: Not usable outside of PowerShell
[0.223s] DEBUG:colcon.colcon_core.shell:Skip shell extension 'dsv' for command environment
[0.226s] INFO:colcon.colcon_ros.task.ament_cmake.build:Building ROS package in '/home/yahboom/5550_ros2_ws/src/example_cpp' with build type 'ament_cmake'
[0.226s] INFO:colcon.colcon_cmake.task.cmake.build:Building CMake package in '/home/yahboom/5550_ros2_ws/src/example_cpp'
[0.227s] INFO:colcon.colcon_core.shell:Skip shell extension 'powershell' for command environment: Not usable outside of PowerShell
[0.227s] DEBUG:colcon.colcon_core.shell:Skip shell extension 'dsv' for command environment
[0.235s] DEBUG:colcon.colcon_core.event_handler.log_command:Invoking command in '/home/yahboom/5550_ros2_ws/build/drone_cartographer': CMAKE_PREFIX_PATH=${CMAKE_PREFIX_PATH}:/home/yahboom/5550_ros2_ws/install/drone_description:/opt/ros/humble /usr/bin/cmake --build /home/yahboom/5550_ros2_ws/build/drone_cartographer -- -j4 -l4
[0.392s] INFO:colcon.colcon_core.task.python.build:Building Python package in '/home/yahboom/5550_ros2_ws/src/drone_description'
[0.392s] INFO:colcon.colcon_core.shell:Skip shell extension 'powershell' for command environment: Not usable outside of PowerShell
[0.392s] DEBUG:colcon.colcon_core.shell:Skip shell extension 'dsv' for command environment
[0.398s] DEBUG:colcon.colcon_core.event_handler.log_command:Invoked command in '/home/yahboom/5550_ros2_ws/build/drone_cartographer' returned '0': CMAKE_PREFIX_PATH=${CMAKE_PREFIX_PATH}:/home/yahboom/5550_ros2_ws/install/drone_description:/opt/ros/humble /usr/bin/cmake --build /home/yahboom/5550_ros2_ws/build/drone_cartographer -- -j4 -l4
[0.401s] DEBUG:colcon.colcon_core.event_handler.log_command:Invoking command in '/home/yahboom/5550_ros2_ws/build/example_cpp': CMAKE_PREFIX_PATH=${CMAKE_PREFIX_PATH}:/home/yahboom/5550_ros2_ws/install/drone_description:/opt/ros/humble /usr/bin/cmake --build /home/yahboom/5550_ros2_ws/build/example_cpp -- -j4 -l4
[0.430s] DEBUG:colcon.colcon_core.event_handler.log_command:Invoking command in '/home/yahboom/5550_ros2_ws/build/drone_cartographer': CMAKE_PREFIX_PATH=${CMAKE_PREFIX_PATH}:/home/yahboom/5550_ros2_ws/install/drone_description:/opt/ros/humble /usr/bin/cmake --install /home/yahboom/5550_ros2_ws/build/drone_cartographer
[0.438s] Level 1:colcon.colcon_core.environment:create_environment_scripts_only(drone_cartographer)
[0.438s] DEBUG:colcon.colcon_core.event_handler.log_command:Invoked command in '/home/yahboom/5550_ros2_ws/build/drone_cartographer' returned '0': CMAKE_PREFIX_PATH=${CMAKE_PREFIX_PATH}:/home/yahboom/5550_ros2_ws/install/drone_description:/opt/ros/humble /usr/bin/cmake --install /home/yahboom/5550_ros2_ws/build/drone_cartographer
[0.441s] Level 1:colcon.colcon_core.environment:checking '/home/yahboom/5550_ros2_ws/install/drone_cartographer' for CMake module files
[0.441s] Level 1:colcon.colcon_core.environment:checking '/home/yahboom/5550_ros2_ws/install/drone_cartographer' for CMake config files
[0.441s] Level 1:colcon.colcon_core.shell:create_environment_hook('drone_cartographer', 'cmake_prefix_path')
[0.441s] INFO:colcon.colcon_core.shell:Creating environment hook '/home/yahboom/5550_ros2_ws/install/drone_cartographer/share/drone_cartographer/hook/cmake_prefix_path.ps1'
[0.442s] INFO:colcon.colcon_core.shell:Creating environment descriptor '/home/yahboom/5550_ros2_ws/install/drone_cartographer/share/drone_cartographer/hook/cmake_prefix_path.dsv'
[0.442s] INFO:colcon.colcon_core.shell:Creating environment hook '/home/yahboom/5550_ros2_ws/install/drone_cartographer/share/drone_cartographer/hook/cmake_prefix_path.sh'
[0.443s] Level 1:colcon.colcon_core.environment:checking '/home/yahboom/5550_ros2_ws/install/drone_cartographer/bin'
[0.443s] Level 1:colcon.colcon_core.environment:checking '/home/yahboom/5550_ros2_ws/install/drone_cartographer/lib/pkgconfig/drone_cartographer.pc'
[0.443s] Level 1:colcon.colcon_core.environment:checking '/home/yahboom/5550_ros2_ws/install/drone_cartographer/lib/python3.10/site-packages'
[0.443s] Level 1:colcon.colcon_core.environment:checking '/home/yahboom/5550_ros2_ws/install/drone_cartographer/bin'
[0.443s] INFO:colcon.colcon_core.shell:Creating package script '/home/yahboom/5550_ros2_ws/install/drone_cartographer/share/drone_cartographer/package.ps1'
[0.444s] INFO:colcon.colcon_core.shell:Creating package descriptor '/home/yahboom/5550_ros2_ws/install/drone_cartographer/share/drone_cartographer/package.dsv'
[0.444s] INFO:colcon.colcon_core.shell:Creating package script '/home/yahboom/5550_ros2_ws/install/drone_cartographer/share/drone_cartographer/package.sh'
[0.444s] INFO:colcon.colcon_core.shell:Creating package script '/home/yahboom/5550_ros2_ws/install/drone_cartographer/share/drone_cartographer/package.bash'
[0.445s] INFO:colcon.colcon_core.shell:Creating package script '/home/yahboom/5550_ros2_ws/install/drone_cartographer/share/drone_cartographer/package.zsh'
[0.445s] Level 1:colcon.colcon_core.environment:create_file_with_runtime_dependencies(/home/yahboom/5550_ros2_ws/install/drone_cartographer/share/colcon-core/packages/drone_cartographer)
[0.456s] DEBUG:colcon.colcon_core.event_handler.log_command:Invoked command in '/home/yahboom/5550_ros2_ws/build/example_cpp' returned '0': CMAKE_PREFIX_PATH=${CMAKE_PREFIX_PATH}:/home/yahboom/5550_ros2_ws/install/drone_description:/opt/ros/humble /usr/bin/cmake --build /home/yahboom/5550_ros2_ws/build/example_cpp -- -j4 -l4
[0.470s] Level 1:colcon.colcon_core.environment:create_environment_scripts_only(drone_cartographer)
[0.470s] Level 1:colcon.colcon_core.environment:checking '/home/yahboom/5550_ros2_ws/install/drone_cartographer' for CMake module files
[0.471s] Level 1:colcon.colcon_core.environment:checking '/home/yahboom/5550_ros2_ws/install/drone_cartographer' for CMake config files
[0.471s] Level 1:colcon.colcon_core.shell:create_environment_hook('drone_cartographer', 'cmake_prefix_path')
[0.471s] INFO:colcon.colcon_core.shell:Creating environment hook '/home/yahboom/5550_ros2_ws/install/drone_cartographer/share/drone_cartographer/hook/cmake_prefix_path.ps1'
[0.472s] INFO:colcon.colcon_core.shell:Creating environment descriptor '/home/yahboom/5550_ros2_ws/install/drone_cartographer/share/drone_cartographer/hook/cmake_prefix_path.dsv'
[0.472s] INFO:colcon.colcon_core.shell:Creating environment hook '/home/yahboom/5550_ros2_ws/install/drone_cartographer/share/drone_cartographer/hook/cmake_prefix_path.sh'
[0.472s] Level 1:colcon.colcon_core.environment:checking '/home/yahboom/5550_ros2_ws/install/drone_cartographer/bin'
[0.472s] Level 1:colcon.colcon_core.environment:checking '/home/yahboom/5550_ros2_ws/install/drone_cartographer/lib/pkgconfig/drone_cartographer.pc'
[0.473s] Level 1:colcon.colcon_core.environment:checking '/home/yahboom/5550_ros2_ws/install/drone_cartographer/lib/python3.10/site-packages'
[0.473s] Level 1:colcon.colcon_core.environment:checking '/home/yahboom/5550_ros2_ws/install/drone_cartographer/bin'
[0.473s] INFO:colcon.colcon_core.shell:Creating package script '/home/yahboom/5550_ros2_ws/install/drone_cartographer/share/drone_cartographer/package.ps1'
[0.473s] INFO:colcon.colcon_core.shell:Creating package descriptor '/home/yahboom/5550_ros2_ws/install/drone_cartographer/share/drone_cartographer/package.dsv'
[0.474s] INFO:colcon.colcon_core.shell:Creating package script '/home/yahboom/5550_ros2_ws/install/drone_cartographer/share/drone_cartographer/package.sh'
[0.474s] INFO:colcon.colcon_core.shell:Creating package script '/home/yahboom/5550_ros2_ws/install/drone_cartographer/share/drone_cartographer/package.bash'
[0.474s] INFO:colcon.colcon_core.shell:Creating package script '/home/yahboom/5550_ros2_ws/install/drone_cartographer/share/drone_cartographer/package.zsh'
[0.474s] Level 1:colcon.colcon_core.environment:create_file_with_runtime_dependencies(/home/yahboom/5550_ros2_ws/install/drone_cartographer/share/colcon-core/packages/drone_cartographer)
[0.485s] DEBUG:colcon.colcon_core.event_handler.log_command:Invoking command in '/home/yahboom/5550_ros2_ws/build/example_cpp': CMAKE_PREFIX_PATH=${CMAKE_PREFIX_PATH}:/home/yahboom/5550_ros2_ws/install/drone_description:/opt/ros/humble /usr/bin/cmake --install /home/yahboom/5550_ros2_ws/build/example_cpp
[0.500s] Level 1:colcon.colcon_core.environment:create_environment_scripts_only(example_cpp)
[0.500s] Level 1:colcon.colcon_core.environment:checking '/home/yahboom/5550_ros2_ws/install/example_cpp' for CMake module files
[0.501s] DEBUG:colcon.colcon_core.event_handler.log_command:Invoked command in '/home/yahboom/5550_ros2_ws/build/example_cpp' returned '0': CMAKE_PREFIX_PATH=${CMAKE_PREFIX_PATH}:/home/yahboom/5550_ros2_ws/install/drone_description:/opt/ros/humble /usr/bin/cmake --install /home/yahboom/5550_ros2_ws/build/example_cpp
[0.501s] Level 1:colcon.colcon_core.environment:checking '/home/yahboom/5550_ros2_ws/install/example_cpp' for CMake config files
[0.501s] Level 1:colcon.colcon_core.shell:create_environment_hook('example_cpp', 'cmake_prefix_path')
[0.501s] INFO:colcon.colcon_core.shell:Creating environment hook '/home/yahboom/5550_ros2_ws/install/example_cpp/share/example_cpp/hook/cmake_prefix_path.ps1'
[0.502s] INFO:colcon.colcon_core.shell:Creating environment descriptor '/home/yahboom/5550_ros2_ws/install/example_cpp/share/example_cpp/hook/cmake_prefix_path.dsv'
[0.502s] INFO:colcon.colcon_core.shell:Creating environment hook '/home/yahboom/5550_ros2_ws/install/example_cpp/share/example_cpp/hook/cmake_prefix_path.sh'
[0.503s] Level 1:colcon.colcon_core.environment:checking '/home/yahboom/5550_ros2_ws/install/example_cpp/lib'
[0.503s] Level 1:colcon.colcon_core.environment:checking '/home/yahboom/5550_ros2_ws/install/example_cpp/bin'
[0.503s] Level 1:colcon.colcon_core.environment:checking '/home/yahboom/5550_ros2_ws/install/example_cpp/lib/pkgconfig/example_cpp.pc'
[0.503s] Level 1:colcon.colcon_core.environment:checking '/home/yahboom/5550_ros2_ws/install/example_cpp/lib/python3.10/site-packages'
[0.503s] Level 1:colcon.colcon_core.environment:checking '/home/yahboom/5550_ros2_ws/install/example_cpp/bin'
[0.504s] INFO:colcon.colcon_core.shell:Creating package script '/home/yahboom/5550_ros2_ws/install/example_cpp/share/example_cpp/package.ps1'
[0.504s] INFO:colcon.colcon_core.shell:Creating package descriptor '/home/yahboom/5550_ros2_ws/install/example_cpp/share/example_cpp/package.dsv'
[0.505s] INFO:colcon.colcon_core.shell:Creating package script '/home/yahboom/5550_ros2_ws/install/example_cpp/share/example_cpp/package.sh'
[0.505s] INFO:colcon.colcon_core.shell:Creating package script '/home/yahboom/5550_ros2_ws/install/example_cpp/share/example_cpp/package.bash'
[0.505s] INFO:colcon.colcon_core.shell:Creating package script '/home/yahboom/5550_ros2_ws/install/example_cpp/share/example_cpp/package.zsh'
[0.505s] Level 1:colcon.colcon_core.environment:create_file_with_runtime_dependencies(/home/yahboom/5550_ros2_ws/install/example_cpp/share/colcon-core/packages/example_cpp)
[0.533s] Level 1:colcon.colcon_core.environment:create_environment_scripts_only(example_cpp)
[0.534s] Level 1:colcon.colcon_core.environment:checking '/home/yahboom/5550_ros2_ws/install/example_cpp' for CMake module files
[0.534s] Level 1:colcon.colcon_core.environment:checking '/home/yahboom/5550_ros2_ws/install/example_cpp' for CMake config files
[0.534s] Level 1:colcon.colcon_core.shell:create_environment_hook('example_cpp', 'cmake_prefix_path')
[0.534s] INFO:colcon.colcon_core.shell:Creating environment hook '/home/yahboom/5550_ros2_ws/install/example_cpp/share/example_cpp/hook/cmake_prefix_path.ps1'
[0.535s] INFO:colcon.colcon_core.shell:Creating environment descriptor '/home/yahboom/5550_ros2_ws/install/example_cpp/share/example_cpp/hook/cmake_prefix_path.dsv'
[0.535s] INFO:colcon.colcon_core.shell:Creating environment hook '/home/yahboom/5550_ros2_ws/install/example_cpp/share/example_cpp/hook/cmake_prefix_path.sh'
[0.535s] Level 1:colcon.colcon_core.environment:checking '/home/yahboom/5550_ros2_ws/install/example_cpp/lib'
[0.536s] Level 1:colcon.colcon_core.environment:checking '/home/yahboom/5550_ros2_ws/install/example_cpp/bin'
[0.536s] Level 1:colcon.colcon_core.environment:checking '/home/yahboom/5550_ros2_ws/install/example_cpp/lib/pkgconfig/example_cpp.pc'
[0.536s] Level 1:colcon.colcon_core.environment:checking '/home/yahboom/5550_ros2_ws/install/example_cpp/lib/python3.10/site-packages'
[0.536s] Level 1:colcon.colcon_core.environment:checking '/home/yahboom/5550_ros2_ws/install/example_cpp/bin'
[0.536s] INFO:colcon.colcon_core.shell:Creating package script '/home/yahboom/5550_ros2_ws/install/example_cpp/share/example_cpp/package.ps1'
[0.536s] INFO:colcon.colcon_core.shell:Creating package descriptor '/home/yahboom/5550_ros2_ws/install/example_cpp/share/example_cpp/package.dsv'
[0.537s] INFO:colcon.colcon_core.shell:Creating package script '/home/yahboom/5550_ros2_ws/install/example_cpp/share/example_cpp/package.sh'
[0.537s] INFO:colcon.colcon_core.shell:Creating package script '/home/yahboom/5550_ros2_ws/install/example_cpp/share/example_cpp/package.bash'
[0.537s] INFO:colcon.colcon_core.shell:Creating package script '/home/yahboom/5550_ros2_ws/install/example_cpp/share/example_cpp/package.zsh'
[0.537s] Level 1:colcon.colcon_core.environment:create_file_with_runtime_dependencies(/home/yahboom/5550_ros2_ws/install/example_cpp/share/colcon-core/packages/example_cpp)
[0.692s] DEBUG:colcon.colcon_core.event_handler.log_command:Invoking command in '/home/yahboom/5550_ros2_ws/src/drone_description': PYTHONPATH=/home/yahboom/5550_ros2_ws/build/drone_description/prefix_override:/home/yahboom/5550_ros2_ws/install/drone_description/lib/python3.10/site-packages:${PYTHONPATH} /usr/bin/python3 -W ignore:setup.py install is deprecated setup.py egg_info --egg-base ../../build/drone_description build --build-base /home/yahboom/5550_ros2_ws/build/drone_description/build install --record /home/yahboom/5550_ros2_ws/build/drone_description/install.log --single-version-externally-managed install_data
[0.866s] Level 1:colcon.colcon_core.environment:checking '/home/yahboom/5550_ros2_ws/install/drone_description' for CMake module files
[0.866s] DEBUG:colcon.colcon_core.event_handler.log_command:Invoked command in '/home/yahboom/5550_ros2_ws/src/drone_description' returned '0': PYTHONPATH=/home/yahboom/5550_ros2_ws/build/drone_description/prefix_override:/home/yahboom/5550_ros2_ws/install/drone_description/lib/python3.10/site-packages:${PYTHONPATH} /usr/bin/python3 -W ignore:setup.py install is deprecated setup.py egg_info --egg-base ../../build/drone_description build --build-base /home/yahboom/5550_ros2_ws/build/drone_description/build install --record /home/yahboom/5550_ros2_ws/build/drone_description/install.log --single-version-externally-managed install_data
[0.867s] Level 1:colcon.colcon_core.environment:checking '/home/yahboom/5550_ros2_ws/install/drone_description' for CMake config files
[0.869s] Level 1:colcon.colcon_core.environment:checking '/home/yahboom/5550_ros2_ws/install/drone_description/lib'
[0.869s] Level 1:colcon.colcon_core.environment:checking '/home/yahboom/5550_ros2_ws/install/drone_description/bin'
[0.869s] Level 1:colcon.colcon_core.environment:checking '/home/yahboom/5550_ros2_ws/install/drone_description/lib/pkgconfig/drone_description.pc'
[0.869s] Level 1:colcon.colcon_core.environment:checking '/home/yahboom/5550_ros2_ws/install/drone_description/lib/python3.10/site-packages'
[0.869s] Level 1:colcon.colcon_core.shell:create_environment_hook('drone_description', 'pythonpath')
[0.869s] INFO:colcon.colcon_core.shell:Creating environment hook '/home/yahboom/5550_ros2_ws/install/drone_description/share/drone_description/hook/pythonpath.ps1'
[0.870s] INFO:colcon.colcon_core.shell:Creating environment descriptor '/home/yahboom/5550_ros2_ws/install/drone_description/share/drone_description/hook/pythonpath.dsv'
[0.870s] INFO:colcon.colcon_core.shell:Creating environment hook '/home/yahboom/5550_ros2_ws/install/drone_description/share/drone_description/hook/pythonpath.sh'
[0.870s] Level 1:colcon.colcon_core.environment:checking '/home/yahboom/5550_ros2_ws/install/drone_description/bin'
[0.870s] Level 1:colcon.colcon_core.environment:create_environment_scripts_only(drone_description)
[0.871s] INFO:colcon.colcon_core.shell:Creating package script '/home/yahboom/5550_ros2_ws/install/drone_description/share/drone_description/package.ps1'
[0.871s] INFO:colcon.colcon_core.shell:Creating package descriptor '/home/yahboom/5550_ros2_ws/install/drone_description/share/drone_description/package.dsv'
[0.871s] INFO:colcon.colcon_core.shell:Creating package script '/home/yahboom/5550_ros2_ws/install/drone_description/share/drone_description/package.sh'
[0.871s] INFO:colcon.colcon_core.shell:Creating package script '/home/yahboom/5550_ros2_ws/install/drone_description/share/drone_description/package.bash'
[0.872s] INFO:colcon.colcon_core.shell:Creating package script '/home/yahboom/5550_ros2_ws/install/drone_description/share/drone_description/package.zsh'
[0.872s] Level 1:colcon.colcon_core.environment:create_file_with_runtime_dependencies(/home/yahboom/5550_ros2_ws/install/drone_description/share/colcon-core/packages/drone_description)
[0.872s] DEBUG:colcon.colcon_parallel_executor.executor.parallel:closing loop
[0.872s] DEBUG:colcon.colcon_parallel_executor.executor.parallel:loop closed
[0.872s] DEBUG:colcon.colcon_parallel_executor.executor.parallel:run_until_complete finished with '0'
[0.872s] DEBUG:colcon.colcon_core.event_reactor:joining thread
[0.876s] INFO:colcon.colcon_core.plugin_system:Skipping extension 'colcon_notification.desktop_notification.terminal_notifier': Not used on non-Darwin systems
[0.876s] INFO:colcon.colcon_core.plugin_system:Skipping extension 'colcon_notification.desktop_notification.win32': Not used on non-Windows systems
[0.876s] INFO:colcon.colcon_notification.desktop_notification:Sending desktop notification using 'notify2'
[0.886s] DEBUG:colcon.colcon_core.event_reactor:joined thread
[0.886s] INFO:colcon.colcon_core.shell:Creating prefix script '/home/yahboom/5550_ros2_ws/install/local_setup.ps1'
[0.887s] INFO:colcon.colcon_core.shell:Creating prefix util module '/home/yahboom/5550_ros2_ws/install/_local_setup_util_ps1.py'
[0.887s] INFO:colcon.colcon_core.shell:Creating prefix chain script '/home/yahboom/5550_ros2_ws/install/setup.ps1'
[0.888s] INFO:colcon.colcon_core.shell:Creating prefix script '/home/yahboom/5550_ros2_ws/install/local_setup.sh'
[0.889s] INFO:colcon.colcon_core.shell:Creating prefix util module '/home/yahboom/5550_ros2_ws/install/_local_setup_util_sh.py'
[0.889s] INFO:colcon.colcon_core.shell:Creating prefix chain script '/home/yahboom/5550_ros2_ws/install/setup.sh'
[0.890s] INFO:colcon.colcon_core.shell:Creating prefix script '/home/yahboom/5550_ros2_ws/install/local_setup.bash'
[0.890s] INFO:colcon.colcon_core.shell:Creating prefix chain script '/home/yahboom/5550_ros2_ws/install/setup.bash'
[0.891s] INFO:colcon.colcon_core.shell:Creating prefix script '/home/yahboom/5550_ros2_ws/install/local_setup.zsh'
[0.891s] INFO:colcon.colcon_core.shell:Creating prefix chain script '/home/yahboom/5550_ros2_ws/install/setup.zsh'
