[0.481s] DEBUG:colcon:Command line arguments: ['/usr/bin/colcon', 'build']
[0.481s] DEBUG:colcon:Parsed command line arguments: Namespace(log_base=None, log_level=None, verb_name='build', build_base='build', install_base='install', merge_install=False, symlink_install=False, test_result_base=None, continue_on_error=False, executor='parallel', parallel_workers=4, event_handlers=None, ignore_user_meta=False, metas=['./colcon.meta'], base_paths=['.'], packages_ignore=None, packages_ignore_regex=None, paths=None, packages_up_to=None, packages_up_to_regex=None, packages_above=None, packages_above_and_dependencies=None, packages_above_depth=None, packages_select_by_dep=None, packages_skip_by_dep=None, packages_skip_up_to=None, packages_select_build_failed=False, packages_skip_build_finished=False, packages_select_test_failures=False, packages_skip_test_passed=False, packages_select=None, packages_skip=None, packages_select_regex=None, packages_skip_regex=None, packages_start=None, packages_end=None, allow_overriding=[], cmake_args=None, cmake_target=None, cmake_target_skip_unavailable=False, cmake_clean_cache=False, cmake_clean_first=False, cmake_force_configure=False, ament_cmake_args=None, catkin_cmake_args=None, catkin_skip_building_tests=False, verb_parser=<colcon_defaults.argument_parser.defaults.DefaultArgumentsDecorator object at 0x795898093850>, verb_extension=<colcon_core.verb.build.BuildVerb object at 0x7958982bd000>, main=<bound method BuildVerb.main of <colcon_core.verb.build.BuildVerb object at 0x7958982bd000>>)
[1.242s] Level 1:colcon.colcon_core.package_discovery:discover_packages(colcon_meta) check parameters
[1.242s] Level 1:colcon.colcon_core.package_discovery:discover_packages(recursive) check parameters
[1.242s] Level 1:colcon.colcon_core.package_discovery:discover_packages(ignore) check parameters
[1.242s] Level 1:colcon.colcon_core.package_discovery:discover_packages(path) check parameters
[1.242s] Level 1:colcon.colcon_core.package_discovery:discover_packages(colcon_meta) discover
[1.242s] Level 1:colcon.colcon_core.package_discovery:discover_packages(recursive) discover
[1.242s] INFO:colcon.colcon_core.package_discovery:Crawling recursively for packages in '/home/yahboom/5550_ros2_ws'
[1.243s] Level 1:colcon.colcon_core.package_identification:_identify(.) by extensions ['ignore', 'ignore_ament_install']
[1.243s] Level 1:colcon.colcon_core.package_identification:_identify(.) by extension 'ignore'
[1.243s] Level 1:colcon.colcon_core.package_identification:_identify(.) by extension 'ignore_ament_install'
[1.243s] Level 1:colcon.colcon_core.package_identification:_identify(.) by extensions ['colcon_pkg']
[1.243s] Level 1:colcon.colcon_core.package_identification:_identify(.) by extension 'colcon_pkg'
[1.243s] Level 1:colcon.colcon_core.package_identification:_identify(.) by extensions ['colcon_meta']
[1.243s] Level 1:colcon.colcon_core.package_identification:_identify(.) by extension 'colcon_meta'
[1.243s] Level 1:colcon.colcon_core.package_identification:_identify(.) by extensions ['ros']
[1.243s] Level 1:colcon.colcon_core.package_identification:_identify(.) by extension 'ros'
[1.266s] Level 1:colcon.colcon_core.package_identification:_identify(.) by extensions ['cmake', 'python']
[1.266s] Level 1:colcon.colcon_core.package_identification:_identify(.) by extension 'cmake'
[1.266s] Level 1:colcon.colcon_core.package_identification:_identify(.) by extension 'python'
[1.266s] Level 1:colcon.colcon_core.package_identification:_identify(.) by extensions ['python_setup_py']
[1.266s] Level 1:colcon.colcon_core.package_identification:_identify(.) by extension 'python_setup_py'
[1.266s] Level 1:colcon.colcon_core.package_identification:_identify(build) by extensions ['ignore', 'ignore_ament_install']
[1.266s] Level 1:colcon.colcon_core.package_identification:_identify(build) by extension 'ignore'
[1.266s] Level 1:colcon.colcon_core.package_identification:_identify(build) ignored
[1.267s] Level 1:colcon.colcon_core.package_identification:_identify(install) by extensions ['ignore', 'ignore_ament_install']
[1.267s] Level 1:colcon.colcon_core.package_identification:_identify(install) by extension 'ignore'
[1.267s] Level 1:colcon.colcon_core.package_identification:_identify(install) ignored
[1.267s] Level 1:colcon.colcon_core.package_identification:_identify(log) by extensions ['ignore', 'ignore_ament_install']
[1.267s] Level 1:colcon.colcon_core.package_identification:_identify(log) by extension 'ignore'
[1.267s] Level 1:colcon.colcon_core.package_identification:_identify(log) ignored
[1.267s] Level 1:colcon.colcon_core.package_identification:_identify(src) by extensions ['ignore', 'ignore_ament_install']
[1.267s] Level 1:colcon.colcon_core.package_identification:_identify(src) by extension 'ignore'
[1.268s] Level 1:colcon.colcon_core.package_identification:_identify(src) by extension 'ignore_ament_install'
[1.268s] Level 1:colcon.colcon_core.package_identification:_identify(src) by extensions ['colcon_pkg']
[1.268s] Level 1:colcon.colcon_core.package_identification:_identify(src) by extension 'colcon_pkg'
[1.268s] Level 1:colcon.colcon_core.package_identification:_identify(src) by extensions ['colcon_meta']
[1.268s] Level 1:colcon.colcon_core.package_identification:_identify(src) by extension 'colcon_meta'
[1.268s] Level 1:colcon.colcon_core.package_identification:_identify(src) by extensions ['ros']
[1.268s] Level 1:colcon.colcon_core.package_identification:_identify(src) by extension 'ros'
[1.268s] Level 1:colcon.colcon_core.package_identification:_identify(src) by extensions ['cmake', 'python']
[1.268s] Level 1:colcon.colcon_core.package_identification:_identify(src) by extension 'cmake'
[1.268s] Level 1:colcon.colcon_core.package_identification:_identify(src) by extension 'python'
[1.268s] Level 1:colcon.colcon_core.package_identification:_identify(src) by extensions ['python_setup_py']
[1.268s] Level 1:colcon.colcon_core.package_identification:_identify(src) by extension 'python_setup_py'
[1.269s] Level 1:colcon.colcon_core.package_identification:_identify(src/drone_cartographer) by extensions ['ignore', 'ignore_ament_install']
[1.269s] Level 1:colcon.colcon_core.package_identification:_identify(src/drone_cartographer) by extension 'ignore'
[1.269s] Level 1:colcon.colcon_core.package_identification:_identify(src/drone_cartographer) by extension 'ignore_ament_install'
[1.269s] Level 1:colcon.colcon_core.package_identification:_identify(src/drone_cartographer) by extensions ['colcon_pkg']
[1.269s] Level 1:colcon.colcon_core.package_identification:_identify(src/drone_cartographer) by extension 'colcon_pkg'
[1.269s] Level 1:colcon.colcon_core.package_identification:_identify(src/drone_cartographer) by extensions ['colcon_meta']
[1.269s] Level 1:colcon.colcon_core.package_identification:_identify(src/drone_cartographer) by extension 'colcon_meta'
[1.269s] Level 1:colcon.colcon_core.package_identification:_identify(src/drone_cartographer) by extensions ['ros']
[1.269s] Level 1:colcon.colcon_core.package_identification:_identify(src/drone_cartographer) by extension 'ros'
[1.280s] DEBUG:colcon.colcon_core.package_identification:Package 'src/drone_cartographer' with type 'ros.ament_cmake' and name 'drone_cartographer'
[1.280s] Level 1:colcon.colcon_core.package_identification:_identify(src/drone_description) by extensions ['ignore', 'ignore_ament_install']
[1.280s] Level 1:colcon.colcon_core.package_identification:_identify(src/drone_description) by extension 'ignore'
[1.280s] Level 1:colcon.colcon_core.package_identification:_identify(src/drone_description) by extension 'ignore_ament_install'
[1.280s] Level 1:colcon.colcon_core.package_identification:_identify(src/drone_description) by extensions ['colcon_pkg']
[1.280s] Level 1:colcon.colcon_core.package_identification:_identify(src/drone_description) by extension 'colcon_pkg'
[1.280s] Level 1:colcon.colcon_core.package_identification:_identify(src/drone_description) by extensions ['colcon_meta']
[1.281s] Level 1:colcon.colcon_core.package_identification:_identify(src/drone_description) by extension 'colcon_meta'
[1.281s] Level 1:colcon.colcon_core.package_identification:_identify(src/drone_description) by extensions ['ros']
[1.281s] Level 1:colcon.colcon_core.package_identification:_identify(src/drone_description) by extension 'ros'
[1.284s] DEBUG:colcon.colcon_core.package_identification:Package 'src/drone_description' with type 'ros.ament_python' and name 'drone_description'
[1.284s] Level 1:colcon.colcon_core.package_identification:_identify(src/example_cpp) by extensions ['ignore', 'ignore_ament_install']
[1.285s] Level 1:colcon.colcon_core.package_identification:_identify(src/example_cpp) by extension 'ignore'
[1.285s] Level 1:colcon.colcon_core.package_identification:_identify(src/example_cpp) by extension 'ignore_ament_install'
[1.285s] Level 1:colcon.colcon_core.package_identification:_identify(src/example_cpp) by extensions ['colcon_pkg']
[1.285s] Level 1:colcon.colcon_core.package_identification:_identify(src/example_cpp) by extension 'colcon_pkg'
[1.285s] Level 1:colcon.colcon_core.package_identification:_identify(src/example_cpp) by extensions ['colcon_meta']
[1.285s] Level 1:colcon.colcon_core.package_identification:_identify(src/example_cpp) by extension 'colcon_meta'
[1.285s] Level 1:colcon.colcon_core.package_identification:_identify(src/example_cpp) by extensions ['ros']
[1.285s] Level 1:colcon.colcon_core.package_identification:_identify(src/example_cpp) by extension 'ros'
[1.289s] DEBUG:colcon.colcon_core.package_identification:Package 'src/example_cpp' with type 'ros.ament_cmake' and name 'example_cpp'
[1.289s] Level 1:colcon.colcon_core.package_discovery:discover_packages(recursive) using defaults
[1.289s] Level 1:colcon.colcon_core.package_discovery:discover_packages(ignore) discover
[1.289s] Level 1:colcon.colcon_core.package_discovery:discover_packages(ignore) using defaults
[1.289s] Level 1:colcon.colcon_core.package_discovery:discover_packages(path) discover
[1.289s] Level 1:colcon.colcon_core.package_discovery:discover_packages(path) using defaults
[1.389s] Level 1:colcon.colcon_core.package_discovery:discover_packages(prefix_path) check parameters
[1.389s] Level 1:colcon.colcon_core.package_discovery:discover_packages(prefix_path) discover
[1.401s] DEBUG:colcon.colcon_installed_package_information.package_discovery:Found 3 installed packages in /home/yahboom/5550_ros2_ws/install
[1.402s] DEBUG:colcon.colcon_installed_package_information.package_discovery:Found 4 installed packages in /home/yahboom/yahboomcar_ws/install
[1.406s] DEBUG:colcon.colcon_installed_package_information.package_discovery:Found 301 installed packages in /opt/ros/humble
[1.409s] Level 1:colcon.colcon_core.package_discovery:discover_packages(prefix_path) using defaults
[1.518s] Level 5:colcon.colcon_core.verb:set package 'drone_cartographer' build argument 'cmake_args' from command line to 'None'
[1.518s] Level 5:colcon.colcon_core.verb:set package 'drone_cartographer' build argument 'cmake_target' from command line to 'None'
[1.518s] Level 5:colcon.colcon_core.verb:set package 'drone_cartographer' build argument 'cmake_target_skip_unavailable' from command line to 'False'
[1.518s] Level 5:colcon.colcon_core.verb:set package 'drone_cartographer' build argument 'cmake_clean_cache' from command line to 'False'
[1.518s] Level 5:colcon.colcon_core.verb:set package 'drone_cartographer' build argument 'cmake_clean_first' from command line to 'False'
[1.518s] Level 5:colcon.colcon_core.verb:set package 'drone_cartographer' build argument 'cmake_force_configure' from command line to 'False'
[1.518s] Level 5:colcon.colcon_core.verb:set package 'drone_cartographer' build argument 'ament_cmake_args' from command line to 'None'
[1.518s] Level 5:colcon.colcon_core.verb:set package 'drone_cartographer' build argument 'catkin_cmake_args' from command line to 'None'
[1.518s] Level 5:colcon.colcon_core.verb:set package 'drone_cartographer' build argument 'catkin_skip_building_tests' from command line to 'False'
[1.518s] DEBUG:colcon.colcon_core.verb:Building package 'drone_cartographer' with the following arguments: {'ament_cmake_args': None, 'build_base': '/home/yahboom/5550_ros2_ws/build/drone_cartographer', 'catkin_cmake_args': None, 'catkin_skip_building_tests': False, 'cmake_args': None, 'cmake_clean_cache': False, 'cmake_clean_first': False, 'cmake_force_configure': False, 'cmake_target': None, 'cmake_target_skip_unavailable': False, 'install_base': '/home/yahboom/5550_ros2_ws/install/drone_cartographer', 'merge_install': False, 'path': '/home/yahboom/5550_ros2_ws/src/drone_cartographer', 'symlink_install': False, 'test_result_base': None}
[1.519s] Level 5:colcon.colcon_core.verb:set package 'drone_description' build argument 'cmake_args' from command line to 'None'
[1.519s] Level 5:colcon.colcon_core.verb:set package 'drone_description' build argument 'cmake_target' from command line to 'None'
[1.519s] Level 5:colcon.colcon_core.verb:set package 'drone_description' build argument 'cmake_target_skip_unavailable' from command line to 'False'
[1.519s] Level 5:colcon.colcon_core.verb:set package 'drone_description' build argument 'cmake_clean_cache' from command line to 'False'
[1.519s] Level 5:colcon.colcon_core.verb:set package 'drone_description' build argument 'cmake_clean_first' from command line to 'False'
[1.519s] Level 5:colcon.colcon_core.verb:set package 'drone_description' build argument 'cmake_force_configure' from command line to 'False'
[1.519s] Level 5:colcon.colcon_core.verb:set package 'drone_description' build argument 'ament_cmake_args' from command line to 'None'
[1.519s] Level 5:colcon.colcon_core.verb:set package 'drone_description' build argument 'catkin_cmake_args' from command line to 'None'
[1.519s] Level 5:colcon.colcon_core.verb:set package 'drone_description' build argument 'catkin_skip_building_tests' from command line to 'False'
[1.519s] DEBUG:colcon.colcon_core.verb:Building package 'drone_description' with the following arguments: {'ament_cmake_args': None, 'build_base': '/home/yahboom/5550_ros2_ws/build/drone_description', 'catkin_cmake_args': None, 'catkin_skip_building_tests': False, 'cmake_args': None, 'cmake_clean_cache': False, 'cmake_clean_first': False, 'cmake_force_configure': False, 'cmake_target': None, 'cmake_target_skip_unavailable': False, 'install_base': '/home/yahboom/5550_ros2_ws/install/drone_description', 'merge_install': False, 'path': '/home/yahboom/5550_ros2_ws/src/drone_description', 'symlink_install': False, 'test_result_base': None}
[1.520s] Level 5:colcon.colcon_core.verb:set package 'example_cpp' build argument 'cmake_args' from command line to 'None'
[1.520s] Level 5:colcon.colcon_core.verb:set package 'example_cpp' build argument 'cmake_target' from command line to 'None'
[1.520s] Level 5:colcon.colcon_core.verb:set package 'example_cpp' build argument 'cmake_target_skip_unavailable' from command line to 'False'
[1.520s] Level 5:colcon.colcon_core.verb:set package 'example_cpp' build argument 'cmake_clean_cache' from command line to 'False'
[1.520s] Level 5:colcon.colcon_core.verb:set package 'example_cpp' build argument 'cmake_clean_first' from command line to 'False'
[1.520s] Level 5:colcon.colcon_core.verb:set package 'example_cpp' build argument 'cmake_force_configure' from command line to 'False'
[1.520s] Level 5:colcon.colcon_core.verb:set package 'example_cpp' build argument 'ament_cmake_args' from command line to 'None'
[1.520s] Level 5:colcon.colcon_core.verb:set package 'example_cpp' build argument 'catkin_cmake_args' from command line to 'None'
[1.520s] Level 5:colcon.colcon_core.verb:set package 'example_cpp' build argument 'catkin_skip_building_tests' from command line to 'False'
[1.520s] DEBUG:colcon.colcon_core.verb:Building package 'example_cpp' with the following arguments: {'ament_cmake_args': None, 'build_base': '/home/yahboom/5550_ros2_ws/build/example_cpp', 'catkin_cmake_args': None, 'catkin_skip_building_tests': False, 'cmake_args': None, 'cmake_clean_cache': False, 'cmake_clean_first': False, 'cmake_force_configure': False, 'cmake_target': None, 'cmake_target_skip_unavailable': False, 'install_base': '/home/yahboom/5550_ros2_ws/install/example_cpp', 'merge_install': False, 'path': '/home/yahboom/5550_ros2_ws/src/example_cpp', 'symlink_install': False, 'test_result_base': None}
[1.520s] INFO:colcon.colcon_core.executor:Executing jobs using 'parallel' executor
[1.522s] DEBUG:colcon.colcon_parallel_executor.executor.parallel:run_until_complete
[1.522s] INFO:colcon.colcon_ros.task.ament_cmake.build:Building ROS package in '/home/yahboom/5550_ros2_ws/src/drone_cartographer' with build type 'ament_cmake'
[1.523s] INFO:colcon.colcon_cmake.task.cmake.build:Building CMake package in '/home/yahboom/5550_ros2_ws/src/drone_cartographer'
[1.542s] INFO:colcon.colcon_core.plugin_system:Skipping extension 'colcon_core.shell.bat': Not used on non-Windows systems
[1.543s] INFO:colcon.colcon_core.shell:Skip shell extension 'powershell' for command environment: Not usable outside of PowerShell
[1.543s] DEBUG:colcon.colcon_core.shell:Skip shell extension 'dsv' for command environment
[1.554s] INFO:colcon.colcon_ros.task.ament_python.build:Building ROS package in '/home/yahboom/5550_ros2_ws/src/drone_description' with build type 'ament_python'
[1.554s] Level 1:colcon.colcon_core.shell:create_environment_hook('drone_description', 'ament_prefix_path')
[1.555s] INFO:colcon.colcon_core.shell:Creating environment hook '/home/yahboom/5550_ros2_ws/install/drone_description/share/drone_description/hook/ament_prefix_path.ps1'
[1.559s] INFO:colcon.colcon_core.shell:Creating environment descriptor '/home/yahboom/5550_ros2_ws/install/drone_description/share/drone_description/hook/ament_prefix_path.dsv'
[1.561s] INFO:colcon.colcon_core.shell:Creating environment hook '/home/yahboom/5550_ros2_ws/install/drone_description/share/drone_description/hook/ament_prefix_path.sh'
[1.563s] INFO:colcon.colcon_core.shell:Skip shell extension 'powershell' for command environment: Not usable outside of PowerShell
[1.563s] DEBUG:colcon.colcon_core.shell:Skip shell extension 'dsv' for command environment
[1.571s] INFO:colcon.colcon_ros.task.ament_cmake.build:Building ROS package in '/home/yahboom/5550_ros2_ws/src/example_cpp' with build type 'ament_cmake'
[1.571s] INFO:colcon.colcon_cmake.task.cmake.build:Building CMake package in '/home/yahboom/5550_ros2_ws/src/example_cpp'
[1.571s] INFO:colcon.colcon_core.shell:Skip shell extension 'powershell' for command environment: Not usable outside of PowerShell
[1.571s] DEBUG:colcon.colcon_core.shell:Skip shell extension 'dsv' for command environment
[1.581s] DEBUG:colcon.colcon_core.event_handler.log_command:Invoking command in '/home/yahboom/5550_ros2_ws/build/drone_cartographer': CMAKE_PREFIX_PATH=${CMAKE_PREFIX_PATH}:/home/yahboom/5550_ros2_ws/install/drone_description:/opt/ros/humble /usr/bin/cmake --build /home/yahboom/5550_ros2_ws/build/drone_cartographer -- -j4 -l4
[1.901s] INFO:colcon.colcon_core.task.python.build:Building Python package in '/home/yahboom/5550_ros2_ws/src/drone_description'
[1.902s] INFO:colcon.colcon_core.shell:Skip shell extension 'powershell' for command environment: Not usable outside of PowerShell
[1.902s] DEBUG:colcon.colcon_core.shell:Skip shell extension 'dsv' for command environment
[1.924s] DEBUG:colcon.colcon_core.event_handler.log_command:Invoking command in '/home/yahboom/5550_ros2_ws/build/example_cpp': CMAKE_PREFIX_PATH=${CMAKE_PREFIX_PATH}:/home/yahboom/5550_ros2_ws/install/drone_description:/opt/ros/humble /usr/bin/cmake --build /home/yahboom/5550_ros2_ws/build/example_cpp -- -j4 -l4
[1.927s] DEBUG:colcon.colcon_core.event_handler.log_command:Invoked command in '/home/yahboom/5550_ros2_ws/build/drone_cartographer' returned '0': CMAKE_PREFIX_PATH=${CMAKE_PREFIX_PATH}:/home/yahboom/5550_ros2_ws/install/drone_description:/opt/ros/humble /usr/bin/cmake --build /home/yahboom/5550_ros2_ws/build/drone_cartographer -- -j4 -l4
[1.986s] DEBUG:colcon.colcon_core.event_handler.log_command:Invoking command in '/home/yahboom/5550_ros2_ws/build/drone_cartographer': CMAKE_PREFIX_PATH=${CMAKE_PREFIX_PATH}:/home/yahboom/5550_ros2_ws/install/drone_description:/opt/ros/humble /usr/bin/cmake --install /home/yahboom/5550_ros2_ws/build/drone_cartographer
[2.005s] Level 1:colcon.colcon_core.environment:create_environment_scripts_only(drone_cartographer)
[2.005s] DEBUG:colcon.colcon_core.event_handler.log_command:Invoked command in '/home/yahboom/5550_ros2_ws/build/drone_cartographer' returned '0': CMAKE_PREFIX_PATH=${CMAKE_PREFIX_PATH}:/home/yahboom/5550_ros2_ws/install/drone_description:/opt/ros/humble /usr/bin/cmake --install /home/yahboom/5550_ros2_ws/build/drone_cartographer
[2.018s] Level 1:colcon.colcon_core.environment:checking '/home/yahboom/5550_ros2_ws/install/drone_cartographer' for CMake module files
[2.019s] Level 1:colcon.colcon_core.environment:checking '/home/yahboom/5550_ros2_ws/install/drone_cartographer' for CMake config files
[2.019s] Level 1:colcon.colcon_core.shell:create_environment_hook('drone_cartographer', 'cmake_prefix_path')
[2.019s] INFO:colcon.colcon_core.shell:Creating environment hook '/home/yahboom/5550_ros2_ws/install/drone_cartographer/share/drone_cartographer/hook/cmake_prefix_path.ps1'
[2.020s] INFO:colcon.colcon_core.shell:Creating environment descriptor '/home/yahboom/5550_ros2_ws/install/drone_cartographer/share/drone_cartographer/hook/cmake_prefix_path.dsv'
[2.020s] INFO:colcon.colcon_core.shell:Creating environment hook '/home/yahboom/5550_ros2_ws/install/drone_cartographer/share/drone_cartographer/hook/cmake_prefix_path.sh'
[2.020s] Level 1:colcon.colcon_core.environment:checking '/home/yahboom/5550_ros2_ws/install/drone_cartographer/bin'
[2.020s] Level 1:colcon.colcon_core.environment:checking '/home/yahboom/5550_ros2_ws/install/drone_cartographer/lib/pkgconfig/drone_cartographer.pc'
[2.021s] Level 1:colcon.colcon_core.environment:checking '/home/yahboom/5550_ros2_ws/install/drone_cartographer/lib/python3.10/site-packages'
[2.021s] Level 1:colcon.colcon_core.environment:checking '/home/yahboom/5550_ros2_ws/install/drone_cartographer/bin'
[2.021s] INFO:colcon.colcon_core.shell:Creating package script '/home/yahboom/5550_ros2_ws/install/drone_cartographer/share/drone_cartographer/package.ps1'
[2.022s] INFO:colcon.colcon_core.shell:Creating package descriptor '/home/yahboom/5550_ros2_ws/install/drone_cartographer/share/drone_cartographer/package.dsv'
[2.023s] INFO:colcon.colcon_core.shell:Creating package script '/home/yahboom/5550_ros2_ws/install/drone_cartographer/share/drone_cartographer/package.sh'
[2.024s] INFO:colcon.colcon_core.shell:Creating package script '/home/yahboom/5550_ros2_ws/install/drone_cartographer/share/drone_cartographer/package.bash'
[2.026s] INFO:colcon.colcon_core.shell:Creating package script '/home/yahboom/5550_ros2_ws/install/drone_cartographer/share/drone_cartographer/package.zsh'
[2.028s] Level 1:colcon.colcon_core.environment:create_file_with_runtime_dependencies(/home/yahboom/5550_ros2_ws/install/drone_cartographer/share/colcon-core/packages/drone_cartographer)
[2.056s] Level 1:colcon.colcon_core.environment:create_environment_scripts_only(drone_cartographer)
[2.056s] Level 1:colcon.colcon_core.environment:checking '/home/yahboom/5550_ros2_ws/install/drone_cartographer' for CMake module files
[2.057s] Level 1:colcon.colcon_core.environment:checking '/home/yahboom/5550_ros2_ws/install/drone_cartographer' for CMake config files
[2.057s] Level 1:colcon.colcon_core.shell:create_environment_hook('drone_cartographer', 'cmake_prefix_path')
[2.057s] INFO:colcon.colcon_core.shell:Creating environment hook '/home/yahboom/5550_ros2_ws/install/drone_cartographer/share/drone_cartographer/hook/cmake_prefix_path.ps1'
[2.057s] INFO:colcon.colcon_core.shell:Creating environment descriptor '/home/yahboom/5550_ros2_ws/install/drone_cartographer/share/drone_cartographer/hook/cmake_prefix_path.dsv'
[2.057s] INFO:colcon.colcon_core.shell:Creating environment hook '/home/yahboom/5550_ros2_ws/install/drone_cartographer/share/drone_cartographer/hook/cmake_prefix_path.sh'
[2.058s] Level 1:colcon.colcon_core.environment:checking '/home/yahboom/5550_ros2_ws/install/drone_cartographer/bin'
[2.058s] Level 1:colcon.colcon_core.environment:checking '/home/yahboom/5550_ros2_ws/install/drone_cartographer/lib/pkgconfig/drone_cartographer.pc'
[2.058s] Level 1:colcon.colcon_core.environment:checking '/home/yahboom/5550_ros2_ws/install/drone_cartographer/lib/python3.10/site-packages'
[2.059s] Level 1:colcon.colcon_core.environment:checking '/home/yahboom/5550_ros2_ws/install/drone_cartographer/bin'
[2.059s] INFO:colcon.colcon_core.shell:Creating package script '/home/yahboom/5550_ros2_ws/install/drone_cartographer/share/drone_cartographer/package.ps1'
[2.059s] INFO:colcon.colcon_core.shell:Creating package descriptor '/home/yahboom/5550_ros2_ws/install/drone_cartographer/share/drone_cartographer/package.dsv'
[2.060s] INFO:colcon.colcon_core.shell:Creating package script '/home/yahboom/5550_ros2_ws/install/drone_cartographer/share/drone_cartographer/package.sh'
[2.060s] INFO:colcon.colcon_core.shell:Creating package script '/home/yahboom/5550_ros2_ws/install/drone_cartographer/share/drone_cartographer/package.bash'
[2.060s] INFO:colcon.colcon_core.shell:Creating package script '/home/yahboom/5550_ros2_ws/install/drone_cartographer/share/drone_cartographer/package.zsh'
[2.061s] Level 1:colcon.colcon_core.environment:create_file_with_runtime_dependencies(/home/yahboom/5550_ros2_ws/install/drone_cartographer/share/colcon-core/packages/drone_cartographer)
[2.131s] DEBUG:colcon.colcon_core.event_handler.log_command:Invoked command in '/home/yahboom/5550_ros2_ws/build/example_cpp' returned '0': CMAKE_PREFIX_PATH=${CMAKE_PREFIX_PATH}:/home/yahboom/5550_ros2_ws/install/drone_description:/opt/ros/humble /usr/bin/cmake --build /home/yahboom/5550_ros2_ws/build/example_cpp -- -j4 -l4
[2.162s] DEBUG:colcon.colcon_core.event_handler.log_command:Invoking command in '/home/yahboom/5550_ros2_ws/build/example_cpp': CMAKE_PREFIX_PATH=${CMAKE_PREFIX_PATH}:/home/yahboom/5550_ros2_ws/install/drone_description:/opt/ros/humble /usr/bin/cmake --install /home/yahboom/5550_ros2_ws/build/example_cpp
[2.188s] Level 1:colcon.colcon_core.environment:create_environment_scripts_only(example_cpp)
[2.188s] Level 1:colcon.colcon_core.environment:checking '/home/yahboom/5550_ros2_ws/install/example_cpp' for CMake module files
[2.189s] DEBUG:colcon.colcon_core.event_handler.log_command:Invoked command in '/home/yahboom/5550_ros2_ws/build/example_cpp' returned '0': CMAKE_PREFIX_PATH=${CMAKE_PREFIX_PATH}:/home/yahboom/5550_ros2_ws/install/drone_description:/opt/ros/humble /usr/bin/cmake --install /home/yahboom/5550_ros2_ws/build/example_cpp
[2.189s] Level 1:colcon.colcon_core.environment:checking '/home/yahboom/5550_ros2_ws/install/example_cpp' for CMake config files
[2.189s] Level 1:colcon.colcon_core.shell:create_environment_hook('example_cpp', 'cmake_prefix_path')
[2.189s] INFO:colcon.colcon_core.shell:Creating environment hook '/home/yahboom/5550_ros2_ws/install/example_cpp/share/example_cpp/hook/cmake_prefix_path.ps1'
[2.190s] INFO:colcon.colcon_core.shell:Creating environment descriptor '/home/yahboom/5550_ros2_ws/install/example_cpp/share/example_cpp/hook/cmake_prefix_path.dsv'
[2.190s] INFO:colcon.colcon_core.shell:Creating environment hook '/home/yahboom/5550_ros2_ws/install/example_cpp/share/example_cpp/hook/cmake_prefix_path.sh'
[2.190s] Level 1:colcon.colcon_core.environment:checking '/home/yahboom/5550_ros2_ws/install/example_cpp/lib'
[2.191s] Level 1:colcon.colcon_core.environment:checking '/home/yahboom/5550_ros2_ws/install/example_cpp/bin'
[2.191s] Level 1:colcon.colcon_core.environment:checking '/home/yahboom/5550_ros2_ws/install/example_cpp/lib/pkgconfig/example_cpp.pc'
[2.191s] Level 1:colcon.colcon_core.environment:checking '/home/yahboom/5550_ros2_ws/install/example_cpp/lib/python3.10/site-packages'
[2.191s] Level 1:colcon.colcon_core.environment:checking '/home/yahboom/5550_ros2_ws/install/example_cpp/bin'
[2.191s] INFO:colcon.colcon_core.shell:Creating package script '/home/yahboom/5550_ros2_ws/install/example_cpp/share/example_cpp/package.ps1'
[2.191s] INFO:colcon.colcon_core.shell:Creating package descriptor '/home/yahboom/5550_ros2_ws/install/example_cpp/share/example_cpp/package.dsv'
[2.192s] INFO:colcon.colcon_core.shell:Creating package script '/home/yahboom/5550_ros2_ws/install/example_cpp/share/example_cpp/package.sh'
[2.192s] INFO:colcon.colcon_core.shell:Creating package script '/home/yahboom/5550_ros2_ws/install/example_cpp/share/example_cpp/package.bash'
[2.193s] INFO:colcon.colcon_core.shell:Creating package script '/home/yahboom/5550_ros2_ws/install/example_cpp/share/example_cpp/package.zsh'
[2.193s] Level 1:colcon.colcon_core.environment:create_file_with_runtime_dependencies(/home/yahboom/5550_ros2_ws/install/example_cpp/share/colcon-core/packages/example_cpp)
[2.223s] Level 1:colcon.colcon_core.environment:create_environment_scripts_only(example_cpp)
[2.224s] Level 1:colcon.colcon_core.environment:checking '/home/yahboom/5550_ros2_ws/install/example_cpp' for CMake module files
[2.224s] Level 1:colcon.colcon_core.environment:checking '/home/yahboom/5550_ros2_ws/install/example_cpp' for CMake config files
[2.224s] Level 1:colcon.colcon_core.shell:create_environment_hook('example_cpp', 'cmake_prefix_path')
[2.224s] INFO:colcon.colcon_core.shell:Creating environment hook '/home/yahboom/5550_ros2_ws/install/example_cpp/share/example_cpp/hook/cmake_prefix_path.ps1'
[2.225s] INFO:colcon.colcon_core.shell:Creating environment descriptor '/home/yahboom/5550_ros2_ws/install/example_cpp/share/example_cpp/hook/cmake_prefix_path.dsv'
[2.225s] INFO:colcon.colcon_core.shell:Creating environment hook '/home/yahboom/5550_ros2_ws/install/example_cpp/share/example_cpp/hook/cmake_prefix_path.sh'
[2.226s] Level 1:colcon.colcon_core.environment:checking '/home/yahboom/5550_ros2_ws/install/example_cpp/lib'
[2.226s] Level 1:colcon.colcon_core.environment:checking '/home/yahboom/5550_ros2_ws/install/example_cpp/bin'
[2.226s] Level 1:colcon.colcon_core.environment:checking '/home/yahboom/5550_ros2_ws/install/example_cpp/lib/pkgconfig/example_cpp.pc'
[2.226s] Level 1:colcon.colcon_core.environment:checking '/home/yahboom/5550_ros2_ws/install/example_cpp/lib/python3.10/site-packages'
[2.226s] Level 1:colcon.colcon_core.environment:checking '/home/yahboom/5550_ros2_ws/install/example_cpp/bin'
[2.226s] INFO:colcon.colcon_core.shell:Creating package script '/home/yahboom/5550_ros2_ws/install/example_cpp/share/example_cpp/package.ps1'
[2.226s] INFO:colcon.colcon_core.shell:Creating package descriptor '/home/yahboom/5550_ros2_ws/install/example_cpp/share/example_cpp/package.dsv'
[2.227s] INFO:colcon.colcon_core.shell:Creating package script '/home/yahboom/5550_ros2_ws/install/example_cpp/share/example_cpp/package.sh'
[2.227s] INFO:colcon.colcon_core.shell:Creating package script '/home/yahboom/5550_ros2_ws/install/example_cpp/share/example_cpp/package.bash'
[2.227s] INFO:colcon.colcon_core.shell:Creating package script '/home/yahboom/5550_ros2_ws/install/example_cpp/share/example_cpp/package.zsh'
[2.227s] Level 1:colcon.colcon_core.environment:create_file_with_runtime_dependencies(/home/yahboom/5550_ros2_ws/install/example_cpp/share/colcon-core/packages/example_cpp)
[2.914s] DEBUG:colcon.colcon_core.event_handler.log_command:Invoking command in '/home/yahboom/5550_ros2_ws/src/drone_description': PYTHONPATH=/home/yahboom/5550_ros2_ws/build/drone_description/prefix_override:/home/yahboom/5550_ros2_ws/install/drone_description/lib/python3.10/site-packages:${PYTHONPATH} /usr/bin/python3 -W ignore:setup.py install is deprecated setup.py egg_info --egg-base ../../build/drone_description build --build-base /home/yahboom/5550_ros2_ws/build/drone_description/build install --record /home/yahboom/5550_ros2_ws/build/drone_description/install.log --single-version-externally-managed install_data
[3.431s] Level 1:colcon.colcon_core.environment:checking '/home/yahboom/5550_ros2_ws/install/drone_description' for CMake module files
[3.432s] DEBUG:colcon.colcon_core.event_handler.log_command:Invoked command in '/home/yahboom/5550_ros2_ws/src/drone_description' returned '0': PYTHONPATH=/home/yahboom/5550_ros2_ws/build/drone_description/prefix_override:/home/yahboom/5550_ros2_ws/install/drone_description/lib/python3.10/site-packages:${PYTHONPATH} /usr/bin/python3 -W ignore:setup.py install is deprecated setup.py egg_info --egg-base ../../build/drone_description build --build-base /home/yahboom/5550_ros2_ws/build/drone_description/build install --record /home/yahboom/5550_ros2_ws/build/drone_description/install.log --single-version-externally-managed install_data
[3.433s] Level 1:colcon.colcon_core.environment:checking '/home/yahboom/5550_ros2_ws/install/drone_description' for CMake config files
[3.436s] Level 1:colcon.colcon_core.environment:checking '/home/yahboom/5550_ros2_ws/install/drone_description/lib'
[3.436s] Level 1:colcon.colcon_core.environment:checking '/home/yahboom/5550_ros2_ws/install/drone_description/bin'
[3.436s] Level 1:colcon.colcon_core.environment:checking '/home/yahboom/5550_ros2_ws/install/drone_description/lib/pkgconfig/drone_description.pc'
[3.436s] Level 1:colcon.colcon_core.environment:checking '/home/yahboom/5550_ros2_ws/install/drone_description/lib/python3.10/site-packages'
[3.436s] Level 1:colcon.colcon_core.shell:create_environment_hook('drone_description', 'pythonpath')
[3.437s] INFO:colcon.colcon_core.shell:Creating environment hook '/home/yahboom/5550_ros2_ws/install/drone_description/share/drone_description/hook/pythonpath.ps1'
[3.438s] INFO:colcon.colcon_core.shell:Creating environment descriptor '/home/yahboom/5550_ros2_ws/install/drone_description/share/drone_description/hook/pythonpath.dsv'
[3.438s] INFO:colcon.colcon_core.shell:Creating environment hook '/home/yahboom/5550_ros2_ws/install/drone_description/share/drone_description/hook/pythonpath.sh'
[3.439s] Level 1:colcon.colcon_core.environment:checking '/home/yahboom/5550_ros2_ws/install/drone_description/bin'
[3.439s] Level 1:colcon.colcon_core.environment:create_environment_scripts_only(drone_description)
[3.440s] INFO:colcon.colcon_core.shell:Creating package script '/home/yahboom/5550_ros2_ws/install/drone_description/share/drone_description/package.ps1'
[3.440s] INFO:colcon.colcon_core.shell:Creating package descriptor '/home/yahboom/5550_ros2_ws/install/drone_description/share/drone_description/package.dsv'
[3.441s] INFO:colcon.colcon_core.shell:Creating package script '/home/yahboom/5550_ros2_ws/install/drone_description/share/drone_description/package.sh'
[3.442s] INFO:colcon.colcon_core.shell:Creating package script '/home/yahboom/5550_ros2_ws/install/drone_description/share/drone_description/package.bash'
[3.442s] INFO:colcon.colcon_core.shell:Creating package script '/home/yahboom/5550_ros2_ws/install/drone_description/share/drone_description/package.zsh'
[3.443s] Level 1:colcon.colcon_core.environment:create_file_with_runtime_dependencies(/home/yahboom/5550_ros2_ws/install/drone_description/share/colcon-core/packages/drone_description)
[3.443s] DEBUG:colcon.colcon_parallel_executor.executor.parallel:closing loop
[3.444s] DEBUG:colcon.colcon_parallel_executor.executor.parallel:loop closed
[3.444s] DEBUG:colcon.colcon_parallel_executor.executor.parallel:run_until_complete finished with '0'
[3.445s] DEBUG:colcon.colcon_core.event_reactor:joining thread
[3.462s] INFO:colcon.colcon_core.plugin_system:Skipping extension 'colcon_notification.desktop_notification.terminal_notifier': Not used on non-Darwin systems
[3.462s] INFO:colcon.colcon_core.plugin_system:Skipping extension 'colcon_notification.desktop_notification.win32': Not used on non-Windows systems
[3.462s] INFO:colcon.colcon_notification.desktop_notification:Sending desktop notification using 'notify2'
[3.501s] DEBUG:colcon.colcon_core.event_reactor:joined thread
[3.501s] INFO:colcon.colcon_core.shell:Creating prefix script '/home/yahboom/5550_ros2_ws/install/local_setup.ps1'
[3.504s] INFO:colcon.colcon_core.shell:Creating prefix util module '/home/yahboom/5550_ros2_ws/install/_local_setup_util_ps1.py'
[3.506s] INFO:colcon.colcon_core.shell:Creating prefix chain script '/home/yahboom/5550_ros2_ws/install/setup.ps1'
[3.509s] INFO:colcon.colcon_core.shell:Creating prefix script '/home/yahboom/5550_ros2_ws/install/local_setup.sh'
[3.510s] INFO:colcon.colcon_core.shell:Creating prefix util module '/home/yahboom/5550_ros2_ws/install/_local_setup_util_sh.py'
[3.511s] INFO:colcon.colcon_core.shell:Creating prefix chain script '/home/yahboom/5550_ros2_ws/install/setup.sh'
[3.513s] INFO:colcon.colcon_core.shell:Creating prefix script '/home/yahboom/5550_ros2_ws/install/local_setup.bash'
[3.514s] INFO:colcon.colcon_core.shell:Creating prefix chain script '/home/yahboom/5550_ros2_ws/install/setup.bash'
[3.517s] INFO:colcon.colcon_core.shell:Creating prefix script '/home/yahboom/5550_ros2_ws/install/local_setup.zsh'
[3.519s] INFO:colcon.colcon_core.shell:Creating prefix chain script '/home/yahboom/5550_ros2_ws/install/setup.zsh'
