[0.015s] Invoking command in '/home/yahboom/5550_ros2_ws/build/drone_cartographer': CMAKE_PREFIX_PATH=${CMAKE_PREFIX_PATH}:/home/yahboom/5550_ros2_ws/install/drone_description:/opt/ros/humble /usr/bin/cmake /home/yahboom/5550_ros2_ws/src/drone_cartographer -DCMAKE_INSTALL_PREFIX=/home/yahboom/5550_ros2_ws/install/drone_cartographer
[0.090s] -- The C compiler identification is GNU 11.4.0
[0.133s] -- The CXX compiler identification is GNU 11.4.0
[0.140s] -- Detecting C compiler ABI info
[0.193s] -- Detecting C compiler ABI info - done
[0.196s] -- Check for working C compiler: /usr/bin/cc - skipped
[0.197s] -- Detecting C compile features
[0.198s] -- Detecting C compile features - done
[0.200s] -- Detecting CXX compiler ABI info
[0.257s] -- Detecting CXX compiler ABI info - done
[0.260s] -- Check for working CXX compiler: /usr/bin/c++ - skipped
[0.261s] -- Detecting CXX compile features
[0.261s] -- Detecting CXX compile features - done
[0.270s] -- Found ament_cmake: 1.3.8 (/opt/ros/humble/share/ament_cmake/cmake)
[0.373s] -- Found Python3: /usr/bin/python3 (found version "3.10.12") found components: Interpreter 
[0.465s] -- Found ament_lint_auto: 0.12.10 (/opt/ros/humble/share/ament_lint_auto/cmake)
[0.523s] -- Added test 'flake8' to check Python code syntax and style conventions
[0.524s] -- Added test 'lint_cmake' to check CMake code style
[0.525s] -- Added test 'pep257' to check Python code against some of the docstring style conventions in PEP 257
[0.525s] -- Added test 'xmllint' to check XML markup files
[0.527s] -- Configuring done
[0.529s] -- Generating done
[0.529s] -- Build files have been written to: /home/yahboom/5550_ros2_ws/build/drone_cartographer
[0.532s] Invoked command in '/home/yahboom/5550_ros2_ws/build/drone_cartographer' returned '0': CMAKE_PREFIX_PATH=${CMAKE_PREFIX_PATH}:/home/yahboom/5550_ros2_ws/install/drone_description:/opt/ros/humble /usr/bin/cmake /home/yahboom/5550_ros2_ws/src/drone_cartographer -DCMAKE_INSTALL_PREFIX=/home/yahboom/5550_ros2_ws/install/drone_cartographer
[0.534s] Invoking command in '/home/yahboom/5550_ros2_ws/build/drone_cartographer': CMAKE_PREFIX_PATH=${CMAKE_PREFIX_PATH}:/home/yahboom/5550_ros2_ws/install/drone_description:/opt/ros/humble /usr/bin/cmake --build /home/yahboom/5550_ros2_ws/build/drone_cartographer -- -j4 -l4
[0.559s] Invoked command in '/home/yahboom/5550_ros2_ws/build/drone_cartographer' returned '0': CMAKE_PREFIX_PATH=${CMAKE_PREFIX_PATH}:/home/yahboom/5550_ros2_ws/install/drone_description:/opt/ros/humble /usr/bin/cmake --build /home/yahboom/5550_ros2_ws/build/drone_cartographer -- -j4 -l4
[0.585s] Invoking command in '/home/yahboom/5550_ros2_ws/build/drone_cartographer': CMAKE_PREFIX_PATH=${CMAKE_PREFIX_PATH}:/home/yahboom/5550_ros2_ws/install/drone_description:/opt/ros/humble /usr/bin/cmake --install /home/yahboom/5550_ros2_ws/build/drone_cartographer
[0.590s] -- Install configuration: ""
[0.590s] -- Installing: /home/yahboom/5550_ros2_ws/install/drone_cartographer/share/ament_index/resource_index/package_run_dependencies/drone_cartographer
[0.590s] -- Installing: /home/yahboom/5550_ros2_ws/install/drone_cartographer/share/ament_index/resource_index/parent_prefix_path/drone_cartographer
[0.590s] -- Installing: /home/yahboom/5550_ros2_ws/install/drone_cartographer/share/drone_cartographer/environment/ament_prefix_path.sh
[0.590s] -- Installing: /home/yahboom/5550_ros2_ws/install/drone_cartographer/share/drone_cartographer/environment/ament_prefix_path.dsv
[0.590s] -- Installing: /home/yahboom/5550_ros2_ws/install/drone_cartographer/share/drone_cartographer/environment/path.sh
[0.591s] -- Installing: /home/yahboom/5550_ros2_ws/install/drone_cartographer/share/drone_cartographer/environment/path.dsv
[0.591s] -- Installing: /home/yahboom/5550_ros2_ws/install/drone_cartographer/share/drone_cartographer/local_setup.bash
[0.591s] -- Installing: /home/yahboom/5550_ros2_ws/install/drone_cartographer/share/drone_cartographer/local_setup.sh
[0.591s] -- Installing: /home/yahboom/5550_ros2_ws/install/drone_cartographer/share/drone_cartographer/local_setup.zsh
[0.591s] -- Installing: /home/yahboom/5550_ros2_ws/install/drone_cartographer/share/drone_cartographer/local_setup.dsv
[0.591s] -- Installing: /home/yahboom/5550_ros2_ws/install/drone_cartographer/share/drone_cartographer/package.dsv
[0.591s] -- Installing: /home/yahboom/5550_ros2_ws/install/drone_cartographer/share/ament_index/resource_index/packages/drone_cartographer
[0.591s] -- Installing: /home/yahboom/5550_ros2_ws/install/drone_cartographer/share/drone_cartographer/cmake/drone_cartographerConfig.cmake
[0.591s] -- Installing: /home/yahboom/5550_ros2_ws/install/drone_cartographer/share/drone_cartographer/cmake/drone_cartographerConfig-version.cmake
[0.591s] -- Installing: /home/yahboom/5550_ros2_ws/install/drone_cartographer/share/drone_cartographer/package.xml
[0.591s] -- Installing: /home/yahboom/5550_ros2_ws/install/drone_cartographer/share/drone_cartographer/config
[0.591s] -- Installing: /home/yahboom/5550_ros2_ws/install/drone_cartographer/share/drone_cartographer/config/2d.lua
[0.592s] -- Installing: /home/yahboom/5550_ros2_ws/install/drone_cartographer/share/drone_cartographer/launch
[0.592s] -- Installing: /home/yahboom/5550_ros2_ws/install/drone_cartographer/share/drone_cartographer/launch/cartographer.launch.py
[0.592s] -- Installing: /home/yahboom/5550_ros2_ws/install/drone_cartographer/share/drone_cartographer/rviz
[0.593s] Invoked command in '/home/yahboom/5550_ros2_ws/build/drone_cartographer' returned '0': CMAKE_PREFIX_PATH=${CMAKE_PREFIX_PATH}:/home/yahboom/5550_ros2_ws/install/drone_description:/opt/ros/humble /usr/bin/cmake --install /home/yahboom/5550_ros2_ws/build/drone_cartographer
