[0.235s] Invoking command in '/home/yahboom/5550_ros2_ws/build/example_cpp': CMAKE_PREFIX_PATH=${CMAKE_PREFIX_PATH}:/home/yahboom/5550_ros2_ws/install/yahboomcar_nav:/home/yahboom/5550_ros2_ws/install/drone_description:/opt/ros/humble /usr/bin/cmake --build /home/yahboom/5550_ros2_ws/build/example_cpp -- -j4 -l4
[0.367s] [100%] Built target node_01
[0.625s] Invoked command in '/home/yahboom/5550_ros2_ws/build/example_cpp' returned '0': CMAKE_PREFIX_PATH=${CMAKE_PREFIX_PATH}:/home/yahboom/5550_ros2_ws/install/yahboomcar_nav:/home/yahboom/5550_ros2_ws/install/drone_description:/opt/ros/humble /usr/bin/cmake --build /home/yahboom/5550_ros2_ws/build/example_cpp -- -j4 -l4
[0.669s] Invoking command in '/home/yahboom/5550_ros2_ws/build/example_cpp': CMAKE_PREFIX_PATH=${CMAKE_PREFIX_PATH}:/home/yahboom/5550_ros2_ws/install/yahboomcar_nav:/home/yahboom/5550_ros2_ws/install/drone_description:/opt/ros/humble /usr/bin/cmake --install /home/yahboom/5550_ros2_ws/build/example_cpp
[0.676s] -- Install configuration: ""
[0.677s] -- Execute custom install script
[0.677s] -- Up-to-date symlink: /home/yahboom/5550_ros2_ws/install/example_cpp/share/ament_index/resource_index/package_run_dependencies/example_cpp
[0.678s] -- Up-to-date symlink: /home/yahboom/5550_ros2_ws/install/example_cpp/share/ament_index/resource_index/parent_prefix_path/example_cpp
[0.679s] -- Up-to-date symlink: /home/yahboom/5550_ros2_ws/install/example_cpp/share/example_cpp/environment/ament_prefix_path.sh
[0.679s] -- Up-to-date symlink: /home/yahboom/5550_ros2_ws/install/example_cpp/share/example_cpp/environment/ament_prefix_path.dsv
[0.680s] -- Up-to-date symlink: /home/yahboom/5550_ros2_ws/install/example_cpp/share/example_cpp/environment/path.sh
[0.681s] -- Up-to-date symlink: /home/yahboom/5550_ros2_ws/install/example_cpp/share/example_cpp/environment/path.dsv
[0.681s] -- Up-to-date symlink: /home/yahboom/5550_ros2_ws/install/example_cpp/share/example_cpp/local_setup.bash
[0.681s] -- Up-to-date symlink: /home/yahboom/5550_ros2_ws/install/example_cpp/share/example_cpp/local_setup.sh
[0.682s] -- Up-to-date symlink: /home/yahboom/5550_ros2_ws/install/example_cpp/share/example_cpp/local_setup.zsh
[0.683s] -- Up-to-date symlink: /home/yahboom/5550_ros2_ws/install/example_cpp/share/example_cpp/local_setup.dsv
[0.683s] -- Symlinking: /home/yahboom/5550_ros2_ws/install/example_cpp/share/example_cpp/package.dsv
[0.698s] -- Up-to-date symlink: /home/yahboom/5550_ros2_ws/install/example_cpp/share/ament_index/resource_index/packages/example_cpp
[0.699s] -- Up-to-date symlink: /home/yahboom/5550_ros2_ws/install/example_cpp/share/example_cpp/cmake/example_cppConfig.cmake
[0.702s] -- Up-to-date symlink: /home/yahboom/5550_ros2_ws/install/example_cpp/share/example_cpp/cmake/example_cppConfig-version.cmake
[0.702s] -- Up-to-date symlink: /home/yahboom/5550_ros2_ws/install/example_cpp/share/example_cpp/package.xml
[0.702s] -- Up-to-date symlink: /home/yahboom/5550_ros2_ws/install/example_cpp/lib/example_cpp/node_01
[0.703s] -- Up-to-date symlink: /home/yahboom/5550_ros2_ws/install/example_cpp/share/example_cpp/launch/1node_launch.py
[0.705s] Invoked command in '/home/yahboom/5550_ros2_ws/build/example_cpp' returned '0': CMAKE_PREFIX_PATH=${CMAKE_PREFIX_PATH}:/home/yahboom/5550_ros2_ws/install/yahboomcar_nav:/home/yahboom/5550_ros2_ws/install/drone_description:/opt/ros/humble /usr/bin/cmake --install /home/yahboom/5550_ros2_ws/build/example_cpp
