[0.579s] Invoking command in '/home/yahboom/5550_ros2_ws/src/drone_description': PYTHONPATH=/home/yahboom/5550_ros2_ws/build/drone_description/prefix_override:/home/yahboom/5550_ros2_ws/install/drone_description/lib/python3.10/site-packages:${PYTHONPATH} /usr/bin/python3 -W ignore:setup.py install is deprecated setup.py egg_info --egg-base ../../build/drone_description build --build-base /home/yahboom/5550_ros2_ws/build/drone_description/build install --record /home/yahboom/5550_ros2_ws/build/drone_description/install.log --single-version-externally-managed install_data
[0.715s] running egg_info
[0.715s] writing ../../build/drone_description/drone_description.egg-info/PKG-INFO
[0.715s] writing dependency_links to ../../build/drone_description/drone_description.egg-info/dependency_links.txt
[0.716s] writing entry points to ../../build/drone_description/drone_description.egg-info/entry_points.txt
[0.716s] writing requirements to ../../build/drone_description/drone_description.egg-info/requires.txt
[0.716s] writing top-level names to ../../build/drone_description/drone_description.egg-info/top_level.txt
[0.720s] reading manifest file '../../build/drone_description/drone_description.egg-info/SOURCES.txt'
[0.721s] writing manifest file '../../build/drone_description/drone_description.egg-info/SOURCES.txt'
[0.721s] running build
[0.721s] running build_py
[0.721s] running install
[0.722s] running install_lib
[0.723s] running install_data
[0.723s] running install_egg_info
[0.724s] removing '/home/yahboom/5550_ros2_ws/install/drone_description/lib/python3.10/site-packages/drone_description-0.0.0-py3.10.egg-info' (and everything under it)
[0.725s] Copying ../../build/drone_description/drone_description.egg-info to /home/yahboom/5550_ros2_ws/install/drone_description/lib/python3.10/site-packages/drone_description-0.0.0-py3.10.egg-info
[0.725s] running install_scripts
[0.739s] writing list of installed files to '/home/yahboom/5550_ros2_ws/build/drone_description/install.log'
[0.752s] Invoked command in '/home/yahboom/5550_ros2_ws/src/drone_description' returned '0': PYTHONPATH=/home/yahboom/5550_ros2_ws/build/drone_description/prefix_override:/home/yahboom/5550_ros2_ws/install/drone_description/lib/python3.10/site-packages:${PYTHONPATH} /usr/bin/python3 -W ignore:setup.py install is deprecated setup.py egg_info --egg-base ../../build/drone_description build --build-base /home/yahboom/5550_ros2_ws/build/drone_description/build install --record /home/yahboom/5550_ros2_ws/build/drone_description/install.log --single-version-externally-managed install_data
