[0.067s] DEBUG:colcon:Command line arguments: ['/usr/bin/colcon', 'build']
[0.067s] DEBUG:colcon:Parsed command line arguments: Namespace(log_base=None, log_level=None, verb_name='build', build_base='build', install_base='install', merge_install=False, symlink_install=False, test_result_base=None, continue_on_error=False, executor='parallel', parallel_workers=4, event_handlers=None, ignore_user_meta=False, metas=['./colcon.meta'], base_paths=['.'], packages_ignore=None, packages_ignore_regex=None, paths=None, packages_up_to=None, packages_up_to_regex=None, packages_above=None, packages_above_and_dependencies=None, packages_above_depth=None, packages_select_by_dep=None, packages_skip_by_dep=None, packages_skip_up_to=None, packages_select_build_failed=False, packages_skip_build_finished=False, packages_select_test_failures=False, packages_skip_test_passed=False, packages_select=None, packages_skip=None, packages_select_regex=None, packages_skip_regex=None, packages_start=None, packages_end=None, allow_overriding=[], cmake_args=None, cmake_target=None, cmake_target_skip_unavailable=False, cmake_clean_cache=False, cmake_clean_first=False, cmake_force_configure=False, ament_cmake_args=None, catkin_cmake_args=None, catkin_skip_building_tests=False, verb_parser=<colcon_defaults.argument_parser.defaults.DefaultArgumentsDecorator object at 0x75fef01dbac0>, verb_extension=<colcon_core.verb.build.BuildVerb object at 0x75fef03b5270>, main=<bound method BuildVerb.main of <colcon_core.verb.build.BuildVerb object at 0x75fef03b5270>>)
[0.168s] Level 1:colcon.colcon_core.package_discovery:discover_packages(colcon_meta) check parameters
[0.168s] Level 1:colcon.colcon_core.package_discovery:discover_packages(recursive) check parameters
[0.168s] Level 1:colcon.colcon_core.package_discovery:discover_packages(ignore) check parameters
[0.168s] Level 1:colcon.colcon_core.package_discovery:discover_packages(path) check parameters
[0.168s] Level 1:colcon.colcon_core.package_discovery:discover_packages(colcon_meta) discover
[0.168s] Level 1:colcon.colcon_core.package_discovery:discover_packages(recursive) discover
[0.168s] INFO:colcon.colcon_core.package_discovery:Crawling recursively for packages in '/home/yahboom/5550_ros2_ws'
[0.168s] Level 1:colcon.colcon_core.package_identification:_identify(.) by extensions ['ignore', 'ignore_ament_install']
[0.168s] Level 1:colcon.colcon_core.package_identification:_identify(.) by extension 'ignore'
[0.168s] Level 1:colcon.colcon_core.package_identification:_identify(.) by extension 'ignore_ament_install'
[0.168s] Level 1:colcon.colcon_core.package_identification:_identify(.) by extensions ['colcon_pkg']
[0.168s] Level 1:colcon.colcon_core.package_identification:_identify(.) by extension 'colcon_pkg'
[0.168s] Level 1:colcon.colcon_core.package_identification:_identify(.) by extensions ['colcon_meta']
[0.169s] Level 1:colcon.colcon_core.package_identification:_identify(.) by extension 'colcon_meta'
[0.169s] Level 1:colcon.colcon_core.package_identification:_identify(.) by extensions ['ros']
[0.169s] Level 1:colcon.colcon_core.package_identification:_identify(.) by extension 'ros'
[0.175s] Level 1:colcon.colcon_core.package_identification:_identify(.) by extensions ['cmake', 'python']
[0.175s] Level 1:colcon.colcon_core.package_identification:_identify(.) by extension 'cmake'
[0.175s] Level 1:colcon.colcon_core.package_identification:_identify(.) by extension 'python'
[0.175s] Level 1:colcon.colcon_core.package_identification:_identify(.) by extensions ['python_setup_py']
[0.175s] Level 1:colcon.colcon_core.package_identification:_identify(.) by extension 'python_setup_py'
[0.175s] Level 1:colcon.colcon_core.package_identification:_identify(build) by extensions ['ignore', 'ignore_ament_install']
[0.175s] Level 1:colcon.colcon_core.package_identification:_identify(build) by extension 'ignore'
[0.175s] Level 1:colcon.colcon_core.package_identification:_identify(build) ignored
[0.175s] Level 1:colcon.colcon_core.package_identification:_identify(install) by extensions ['ignore', 'ignore_ament_install']
[0.175s] Level 1:colcon.colcon_core.package_identification:_identify(install) by extension 'ignore'
[0.175s] Level 1:colcon.colcon_core.package_identification:_identify(install) ignored
[0.175s] Level 1:colcon.colcon_core.package_identification:_identify(log) by extensions ['ignore', 'ignore_ament_install']
[0.175s] Level 1:colcon.colcon_core.package_identification:_identify(log) by extension 'ignore'
[0.175s] Level 1:colcon.colcon_core.package_identification:_identify(log) ignored
[0.175s] Level 1:colcon.colcon_core.package_identification:_identify(src) by extensions ['ignore', 'ignore_ament_install']
[0.175s] Level 1:colcon.colcon_core.package_identification:_identify(src) by extension 'ignore'
[0.176s] Level 1:colcon.colcon_core.package_identification:_identify(src) by extension 'ignore_ament_install'
[0.176s] Level 1:colcon.colcon_core.package_identification:_identify(src) by extensions ['colcon_pkg']
[0.176s] Level 1:colcon.colcon_core.package_identification:_identify(src) by extension 'colcon_pkg'
[0.176s] Level 1:colcon.colcon_core.package_identification:_identify(src) by extensions ['colcon_meta']
[0.176s] Level 1:colcon.colcon_core.package_identification:_identify(src) by extension 'colcon_meta'
[0.176s] Level 1:colcon.colcon_core.package_identification:_identify(src) by extensions ['ros']
[0.176s] Level 1:colcon.colcon_core.package_identification:_identify(src) by extension 'ros'
[0.176s] Level 1:colcon.colcon_core.package_identification:_identify(src) by extensions ['cmake', 'python']
[0.176s] Level 1:colcon.colcon_core.package_identification:_identify(src) by extension 'cmake'
[0.176s] Level 1:colcon.colcon_core.package_identification:_identify(src) by extension 'python'
[0.176s] Level 1:colcon.colcon_core.package_identification:_identify(src) by extensions ['python_setup_py']
[0.176s] Level 1:colcon.colcon_core.package_identification:_identify(src) by extension 'python_setup_py'
[0.176s] Level 1:colcon.colcon_core.package_identification:_identify(src/drone_cartographer) by extensions ['ignore', 'ignore_ament_install']
[0.176s] Level 1:colcon.colcon_core.package_identification:_identify(src/drone_cartographer) by extension 'ignore'
[0.176s] Level 1:colcon.colcon_core.package_identification:_identify(src/drone_cartographer) by extension 'ignore_ament_install'
[0.176s] Level 1:colcon.colcon_core.package_identification:_identify(src/drone_cartographer) by extensions ['colcon_pkg']
[0.176s] Level 1:colcon.colcon_core.package_identification:_identify(src/drone_cartographer) by extension 'colcon_pkg'
[0.176s] Level 1:colcon.colcon_core.package_identification:_identify(src/drone_cartographer) by extensions ['colcon_meta']
[0.176s] Level 1:colcon.colcon_core.package_identification:_identify(src/drone_cartographer) by extension 'colcon_meta'
[0.176s] Level 1:colcon.colcon_core.package_identification:_identify(src/drone_cartographer) by extensions ['ros']
[0.176s] Level 1:colcon.colcon_core.package_identification:_identify(src/drone_cartographer) by extension 'ros'
[0.177s] DEBUG:colcon.colcon_core.package_identification:Package 'src/drone_cartographer' with type 'ros.ament_cmake' and name 'drone_cartographer'
[0.177s] Level 1:colcon.colcon_core.package_identification:_identify(src/drone_description) by extensions ['ignore', 'ignore_ament_install']
[0.177s] Level 1:colcon.colcon_core.package_identification:_identify(src/drone_description) by extension 'ignore'
[0.178s] Level 1:colcon.colcon_core.package_identification:_identify(src/drone_description) by extension 'ignore_ament_install'
[0.178s] Level 1:colcon.colcon_core.package_identification:_identify(src/drone_description) by extensions ['colcon_pkg']
[0.178s] Level 1:colcon.colcon_core.package_identification:_identify(src/drone_description) by extension 'colcon_pkg'
[0.178s] Level 1:colcon.colcon_core.package_identification:_identify(src/drone_description) by extensions ['colcon_meta']
[0.178s] Level 1:colcon.colcon_core.package_identification:_identify(src/drone_description) by extension 'colcon_meta'
[0.178s] Level 1:colcon.colcon_core.package_identification:_identify(src/drone_description) by extensions ['ros']
[0.178s] Level 1:colcon.colcon_core.package_identification:_identify(src/drone_description) by extension 'ros'
[0.178s] DEBUG:colcon.colcon_core.package_identification:Package 'src/drone_description' with type 'ros.ament_python' and name 'drone_description'
[0.178s] Level 1:colcon.colcon_core.package_identification:_identify(src/example_cpp) by extensions ['ignore', 'ignore_ament_install']
[0.178s] Level 1:colcon.colcon_core.package_identification:_identify(src/example_cpp) by extension 'ignore'
[0.178s] Level 1:colcon.colcon_core.package_identification:_identify(src/example_cpp) by extension 'ignore_ament_install'
[0.178s] Level 1:colcon.colcon_core.package_identification:_identify(src/example_cpp) by extensions ['colcon_pkg']
[0.178s] Level 1:colcon.colcon_core.package_identification:_identify(src/example_cpp) by extension 'colcon_pkg'
[0.178s] Level 1:colcon.colcon_core.package_identification:_identify(src/example_cpp) by extensions ['colcon_meta']
[0.178s] Level 1:colcon.colcon_core.package_identification:_identify(src/example_cpp) by extension 'colcon_meta'
[0.178s] Level 1:colcon.colcon_core.package_identification:_identify(src/example_cpp) by extensions ['ros']
[0.178s] Level 1:colcon.colcon_core.package_identification:_identify(src/example_cpp) by extension 'ros'
[0.179s] DEBUG:colcon.colcon_core.package_identification:Package 'src/example_cpp' with type 'ros.ament_cmake' and name 'example_cpp'
[0.179s] Level 1:colcon.colcon_core.package_discovery:discover_packages(recursive) using defaults
[0.179s] Level 1:colcon.colcon_core.package_discovery:discover_packages(ignore) discover
[0.179s] Level 1:colcon.colcon_core.package_discovery:discover_packages(ignore) using defaults
[0.179s] Level 1:colcon.colcon_core.package_discovery:discover_packages(path) discover
[0.179s] Level 1:colcon.colcon_core.package_discovery:discover_packages(path) using defaults
[0.195s] Level 1:colcon.colcon_core.package_discovery:discover_packages(prefix_path) check parameters
[0.195s] Level 1:colcon.colcon_core.package_discovery:discover_packages(prefix_path) discover
[0.197s] DEBUG:colcon.colcon_installed_package_information.package_discovery:Found 3 installed packages in /home/yahboom/5550_ros2_ws/install
[0.197s] DEBUG:colcon.colcon_installed_package_information.package_discovery:Found 4 installed packages in /home/yahboom/yahboomcar_ws/install
[0.198s] DEBUG:colcon.colcon_installed_package_information.package_discovery:Found 301 installed packages in /opt/ros/humble
[0.199s] Level 1:colcon.colcon_core.package_discovery:discover_packages(prefix_path) using defaults
[0.222s] Level 5:colcon.colcon_core.verb:set package 'drone_cartographer' build argument 'cmake_args' from command line to 'None'
[0.222s] Level 5:colcon.colcon_core.verb:set package 'drone_cartographer' build argument 'cmake_target' from command line to 'None'
[0.222s] Level 5:colcon.colcon_core.verb:set package 'drone_cartographer' build argument 'cmake_target_skip_unavailable' from command line to 'False'
[0.222s] Level 5:colcon.colcon_core.verb:set package 'drone_cartographer' build argument 'cmake_clean_cache' from command line to 'False'
[0.222s] Level 5:colcon.colcon_core.verb:set package 'drone_cartographer' build argument 'cmake_clean_first' from command line to 'False'
[0.222s] Level 5:colcon.colcon_core.verb:set package 'drone_cartographer' build argument 'cmake_force_configure' from command line to 'False'
[0.222s] Level 5:colcon.colcon_core.verb:set package 'drone_cartographer' build argument 'ament_cmake_args' from command line to 'None'
[0.222s] Level 5:colcon.colcon_core.verb:set package 'drone_cartographer' build argument 'catkin_cmake_args' from command line to 'None'
[0.222s] Level 5:colcon.colcon_core.verb:set package 'drone_cartographer' build argument 'catkin_skip_building_tests' from command line to 'False'
[0.222s] DEBUG:colcon.colcon_core.verb:Building package 'drone_cartographer' with the following arguments: {'ament_cmake_args': None, 'build_base': '/home/yahboom/5550_ros2_ws/build/drone_cartographer', 'catkin_cmake_args': None, 'catkin_skip_building_tests': False, 'cmake_args': None, 'cmake_clean_cache': False, 'cmake_clean_first': False, 'cmake_force_configure': False, 'cmake_target': None, 'cmake_target_skip_unavailable': False, 'install_base': '/home/yahboom/5550_ros2_ws/install/drone_cartographer', 'merge_install': False, 'path': '/home/yahboom/5550_ros2_ws/src/drone_cartographer', 'symlink_install': False, 'test_result_base': None}
[0.222s] Level 5:colcon.colcon_core.verb:set package 'drone_description' build argument 'cmake_args' from command line to 'None'
[0.222s] Level 5:colcon.colcon_core.verb:set package 'drone_description' build argument 'cmake_target' from command line to 'None'
[0.222s] Level 5:colcon.colcon_core.verb:set package 'drone_description' build argument 'cmake_target_skip_unavailable' from command line to 'False'
[0.222s] Level 5:colcon.colcon_core.verb:set package 'drone_description' build argument 'cmake_clean_cache' from command line to 'False'
[0.222s] Level 5:colcon.colcon_core.verb:set package 'drone_description' build argument 'cmake_clean_first' from command line to 'False'
[0.222s] Level 5:colcon.colcon_core.verb:set package 'drone_description' build argument 'cmake_force_configure' from command line to 'False'
[0.222s] Level 5:colcon.colcon_core.verb:set package 'drone_description' build argument 'ament_cmake_args' from command line to 'None'
[0.222s] Level 5:colcon.colcon_core.verb:set package 'drone_description' build argument 'catkin_cmake_args' from command line to 'None'
[0.222s] Level 5:colcon.colcon_core.verb:set package 'drone_description' build argument 'catkin_skip_building_tests' from command line to 'False'
[0.222s] DEBUG:colcon.colcon_core.verb:Building package 'drone_description' with the following arguments: {'ament_cmake_args': None, 'build_base': '/home/yahboom/5550_ros2_ws/build/drone_description', 'catkin_cmake_args': None, 'catkin_skip_building_tests': False, 'cmake_args': None, 'cmake_clean_cache': False, 'cmake_clean_first': False, 'cmake_force_configure': False, 'cmake_target': None, 'cmake_target_skip_unavailable': False, 'install_base': '/home/yahboom/5550_ros2_ws/install/drone_description', 'merge_install': False, 'path': '/home/yahboom/5550_ros2_ws/src/drone_description', 'symlink_install': False, 'test_result_base': None}
[0.223s] Level 5:colcon.colcon_core.verb:set package 'example_cpp' build argument 'cmake_args' from command line to 'None'
[0.223s] Level 5:colcon.colcon_core.verb:set package 'example_cpp' build argument 'cmake_target' from command line to 'None'
[0.223s] Level 5:colcon.colcon_core.verb:set package 'example_cpp' build argument 'cmake_target_skip_unavailable' from command line to 'False'
[0.223s] Level 5:colcon.colcon_core.verb:set package 'example_cpp' build argument 'cmake_clean_cache' from command line to 'False'
[0.223s] Level 5:colcon.colcon_core.verb:set package 'example_cpp' build argument 'cmake_clean_first' from command line to 'False'
[0.223s] Level 5:colcon.colcon_core.verb:set package 'example_cpp' build argument 'cmake_force_configure' from command line to 'False'
[0.223s] Level 5:colcon.colcon_core.verb:set package 'example_cpp' build argument 'ament_cmake_args' from command line to 'None'
[0.223s] Level 5:colcon.colcon_core.verb:set package 'example_cpp' build argument 'catkin_cmake_args' from command line to 'None'
[0.223s] Level 5:colcon.colcon_core.verb:set package 'example_cpp' build argument 'catkin_skip_building_tests' from command line to 'False'
[0.223s] DEBUG:colcon.colcon_core.verb:Building package 'example_cpp' with the following arguments: {'ament_cmake_args': None, 'build_base': '/home/yahboom/5550_ros2_ws/build/example_cpp', 'catkin_cmake_args': None, 'catkin_skip_building_tests': False, 'cmake_args': None, 'cmake_clean_cache': False, 'cmake_clean_first': False, 'cmake_force_configure': False, 'cmake_target': None, 'cmake_target_skip_unavailable': False, 'install_base': '/home/yahboom/5550_ros2_ws/install/example_cpp', 'merge_install': False, 'path': '/home/yahboom/5550_ros2_ws/src/example_cpp', 'symlink_install': False, 'test_result_base': None}
[0.223s] INFO:colcon.colcon_core.executor:Executing jobs using 'parallel' executor
[0.224s] DEBUG:colcon.colcon_parallel_executor.executor.parallel:run_until_complete
[0.224s] INFO:colcon.colcon_ros.task.ament_cmake.build:Building ROS package in '/home/yahboom/5550_ros2_ws/src/drone_cartographer' with build type 'ament_cmake'
[0.224s] INFO:colcon.colcon_cmake.task.cmake.build:Building CMake package in '/home/yahboom/5550_ros2_ws/src/drone_cartographer'
[0.225s] INFO:colcon.colcon_core.plugin_system:Skipping extension 'colcon_core.shell.bat': Not used on non-Windows systems
[0.225s] INFO:colcon.colcon_core.shell:Skip shell extension 'powershell' for command environment: Not usable outside of PowerShell
[0.225s] DEBUG:colcon.colcon_core.shell:Skip shell extension 'dsv' for command environment
[0.229s] INFO:colcon.colcon_ros.task.ament_python.build:Building ROS package in '/home/yahboom/5550_ros2_ws/src/drone_description' with build type 'ament_python'
[0.229s] Level 1:colcon.colcon_core.shell:create_environment_hook('drone_description', 'ament_prefix_path')
[0.229s] INFO:colcon.colcon_core.shell:Creating environment hook '/home/yahboom/5550_ros2_ws/install/drone_description/share/drone_description/hook/ament_prefix_path.ps1'
[0.229s] INFO:colcon.colcon_core.shell:Creating environment descriptor '/home/yahboom/5550_ros2_ws/install/drone_description/share/drone_description/hook/ament_prefix_path.dsv'
[0.229s] INFO:colcon.colcon_core.shell:Creating environment hook '/home/yahboom/5550_ros2_ws/install/drone_description/share/drone_description/hook/ament_prefix_path.sh'
[0.230s] INFO:colcon.colcon_core.shell:Skip shell extension 'powershell' for command environment: Not usable outside of PowerShell
[0.230s] DEBUG:colcon.colcon_core.shell:Skip shell extension 'dsv' for command environment
[0.233s] INFO:colcon.colcon_ros.task.ament_cmake.build:Building ROS package in '/home/yahboom/5550_ros2_ws/src/example_cpp' with build type 'ament_cmake'
[0.233s] INFO:colcon.colcon_cmake.task.cmake.build:Building CMake package in '/home/yahboom/5550_ros2_ws/src/example_cpp'
[0.233s] INFO:colcon.colcon_core.shell:Skip shell extension 'powershell' for command environment: Not usable outside of PowerShell
[0.233s] DEBUG:colcon.colcon_core.shell:Skip shell extension 'dsv' for command environment
[0.240s] DEBUG:colcon.colcon_core.event_handler.log_command:Invoking command in '/home/yahboom/5550_ros2_ws/build/drone_cartographer': CMAKE_PREFIX_PATH=${CMAKE_PREFIX_PATH}:/home/yahboom/5550_ros2_ws/install/drone_description:/opt/ros/humble /usr/bin/cmake --build /home/yahboom/5550_ros2_ws/build/drone_cartographer -- -j4 -l4
[0.413s] INFO:colcon.colcon_core.task.python.build:Building Python package in '/home/yahboom/5550_ros2_ws/src/drone_description'
[0.413s] INFO:colcon.colcon_core.shell:Skip shell extension 'powershell' for command environment: Not usable outside of PowerShell
[0.413s] DEBUG:colcon.colcon_core.shell:Skip shell extension 'dsv' for command environment
[0.422s] DEBUG:colcon.colcon_core.event_handler.log_command:Invoking command in '/home/yahboom/5550_ros2_ws/build/example_cpp': CMAKE_PREFIX_PATH=${CMAKE_PREFIX_PATH}:/home/yahboom/5550_ros2_ws/install/drone_description:/opt/ros/humble /usr/bin/cmake /home/yahboom/5550_ros2_ws/src/example_cpp -DCMAKE_INSTALL_PREFIX=/home/yahboom/5550_ros2_ws/install/example_cpp
[0.422s] DEBUG:colcon.colcon_core.event_handler.log_command:Invoked command in '/home/yahboom/5550_ros2_ws/build/drone_cartographer' returned '0': CMAKE_PREFIX_PATH=${CMAKE_PREFIX_PATH}:/home/yahboom/5550_ros2_ws/install/drone_description:/opt/ros/humble /usr/bin/cmake --build /home/yahboom/5550_ros2_ws/build/drone_cartographer -- -j4 -l4
[0.451s] DEBUG:colcon.colcon_core.event_handler.log_command:Invoking command in '/home/yahboom/5550_ros2_ws/build/drone_cartographer': CMAKE_PREFIX_PATH=${CMAKE_PREFIX_PATH}:/home/yahboom/5550_ros2_ws/install/drone_description:/opt/ros/humble /usr/bin/cmake --install /home/yahboom/5550_ros2_ws/build/drone_cartographer
[0.460s] Level 1:colcon.colcon_core.environment:create_environment_scripts_only(drone_cartographer)
[0.460s] DEBUG:colcon.colcon_core.event_handler.log_command:Invoked command in '/home/yahboom/5550_ros2_ws/build/drone_cartographer' returned '0': CMAKE_PREFIX_PATH=${CMAKE_PREFIX_PATH}:/home/yahboom/5550_ros2_ws/install/drone_description:/opt/ros/humble /usr/bin/cmake --install /home/yahboom/5550_ros2_ws/build/drone_cartographer
[0.462s] Level 1:colcon.colcon_core.environment:checking '/home/yahboom/5550_ros2_ws/install/drone_cartographer' for CMake module files
[0.463s] Level 1:colcon.colcon_core.environment:checking '/home/yahboom/5550_ros2_ws/install/drone_cartographer' for CMake config files
[0.463s] Level 1:colcon.colcon_core.shell:create_environment_hook('drone_cartographer', 'cmake_prefix_path')
[0.463s] INFO:colcon.colcon_core.shell:Creating environment hook '/home/yahboom/5550_ros2_ws/install/drone_cartographer/share/drone_cartographer/hook/cmake_prefix_path.ps1'
[0.463s] INFO:colcon.colcon_core.shell:Creating environment descriptor '/home/yahboom/5550_ros2_ws/install/drone_cartographer/share/drone_cartographer/hook/cmake_prefix_path.dsv'
[0.464s] INFO:colcon.colcon_core.shell:Creating environment hook '/home/yahboom/5550_ros2_ws/install/drone_cartographer/share/drone_cartographer/hook/cmake_prefix_path.sh'
[0.464s] Level 1:colcon.colcon_core.environment:checking '/home/yahboom/5550_ros2_ws/install/drone_cartographer/bin'
[0.464s] Level 1:colcon.colcon_core.environment:checking '/home/yahboom/5550_ros2_ws/install/drone_cartographer/lib/pkgconfig/drone_cartographer.pc'
[0.464s] Level 1:colcon.colcon_core.environment:checking '/home/yahboom/5550_ros2_ws/install/drone_cartographer/lib/python3.10/site-packages'
[0.465s] Level 1:colcon.colcon_core.environment:checking '/home/yahboom/5550_ros2_ws/install/drone_cartographer/bin'
[0.465s] INFO:colcon.colcon_core.shell:Creating package script '/home/yahboom/5550_ros2_ws/install/drone_cartographer/share/drone_cartographer/package.ps1'
[0.465s] INFO:colcon.colcon_core.shell:Creating package descriptor '/home/yahboom/5550_ros2_ws/install/drone_cartographer/share/drone_cartographer/package.dsv'
[0.466s] INFO:colcon.colcon_core.shell:Creating package script '/home/yahboom/5550_ros2_ws/install/drone_cartographer/share/drone_cartographer/package.sh'
[0.466s] INFO:colcon.colcon_core.shell:Creating package script '/home/yahboom/5550_ros2_ws/install/drone_cartographer/share/drone_cartographer/package.bash'
[0.467s] INFO:colcon.colcon_core.shell:Creating package script '/home/yahboom/5550_ros2_ws/install/drone_cartographer/share/drone_cartographer/package.zsh'
[0.467s] Level 1:colcon.colcon_core.environment:create_file_with_runtime_dependencies(/home/yahboom/5550_ros2_ws/install/drone_cartographer/share/colcon-core/packages/drone_cartographer)
[0.493s] Level 1:colcon.colcon_core.environment:create_environment_scripts_only(drone_cartographer)
[0.493s] Level 1:colcon.colcon_core.environment:checking '/home/yahboom/5550_ros2_ws/install/drone_cartographer' for CMake module files
[0.494s] Level 1:colcon.colcon_core.environment:checking '/home/yahboom/5550_ros2_ws/install/drone_cartographer' for CMake config files
[0.494s] Level 1:colcon.colcon_core.shell:create_environment_hook('drone_cartographer', 'cmake_prefix_path')
[0.494s] INFO:colcon.colcon_core.shell:Creating environment hook '/home/yahboom/5550_ros2_ws/install/drone_cartographer/share/drone_cartographer/hook/cmake_prefix_path.ps1'
[0.494s] INFO:colcon.colcon_core.shell:Creating environment descriptor '/home/yahboom/5550_ros2_ws/install/drone_cartographer/share/drone_cartographer/hook/cmake_prefix_path.dsv'
[0.495s] INFO:colcon.colcon_core.shell:Creating environment hook '/home/yahboom/5550_ros2_ws/install/drone_cartographer/share/drone_cartographer/hook/cmake_prefix_path.sh'
[0.495s] Level 1:colcon.colcon_core.environment:checking '/home/yahboom/5550_ros2_ws/install/drone_cartographer/bin'
[0.495s] Level 1:colcon.colcon_core.environment:checking '/home/yahboom/5550_ros2_ws/install/drone_cartographer/lib/pkgconfig/drone_cartographer.pc'
[0.495s] Level 1:colcon.colcon_core.environment:checking '/home/yahboom/5550_ros2_ws/install/drone_cartographer/lib/python3.10/site-packages'
[0.495s] Level 1:colcon.colcon_core.environment:checking '/home/yahboom/5550_ros2_ws/install/drone_cartographer/bin'
[0.496s] INFO:colcon.colcon_core.shell:Creating package script '/home/yahboom/5550_ros2_ws/install/drone_cartographer/share/drone_cartographer/package.ps1'
[0.496s] INFO:colcon.colcon_core.shell:Creating package descriptor '/home/yahboom/5550_ros2_ws/install/drone_cartographer/share/drone_cartographer/package.dsv'
[0.497s] INFO:colcon.colcon_core.shell:Creating package script '/home/yahboom/5550_ros2_ws/install/drone_cartographer/share/drone_cartographer/package.sh'
[0.497s] INFO:colcon.colcon_core.shell:Creating package script '/home/yahboom/5550_ros2_ws/install/drone_cartographer/share/drone_cartographer/package.bash'
[0.497s] INFO:colcon.colcon_core.shell:Creating package script '/home/yahboom/5550_ros2_ws/install/drone_cartographer/share/drone_cartographer/package.zsh'
[0.498s] Level 1:colcon.colcon_core.environment:create_file_with_runtime_dependencies(/home/yahboom/5550_ros2_ws/install/drone_cartographer/share/colcon-core/packages/drone_cartographer)
[0.887s] DEBUG:colcon.colcon_core.event_handler.log_command:Invoking command in '/home/yahboom/5550_ros2_ws/build/drone_description': PYTHONPATH=/home/yahboom/5550_ros2_ws/build/drone_description/prefix_override:/home/yahboom/5550_ros2_ws/install/drone_description/lib/python3.10/site-packages:${PYTHONPATH} /usr/bin/python3 -W ignore:setup.py install is deprecated setup.py develop --uninstall --editable --build-directory /home/yahboom/5550_ros2_ws/build/drone_description/build
[1.094s] DEBUG:colcon.colcon_core.event_handler.log_command:Invoked command in '/home/yahboom/5550_ros2_ws/build/example_cpp' returned '0': CMAKE_PREFIX_PATH=${CMAKE_PREFIX_PATH}:/home/yahboom/5550_ros2_ws/install/drone_description:/opt/ros/humble /usr/bin/cmake /home/yahboom/5550_ros2_ws/src/example_cpp -DCMAKE_INSTALL_PREFIX=/home/yahboom/5550_ros2_ws/install/example_cpp
[1.094s] DEBUG:colcon.colcon_core.event_handler.log_command:Invoking command in '/home/yahboom/5550_ros2_ws/build/example_cpp': CMAKE_PREFIX_PATH=${CMAKE_PREFIX_PATH}:/home/yahboom/5550_ros2_ws/install/drone_description:/opt/ros/humble /usr/bin/cmake --build /home/yahboom/5550_ros2_ws/build/example_cpp -- -j4 -l4
[1.150s] DEBUG:colcon.colcon_core.event_handler.log_command:Invoked command in '/home/yahboom/5550_ros2_ws/build/example_cpp' returned '0': CMAKE_PREFIX_PATH=${CMAKE_PREFIX_PATH}:/home/yahboom/5550_ros2_ws/install/drone_description:/opt/ros/humble /usr/bin/cmake --build /home/yahboom/5550_ros2_ws/build/example_cpp -- -j4 -l4
[1.179s] DEBUG:colcon.colcon_core.event_handler.log_command:Invoking command in '/home/yahboom/5550_ros2_ws/build/example_cpp': CMAKE_PREFIX_PATH=${CMAKE_PREFIX_PATH}:/home/yahboom/5550_ros2_ws/install/drone_description:/opt/ros/humble /usr/bin/cmake --install /home/yahboom/5550_ros2_ws/build/example_cpp
[1.198s] DEBUG:colcon.colcon_core.event_handler.log_command:Invoked command in '/home/yahboom/5550_ros2_ws/build/drone_description' returned '0': PYTHONPATH=/home/yahboom/5550_ros2_ws/build/drone_description/prefix_override:/home/yahboom/5550_ros2_ws/install/drone_description/lib/python3.10/site-packages:${PYTHONPATH} /usr/bin/python3 -W ignore:setup.py install is deprecated setup.py develop --uninstall --editable --build-directory /home/yahboom/5550_ros2_ws/build/drone_description/build
[1.200s] DEBUG:colcon.colcon_core.event_handler.log_command:Invoking command in '/home/yahboom/5550_ros2_ws/src/drone_description': PYTHONPATH=/home/yahboom/5550_ros2_ws/build/drone_description/prefix_override:/home/yahboom/5550_ros2_ws/install/drone_description/lib/python3.10/site-packages:${PYTHONPATH} /usr/bin/python3 -W ignore:setup.py install is deprecated setup.py egg_info --egg-base ../../build/drone_description build --build-base /home/yahboom/5550_ros2_ws/build/drone_description/build install --record /home/yahboom/5550_ros2_ws/build/drone_description/install.log --single-version-externally-managed install_data --force
[1.201s] Level 1:colcon.colcon_core.environment:create_environment_scripts_only(example_cpp)
[1.202s] Level 1:colcon.colcon_core.environment:checking '/home/yahboom/5550_ros2_ws/install/example_cpp' for CMake module files
[1.202s] DEBUG:colcon.colcon_core.event_handler.log_command:Invoked command in '/home/yahboom/5550_ros2_ws/build/example_cpp' returned '0': CMAKE_PREFIX_PATH=${CMAKE_PREFIX_PATH}:/home/yahboom/5550_ros2_ws/install/drone_description:/opt/ros/humble /usr/bin/cmake --install /home/yahboom/5550_ros2_ws/build/example_cpp
[1.202s] Level 1:colcon.colcon_core.environment:checking '/home/yahboom/5550_ros2_ws/install/example_cpp' for CMake config files
[1.203s] Level 1:colcon.colcon_core.shell:create_environment_hook('example_cpp', 'cmake_prefix_path')
[1.203s] INFO:colcon.colcon_core.shell:Creating environment hook '/home/yahboom/5550_ros2_ws/install/example_cpp/share/example_cpp/hook/cmake_prefix_path.ps1'
[1.204s] INFO:colcon.colcon_core.shell:Creating environment descriptor '/home/yahboom/5550_ros2_ws/install/example_cpp/share/example_cpp/hook/cmake_prefix_path.dsv'
[1.204s] INFO:colcon.colcon_core.shell:Creating environment hook '/home/yahboom/5550_ros2_ws/install/example_cpp/share/example_cpp/hook/cmake_prefix_path.sh'
[1.205s] Level 1:colcon.colcon_core.environment:checking '/home/yahboom/5550_ros2_ws/install/example_cpp/lib'
[1.205s] Level 1:colcon.colcon_core.environment:checking '/home/yahboom/5550_ros2_ws/install/example_cpp/bin'
[1.205s] Level 1:colcon.colcon_core.environment:checking '/home/yahboom/5550_ros2_ws/install/example_cpp/lib/pkgconfig/example_cpp.pc'
[1.205s] Level 1:colcon.colcon_core.environment:checking '/home/yahboom/5550_ros2_ws/install/example_cpp/lib/python3.10/site-packages'
[1.205s] Level 1:colcon.colcon_core.environment:checking '/home/yahboom/5550_ros2_ws/install/example_cpp/bin'
[1.205s] INFO:colcon.colcon_core.shell:Creating package script '/home/yahboom/5550_ros2_ws/install/example_cpp/share/example_cpp/package.ps1'
[1.205s] INFO:colcon.colcon_core.shell:Creating package descriptor '/home/yahboom/5550_ros2_ws/install/example_cpp/share/example_cpp/package.dsv'
[1.206s] INFO:colcon.colcon_core.shell:Creating package script '/home/yahboom/5550_ros2_ws/install/example_cpp/share/example_cpp/package.sh'
[1.206s] INFO:colcon.colcon_core.shell:Creating package script '/home/yahboom/5550_ros2_ws/install/example_cpp/share/example_cpp/package.bash'
[1.206s] INFO:colcon.colcon_core.shell:Creating package script '/home/yahboom/5550_ros2_ws/install/example_cpp/share/example_cpp/package.zsh'
[1.207s] Level 1:colcon.colcon_core.environment:create_file_with_runtime_dependencies(/home/yahboom/5550_ros2_ws/install/example_cpp/share/colcon-core/packages/example_cpp)
[1.235s] Level 1:colcon.colcon_core.environment:create_environment_scripts_only(example_cpp)
[1.235s] Level 1:colcon.colcon_core.environment:checking '/home/yahboom/5550_ros2_ws/install/example_cpp' for CMake module files
[1.235s] Level 1:colcon.colcon_core.environment:checking '/home/yahboom/5550_ros2_ws/install/example_cpp' for CMake config files
[1.235s] Level 1:colcon.colcon_core.shell:create_environment_hook('example_cpp', 'cmake_prefix_path')
[1.236s] INFO:colcon.colcon_core.shell:Creating environment hook '/home/yahboom/5550_ros2_ws/install/example_cpp/share/example_cpp/hook/cmake_prefix_path.ps1'
[1.236s] INFO:colcon.colcon_core.shell:Creating environment descriptor '/home/yahboom/5550_ros2_ws/install/example_cpp/share/example_cpp/hook/cmake_prefix_path.dsv'
[1.236s] INFO:colcon.colcon_core.shell:Creating environment hook '/home/yahboom/5550_ros2_ws/install/example_cpp/share/example_cpp/hook/cmake_prefix_path.sh'
[1.237s] Level 1:colcon.colcon_core.environment:checking '/home/yahboom/5550_ros2_ws/install/example_cpp/lib'
[1.237s] Level 1:colcon.colcon_core.environment:checking '/home/yahboom/5550_ros2_ws/install/example_cpp/bin'
[1.237s] Level 1:colcon.colcon_core.environment:checking '/home/yahboom/5550_ros2_ws/install/example_cpp/lib/pkgconfig/example_cpp.pc'
[1.237s] Level 1:colcon.colcon_core.environment:checking '/home/yahboom/5550_ros2_ws/install/example_cpp/lib/python3.10/site-packages'
[1.237s] Level 1:colcon.colcon_core.environment:checking '/home/yahboom/5550_ros2_ws/install/example_cpp/bin'
[1.237s] INFO:colcon.colcon_core.shell:Creating package script '/home/yahboom/5550_ros2_ws/install/example_cpp/share/example_cpp/package.ps1'
[1.237s] INFO:colcon.colcon_core.shell:Creating package descriptor '/home/yahboom/5550_ros2_ws/install/example_cpp/share/example_cpp/package.dsv'
[1.238s] INFO:colcon.colcon_core.shell:Creating package script '/home/yahboom/5550_ros2_ws/install/example_cpp/share/example_cpp/package.sh'
[1.238s] INFO:colcon.colcon_core.shell:Creating package script '/home/yahboom/5550_ros2_ws/install/example_cpp/share/example_cpp/package.bash'
[1.238s] INFO:colcon.colcon_core.shell:Creating package script '/home/yahboom/5550_ros2_ws/install/example_cpp/share/example_cpp/package.zsh'
[1.239s] Level 1:colcon.colcon_core.environment:create_file_with_runtime_dependencies(/home/yahboom/5550_ros2_ws/install/example_cpp/share/colcon-core/packages/example_cpp)
[1.398s] Level 1:colcon.colcon_core.environment:checking '/home/yahboom/5550_ros2_ws/install/drone_description' for CMake module files
[1.399s] DEBUG:colcon.colcon_core.event_handler.log_command:Invoked command in '/home/yahboom/5550_ros2_ws/src/drone_description' returned '0': PYTHONPATH=/home/yahboom/5550_ros2_ws/build/drone_description/prefix_override:/home/yahboom/5550_ros2_ws/install/drone_description/lib/python3.10/site-packages:${PYTHONPATH} /usr/bin/python3 -W ignore:setup.py install is deprecated setup.py egg_info --egg-base ../../build/drone_description build --build-base /home/yahboom/5550_ros2_ws/build/drone_description/build install --record /home/yahboom/5550_ros2_ws/build/drone_description/install.log --single-version-externally-managed install_data --force
[1.399s] Level 1:colcon.colcon_core.environment:checking '/home/yahboom/5550_ros2_ws/install/drone_description' for CMake config files
[1.400s] Level 1:colcon.colcon_core.environment:checking '/home/yahboom/5550_ros2_ws/install/drone_description/lib'
[1.400s] Level 1:colcon.colcon_core.environment:checking '/home/yahboom/5550_ros2_ws/install/drone_description/bin'
[1.400s] Level 1:colcon.colcon_core.environment:checking '/home/yahboom/5550_ros2_ws/install/drone_description/lib/pkgconfig/drone_description.pc'
[1.400s] Level 1:colcon.colcon_core.environment:checking '/home/yahboom/5550_ros2_ws/install/drone_description/lib/python3.10/site-packages'
[1.400s] Level 1:colcon.colcon_core.shell:create_environment_hook('drone_description', 'pythonpath')
[1.400s] INFO:colcon.colcon_core.shell:Creating environment hook '/home/yahboom/5550_ros2_ws/install/drone_description/share/drone_description/hook/pythonpath.ps1'
[1.401s] INFO:colcon.colcon_core.shell:Creating environment descriptor '/home/yahboom/5550_ros2_ws/install/drone_description/share/drone_description/hook/pythonpath.dsv'
[1.401s] INFO:colcon.colcon_core.shell:Creating environment hook '/home/yahboom/5550_ros2_ws/install/drone_description/share/drone_description/hook/pythonpath.sh'
[1.401s] Level 1:colcon.colcon_core.environment:checking '/home/yahboom/5550_ros2_ws/install/drone_description/bin'
[1.401s] Level 1:colcon.colcon_core.environment:create_environment_scripts_only(drone_description)
[1.402s] INFO:colcon.colcon_core.shell:Creating package script '/home/yahboom/5550_ros2_ws/install/drone_description/share/drone_description/package.ps1'
[1.402s] INFO:colcon.colcon_core.shell:Creating package descriptor '/home/yahboom/5550_ros2_ws/install/drone_description/share/drone_description/package.dsv'
[1.402s] INFO:colcon.colcon_core.shell:Creating package script '/home/yahboom/5550_ros2_ws/install/drone_description/share/drone_description/package.sh'
[1.402s] INFO:colcon.colcon_core.shell:Creating package script '/home/yahboom/5550_ros2_ws/install/drone_description/share/drone_description/package.bash'
[1.403s] INFO:colcon.colcon_core.shell:Creating package script '/home/yahboom/5550_ros2_ws/install/drone_description/share/drone_description/package.zsh'
[1.403s] Level 1:colcon.colcon_core.environment:create_file_with_runtime_dependencies(/home/yahboom/5550_ros2_ws/install/drone_description/share/colcon-core/packages/drone_description)
[1.403s] DEBUG:colcon.colcon_parallel_executor.executor.parallel:closing loop
[1.403s] DEBUG:colcon.colcon_parallel_executor.executor.parallel:loop closed
[1.403s] DEBUG:colcon.colcon_parallel_executor.executor.parallel:run_until_complete finished with '0'
[1.403s] DEBUG:colcon.colcon_core.event_reactor:joining thread
[1.407s] INFO:colcon.colcon_core.plugin_system:Skipping extension 'colcon_notification.desktop_notification.terminal_notifier': Not used on non-Darwin systems
[1.407s] INFO:colcon.colcon_core.plugin_system:Skipping extension 'colcon_notification.desktop_notification.win32': Not used on non-Windows systems
[1.407s] INFO:colcon.colcon_notification.desktop_notification:Sending desktop notification using 'notify2'
[1.416s] DEBUG:colcon.colcon_core.event_reactor:joined thread
[1.416s] INFO:colcon.colcon_core.shell:Creating prefix script '/home/yahboom/5550_ros2_ws/install/local_setup.ps1'
[1.416s] INFO:colcon.colcon_core.shell:Creating prefix util module '/home/yahboom/5550_ros2_ws/install/_local_setup_util_ps1.py'
[1.417s] INFO:colcon.colcon_core.shell:Creating prefix chain script '/home/yahboom/5550_ros2_ws/install/setup.ps1'
[1.418s] INFO:colcon.colcon_core.shell:Creating prefix script '/home/yahboom/5550_ros2_ws/install/local_setup.sh'
[1.418s] INFO:colcon.colcon_core.shell:Creating prefix util module '/home/yahboom/5550_ros2_ws/install/_local_setup_util_sh.py'
[1.419s] INFO:colcon.colcon_core.shell:Creating prefix chain script '/home/yahboom/5550_ros2_ws/install/setup.sh'
[1.420s] INFO:colcon.colcon_core.shell:Creating prefix script '/home/yahboom/5550_ros2_ws/install/local_setup.bash'
[1.420s] INFO:colcon.colcon_core.shell:Creating prefix chain script '/home/yahboom/5550_ros2_ws/install/setup.bash'
[1.421s] INFO:colcon.colcon_core.shell:Creating prefix script '/home/yahboom/5550_ros2_ws/install/local_setup.zsh'
[1.422s] INFO:colcon.colcon_core.shell:Creating prefix chain script '/home/yahboom/5550_ros2_ws/install/setup.zsh'
