[0.470s] Invoking command in '/home/yahboom/5550_ros2_ws/src/drone_description': PYTHONPATH=/home/yahboom/5550_ros2_ws/build/drone_description/prefix_override:/home/yahboom/5550_ros2_ws/install/drone_description/lib/python3.10/site-packages:${PYTHONPATH} /usr/bin/python3 -W ignore:setup.py install is deprecated setup.py egg_info --egg-base ../../build/drone_description build --build-base /home/yahboom/5550_ros2_ws/build/drone_description/build install --record /home/yahboom/5550_ros2_ws/build/drone_description/install.log --single-version-externally-managed install_data
[0.612s] running egg_info
[0.613s] writing ../../build/drone_description/drone_description.egg-info/PKG-INFO
[0.613s] writing dependency_links to ../../build/drone_description/drone_description.egg-info/dependency_links.txt
[0.613s] writing entry points to ../../build/drone_description/drone_description.egg-info/entry_points.txt
[0.613s] writing requirements to ../../build/drone_description/drone_description.egg-info/requires.txt
[0.613s] writing top-level names to ../../build/drone_description/drone_description.egg-info/top_level.txt
[0.614s] reading manifest file '../../build/drone_description/drone_description.egg-info/SOURCES.txt'
[0.615s] writing manifest file '../../build/drone_description/drone_description.egg-info/SOURCES.txt'
[0.615s] running build
[0.615s] running build_py
[0.615s] running install
[0.615s] running install_lib
[0.616s] running install_data
[0.616s] copying worlds/room4.world -> /home/yahboom/5550_ros2_ws/install/drone_description/share/drone_description/worlds
[0.617s] copying worlds/room1.world -> /home/yahboom/5550_ros2_ws/install/drone_description/share/drone_description/worlds
[0.617s] running install_egg_info
[0.618s] removing '/home/yahboom/5550_ros2_ws/install/drone_description/lib/python3.10/site-packages/drone_description-0.0.0-py3.10.egg-info' (and everything under it)
[0.619s] Copying ../../build/drone_description/drone_description.egg-info to /home/yahboom/5550_ros2_ws/install/drone_description/lib/python3.10/site-packages/drone_description-0.0.0-py3.10.egg-info
[0.619s] running install_scripts
[0.631s] writing list of installed files to '/home/yahboom/5550_ros2_ws/build/drone_description/install.log'
[0.644s] Invoked command in '/home/yahboom/5550_ros2_ws/src/drone_description' returned '0': PYTHONPATH=/home/yahboom/5550_ros2_ws/build/drone_description/prefix_override:/home/yahboom/5550_ros2_ws/install/drone_description/lib/python3.10/site-packages:${PYTHONPATH} /usr/bin/python3 -W ignore:setup.py install is deprecated setup.py egg_info --egg-base ../../build/drone_description build --build-base /home/yahboom/5550_ros2_ws/build/drone_description/build install --record /home/yahboom/5550_ros2_ws/build/drone_description/install.log --single-version-externally-managed install_data
