[1.358s] Invoking command in '/home/yahboom/5550_ros2_ws/src/drone_description': PYTHONPATH=/home/yahboom/5550_ros2_ws/build/drone_description/prefix_override:/home/yahboom/5550_ros2_ws/install/drone_description/lib/python3.10/site-packages:${PYTHONPATH} /usr/bin/python3 -W ignore:setup.py install is deprecated setup.py egg_info --egg-base ../../build/drone_description build --build-base /home/yahboom/5550_ros2_ws/build/drone_description/build install --record /home/yahboom/5550_ros2_ws/build/drone_description/install.log --single-version-externally-managed install_data
[1.789s] running egg_info
[1.789s] writing ../../build/drone_description/drone_description.egg-info/PKG-INFO
[1.791s] writing dependency_links to ../../build/drone_description/drone_description.egg-info/dependency_links.txt
[1.792s] writing entry points to ../../build/drone_description/drone_description.egg-info/entry_points.txt
[1.792s] writing requirements to ../../build/drone_description/drone_description.egg-info/requires.txt
[1.792s] writing top-level names to ../../build/drone_description/drone_description.egg-info/top_level.txt
[1.795s] reading manifest file '../../build/drone_description/drone_description.egg-info/SOURCES.txt'
[1.797s] writing manifest file '../../build/drone_description/drone_description.egg-info/SOURCES.txt'
[1.798s] running build
[1.798s] running build_py
[1.801s] running install
[1.802s] running install_lib
[1.805s] running install_data
[1.808s] running install_egg_info
[1.811s] removing '/home/yahboom/5550_ros2_ws/install/drone_description/lib/python3.10/site-packages/drone_description-0.0.0-py3.10.egg-info' (and everything under it)
[1.811s] Copying ../../build/drone_description/drone_description.egg-info to /home/yahboom/5550_ros2_ws/install/drone_description/lib/python3.10/site-packages/drone_description-0.0.0-py3.10.egg-info
[1.814s] running install_scripts
[1.851s] writing list of installed files to '/home/yahboom/5550_ros2_ws/build/drone_description/install.log'
[1.877s] Invoked command in '/home/yahboom/5550_ros2_ws/src/drone_description' returned '0': PYTHONPATH=/home/yahboom/5550_ros2_ws/build/drone_description/prefix_override:/home/yahboom/5550_ros2_ws/install/drone_description/lib/python3.10/site-packages:${PYTHONPATH} /usr/bin/python3 -W ignore:setup.py install is deprecated setup.py egg_info --egg-base ../../build/drone_description build --build-base /home/yahboom/5550_ros2_ws/build/drone_description/build install --record /home/yahboom/5550_ros2_ws/build/drone_description/install.log --single-version-externally-managed install_data
