[0.801s] Invoking command in '/home/yahboom/5550_ros2_ws/src/drone_description': PYTHONPATH=/home/yahboom/5550_ros2_ws/build/drone_description/prefix_override:/home/yahboom/5550_ros2_ws/install/drone_description/lib/python3.10/site-packages:${PYTHONPATH} /usr/bin/python3 -W ignore:setup.py install is deprecated setup.py egg_info --egg-base ../../build/drone_description build --build-base /home/yahboom/5550_ros2_ws/build/drone_description/build install --record /home/yahboom/5550_ros2_ws/build/drone_description/install.log --single-version-externally-managed install_data
[0.996s] running egg_info
[0.997s] writing ../../build/drone_description/drone_description.egg-info/PKG-INFO
[0.998s] writing dependency_links to ../../build/drone_description/drone_description.egg-info/dependency_links.txt
[0.998s] writing entry points to ../../build/drone_description/drone_description.egg-info/entry_points.txt
[0.998s] writing requirements to ../../build/drone_description/drone_description.egg-info/requires.txt
[0.998s] writing top-level names to ../../build/drone_description/drone_description.egg-info/top_level.txt
[0.999s] reading manifest file '../../build/drone_description/drone_description.egg-info/SOURCES.txt'
[1.000s] writing manifest file '../../build/drone_description/drone_description.egg-info/SOURCES.txt'
[1.000s] running build
[1.000s] running build_py
[1.000s] running install
[1.001s] running install_lib
[1.002s] running install_data
[1.002s] running install_egg_info
[1.004s] removing '/home/yahboom/5550_ros2_ws/install/drone_description/lib/python3.10/site-packages/drone_description-0.0.0-py3.10.egg-info' (and everything under it)
[1.004s] Copying ../../build/drone_description/drone_description.egg-info to /home/yahboom/5550_ros2_ws/install/drone_description/lib/python3.10/site-packages/drone_description-0.0.0-py3.10.egg-info
[1.005s] running install_scripts
[1.021s] writing list of installed files to '/home/yahboom/5550_ros2_ws/build/drone_description/install.log'
[1.038s] Invoked command in '/home/yahboom/5550_ros2_ws/src/drone_description' returned '0': PYTHONPATH=/home/yahboom/5550_ros2_ws/build/drone_description/prefix_override:/home/yahboom/5550_ros2_ws/install/drone_description/lib/python3.10/site-packages:${PYTHONPATH} /usr/bin/python3 -W ignore:setup.py install is deprecated setup.py egg_info --egg-base ../../build/drone_description build --build-base /home/yahboom/5550_ros2_ws/build/drone_description/build install --record /home/yahboom/5550_ros2_ws/build/drone_description/install.log --single-version-externally-managed install_data
