running develop
/usr/lib/python3/dist-packages/setuptools/command/easy_install.py:158: EasyInstallDeprecationWarning: easy_install command is deprecated. Use build and pip and other standards-based tools.
  warnings.warn(
Removing /home/yahboom/5550_ros2_ws/install/drone_description/lib/python3.10/site-packages/drone-description.egg-link (link to .)
running egg_info
writing ../../build/drone_description/drone_description.egg-info/PKG-INFO
writing dependency_links to ../../build/drone_description/drone_description.egg-info/dependency_links.txt
writing entry points to ../../build/drone_description/drone_description.egg-info/entry_points.txt
writing requirements to ../../build/drone_description/drone_description.egg-info/requires.txt
writing top-level names to ../../build/drone_description/drone_description.egg-info/top_level.txt
reading manifest file '../../build/drone_description/drone_description.egg-info/SOURCES.txt'
writing manifest file '../../build/drone_description/drone_description.egg-info/SOURCES.txt'
running build
running build_py
creating /home/yahboom/5550_ros2_ws/build/drone_description/build
creating /home/yahboom/5550_ros2_ws/build/drone_description/build/lib
creating /home/yahboom/5550_ros2_ws/build/drone_description/build/lib/drone_description
copying drone_description/__init__.py -> /home/yahboom/5550_ros2_ws/build/drone_description/build/lib/drone_description
running install
running install_lib
creating /home/yahboom/5550_ros2_ws/install/drone_description/lib/python3.10/site-packages/drone_description
copying /home/yahboom/5550_ros2_ws/build/drone_description/build/lib/drone_description/__init__.py -> /home/yahboom/5550_ros2_ws/install/drone_description/lib/python3.10/site-packages/drone_description
byte-compiling /home/yahboom/5550_ros2_ws/install/drone_description/lib/python3.10/site-packages/drone_description/__init__.py to __init__.cpython-310.pyc
running install_data
copying resource/drone_description -> /home/yahboom/5550_ros2_ws/install/drone_description/share/ament_index/resource_index/packages
copying package.xml -> /home/yahboom/5550_ros2_ws/install/drone_description/share/drone_description
copying urdf/drone_base.urdf -> /home/yahboom/5550_ros2_ws/install/drone_description/share/drone_description/urdf
copying launch/display_rviz2.launch.py -> /home/yahboom/5550_ros2_ws/install/drone_description/share/drone_description/launch
copying launch/spawn_in_gazebo.launch.py -> /home/yahboom/5550_ros2_ws/install/drone_description/share/drone_description/launch
copying worlds/room4.world -> /home/yahboom/5550_ros2_ws/install/drone_description/share/drone_description/worlds
running install_egg_info
Copying ../../build/drone_description/drone_description.egg-info to /home/yahboom/5550_ros2_ws/install/drone_description/lib/python3.10/site-packages/drone_description-0.0.0-py3.10.egg-info
running install_scripts
writing list of installed files to '/home/yahboom/5550_ros2_ws/build/drone_description/install.log'
