[0.657s] Invoking command in '/home/yahboom/5550_ros2_ws/build/drone_description': PYTHONPATH=/home/yahboom/5550_ros2_ws/build/drone_description/prefix_override:/home/yahboom/5550_ros2_ws/install/drone_description/lib/python3.10/site-packages:${PYTHONPATH} /usr/bin/python3 -W ignore:setup.py install is deprecated setup.py develop --uninstall --editable --build-directory /home/yahboom/5550_ros2_ws/build/drone_description/build
[0.840s] running develop
[0.841s] /usr/lib/python3/dist-packages/setuptools/command/easy_install.py:158: EasyInstallDeprecationWarning: easy_install command is deprecated. Use build and pip and other standards-based tools.
[0.841s]   warnings.warn(
[0.954s] Removing /home/yahboom/5550_ros2_ws/install/drone_description/lib/python3.10/site-packages/drone-description.egg-link (link to .)
[0.968s] Invoked command in '/home/yahboom/5550_ros2_ws/build/drone_description' returned '0': PYTHONPATH=/home/yahboom/5550_ros2_ws/build/drone_description/prefix_override:/home/yahboom/5550_ros2_ws/install/drone_description/lib/python3.10/site-packages:${PYTHONPATH} /usr/bin/python3 -W ignore:setup.py install is deprecated setup.py develop --uninstall --editable --build-directory /home/yahboom/5550_ros2_ws/build/drone_description/build
[0.970s] Invoking command in '/home/yahboom/5550_ros2_ws/src/drone_description': PYTHONPATH=/home/yahboom/5550_ros2_ws/build/drone_description/prefix_override:/home/yahboom/5550_ros2_ws/install/drone_description/lib/python3.10/site-packages:${PYTHONPATH} /usr/bin/python3 -W ignore:setup.py install is deprecated setup.py egg_info --egg-base ../../build/drone_description build --build-base /home/yahboom/5550_ros2_ws/build/drone_description/build install --record /home/yahboom/5550_ros2_ws/build/drone_description/install.log --single-version-externally-managed install_data --force
[1.132s] running egg_info
[1.133s] writing ../../build/drone_description/drone_description.egg-info/PKG-INFO
[1.133s] writing dependency_links to ../../build/drone_description/drone_description.egg-info/dependency_links.txt
[1.133s] writing entry points to ../../build/drone_description/drone_description.egg-info/entry_points.txt
[1.133s] writing requirements to ../../build/drone_description/drone_description.egg-info/requires.txt
[1.133s] writing top-level names to ../../build/drone_description/drone_description.egg-info/top_level.txt
[1.134s] reading manifest file '../../build/drone_description/drone_description.egg-info/SOURCES.txt'
[1.137s] writing manifest file '../../build/drone_description/drone_description.egg-info/SOURCES.txt'
[1.137s] running build
[1.137s] running build_py
[1.137s] creating /home/yahboom/5550_ros2_ws/build/drone_description/build
[1.137s] creating /home/yahboom/5550_ros2_ws/build/drone_description/build/lib
[1.137s] creating /home/yahboom/5550_ros2_ws/build/drone_description/build/lib/drone_description
[1.137s] copying drone_description/__init__.py -> /home/yahboom/5550_ros2_ws/build/drone_description/build/lib/drone_description
[1.137s] running install
[1.137s] running install_lib
[1.138s] creating /home/yahboom/5550_ros2_ws/install/drone_description/lib/python3.10/site-packages/drone_description
[1.138s] copying /home/yahboom/5550_ros2_ws/build/drone_description/build/lib/drone_description/__init__.py -> /home/yahboom/5550_ros2_ws/install/drone_description/lib/python3.10/site-packages/drone_description
[1.139s] byte-compiling /home/yahboom/5550_ros2_ws/install/drone_description/lib/python3.10/site-packages/drone_description/__init__.py to __init__.cpython-310.pyc
[1.139s] running install_data
[1.139s] copying resource/drone_description -> /home/yahboom/5550_ros2_ws/install/drone_description/share/ament_index/resource_index/packages
[1.139s] copying package.xml -> /home/yahboom/5550_ros2_ws/install/drone_description/share/drone_description
[1.139s] copying urdf/drone_base.urdf -> /home/yahboom/5550_ros2_ws/install/drone_description/share/drone_description/urdf
[1.139s] copying launch/display_rviz2.launch.py -> /home/yahboom/5550_ros2_ws/install/drone_description/share/drone_description/launch
[1.140s] copying launch/spawn_in_gazebo.launch.py -> /home/yahboom/5550_ros2_ws/install/drone_description/share/drone_description/launch
[1.140s] copying worlds/room4.world -> /home/yahboom/5550_ros2_ws/install/drone_description/share/drone_description/worlds
[1.140s] running install_egg_info
[1.142s] Copying ../../build/drone_description/drone_description.egg-info to /home/yahboom/5550_ros2_ws/install/drone_description/lib/python3.10/site-packages/drone_description-0.0.0-py3.10.egg-info
[1.151s] running install_scripts
[1.157s] writing list of installed files to '/home/yahboom/5550_ros2_ws/build/drone_description/install.log'
[1.169s] Invoked command in '/home/yahboom/5550_ros2_ws/src/drone_description' returned '0': PYTHONPATH=/home/yahboom/5550_ros2_ws/build/drone_description/prefix_override:/home/yahboom/5550_ros2_ws/install/drone_description/lib/python3.10/site-packages:${PYTHONPATH} /usr/bin/python3 -W ignore:setup.py install is deprecated setup.py egg_info --egg-base ../../build/drone_description build --build-base /home/yahboom/5550_ros2_ws/build/drone_description/build install --record /home/yahboom/5550_ros2_ws/build/drone_description/install.log --single-version-externally-managed install_data --force
