/home/yahboom/5550_ros2_ws/install/yahboomcar_nav/lib/python3.10/site-packages/yahboomcar_nav/__init__.py
/home/yahboom/5550_ros2_ws/install/yahboomcar_nav/lib/python3.10/site-packages/yahboomcar_nav/__pycache__/__init__.cpython-310.pyc
/home/yahboom/5550_ros2_ws/install/yahboomcar_nav/share/ament_index/resource_index/packages/yahboomcar_nav
/home/yahboom/5550_ros2_ws/install/yahboomcar_nav/share/yahboomcar_nav/package.xml
/home/yahboom/5550_ros2_ws/install/yahboomcar_nav/share/yahboomcar_nav/launch/map_cartographer_launch.py
/home/yahboom/5550_ros2_ws/install/yahboomcar_nav/share/yahboomcar_nav/launch/save_map_launch.py
/home/yahboom/5550_ros2_ws/install/yahboomcar_nav/share/yahboomcar_nav/launch/cartographer_launch.py
/home/yahboom/5550_ros2_ws/install/yahboomcar_nav/share/yahboomcar_nav/launch/navigation_rtabmap_launch.py
/home/yahboom/5550_ros2_ws/install/yahboomcar_nav/share/yahboomcar_nav/launch/laser_bringup_gmapping_launch.py
/home/yahboom/5550_ros2_ws/install/yahboomcar_nav/share/yahboomcar_nav/launch/rtabmap_viz_launch.py
/home/yahboom/5550_ros2_ws/install/yahboomcar_nav/share/yahboomcar_nav/launch/laser_bringup_launch.py
/home/yahboom/5550_ros2_ws/install/yahboomcar_nav/share/yahboomcar_nav/launch/display_rtabmap_map_launch.py
/home/yahboom/5550_ros2_ws/install/yahboomcar_nav/share/yahboomcar_nav/launch/rtabmap_scan.launch.py
/home/yahboom/5550_ros2_ws/install/yahboomcar_nav/share/yahboomcar_nav/launch/map_gmapping_launch.py
/home/yahboom/5550_ros2_ws/install/yahboomcar_nav/share/yahboomcar_nav/launch/rtabmap_nav_launch.py
/home/yahboom/5550_ros2_ws/install/yahboomcar_nav/share/yahboomcar_nav/launch/map_rtabmap_launch.py
/home/yahboom/5550_ros2_ws/install/yahboomcar_nav/share/yahboomcar_nav/launch/navigation_dwb_launch.py
/home/yahboom/5550_ros2_ws/install/yahboomcar_nav/share/yahboomcar_nav/launch/navigation_teb_launch.py
/home/yahboom/5550_ros2_ws/install/yahboomcar_nav/share/yahboomcar_nav/launch/display_rtabmap_nav_launch.py
/home/yahboom/5550_ros2_ws/install/yahboomcar_nav/share/yahboomcar_nav/launch/rtabmap_sync_launch.py
/home/yahboom/5550_ros2_ws/install/yahboomcar_nav/share/yahboomcar_nav/launch/occupancy_grid_launch.py
/home/yahboom/5550_ros2_ws/install/yahboomcar_nav/share/yahboomcar_nav/launch/rtabmap_localization_launch.py
/home/yahboom/5550_ros2_ws/install/yahboomcar_nav/share/yahboomcar_nav/launch/rtabmap_rgbd.launch.py
/home/yahboom/5550_ros2_ws/install/yahboomcar_nav/share/yahboomcar_nav/launch/map_cartographer_app_launch.xml
/home/yahboom/5550_ros2_ws/install/yahboomcar_nav/share/yahboomcar_nav/launch/navigation_dwb_app_launch.xml
/home/yahboom/5550_ros2_ws/install/yahboomcar_nav/share/yahboomcar_nav/launch/map_gmapping_app_launch.xml
/home/yahboom/5550_ros2_ws/install/yahboomcar_nav/share/yahboomcar_nav/rviz/rtabmap_nav.rviz
/home/yahboom/5550_ros2_ws/install/yahboomcar_nav/share/yahboomcar_nav/rviz/rtabmap_map.rviz
/home/yahboom/5550_ros2_ws/install/yahboomcar_nav/share/yahboomcar_nav/params/rtabmap_nav_params.yaml
/home/yahboom/5550_ros2_ws/install/yahboomcar_nav/share/yahboomcar_nav/params/dwb_nav_params.yaml
/home/yahboom/5550_ros2_ws/install/yahboomcar_nav/share/yahboomcar_nav/params/teb_nav_params.yaml
/home/yahboom/5550_ros2_ws/install/yahboomcar_nav/share/yahboomcar_nav/params/cartographer_config.lua
/home/yahboom/5550_ros2_ws/install/yahboomcar_nav/share/yahboomcar_nav/maps/yahboom_map1.yaml
/home/yahboom/5550_ros2_ws/install/yahboomcar_nav/share/yahboomcar_nav/maps/12345.yaml.yaml
/home/yahboom/5550_ros2_ws/install/yahboomcar_nav/share/yahboomcar_nav/maps/test.yaml
/home/yahboom/5550_ros2_ws/install/yahboomcar_nav/share/yahboomcar_nav/maps/11113444.yaml.pgm
/home/yahboom/5550_ros2_ws/install/yahboomcar_nav/share/yahboomcar_nav/maps/11113444.yaml.yaml
/home/yahboom/5550_ros2_ws/install/yahboomcar_nav/share/yahboomcar_nav/maps/yahboom_map1.pgm
/home/yahboom/5550_ros2_ws/install/yahboomcar_nav/share/yahboomcar_nav/maps/yahboom_map.pgm
/home/yahboom/5550_ros2_ws/install/yahboomcar_nav/share/yahboomcar_nav/maps/12345.yaml.pgm
/home/yahboom/5550_ros2_ws/install/yahboomcar_nav/share/yahboomcar_nav/maps/test.pgm
/home/yahboom/5550_ros2_ws/install/yahboomcar_nav/share/yahboomcar_nav/maps/yahboom_map.yaml
/home/yahboom/5550_ros2_ws/install/yahboomcar_nav/lib/python3.10/site-packages/yahboomcar_nav-0.0.0-py3.10.egg-info/PKG-INFO
/home/yahboom/5550_ros2_ws/install/yahboomcar_nav/lib/python3.10/site-packages/yahboomcar_nav-0.0.0-py3.10.egg-info/zip-safe
/home/yahboom/5550_ros2_ws/install/yahboomcar_nav/lib/python3.10/site-packages/yahboomcar_nav-0.0.0-py3.10.egg-info/SOURCES.txt
/home/yahboom/5550_ros2_ws/install/yahboomcar_nav/lib/python3.10/site-packages/yahboomcar_nav-0.0.0-py3.10.egg-info/entry_points.txt
/home/yahboom/5550_ros2_ws/install/yahboomcar_nav/lib/python3.10/site-packages/yahboomcar_nav-0.0.0-py3.10.egg-info/dependency_links.txt
/home/yahboom/5550_ros2_ws/install/yahboomcar_nav/lib/python3.10/site-packages/yahboomcar_nav-0.0.0-py3.10.egg-info/top_level.txt
/home/yahboom/5550_ros2_ws/install/yahboomcar_nav/lib/python3.10/site-packages/yahboomcar_nav-0.0.0-py3.10.egg-info/requires.txt
