[0.207s] Invoking command in '/home/yahboom/5550_ros2_ws/build/example_cpp': CMAKE_PREFIX_PATH=${CMAKE_PREFIX_PATH}:/home/yahboom/5550_ros2_ws/install/drone_description:/opt/ros/humble /usr/bin/cmake --build /home/yahboom/5550_ros2_ws/build/example_cpp -- -j4 -l4
[0.267s] [100%] Built target node_01
[0.277s] Invoked command in '/home/yahboom/5550_ros2_ws/build/example_cpp' returned '0': CMAKE_PREFIX_PATH=${CMAKE_PREFIX_PATH}:/home/yahboom/5550_ros2_ws/install/drone_description:/opt/ros/humble /usr/bin/cmake --build /home/yahboom/5550_ros2_ws/build/example_cpp -- -j4 -l4
[0.311s] Invoking command in '/home/yahboom/5550_ros2_ws/build/example_cpp': CMAKE_PREFIX_PATH=${CMAKE_PREFIX_PATH}:/home/yahboom/5550_ros2_ws/install/drone_description:/opt/ros/humble /usr/bin/cmake --install /home/yahboom/5550_ros2_ws/build/example_cpp
[0.318s] -- Install configuration: ""
[0.318s] -- Execute custom install script
[0.319s] -- Up-to-date symlink: /home/yahboom/5550_ros2_ws/install/example_cpp/share/ament_index/resource_index/package_run_dependencies/example_cpp
[0.319s] -- Up-to-date symlink: /home/yahboom/5550_ros2_ws/install/example_cpp/share/ament_index/resource_index/parent_prefix_path/example_cpp
[0.319s] -- Up-to-date symlink: /home/yahboom/5550_ros2_ws/install/example_cpp/share/example_cpp/environment/ament_prefix_path.sh
[0.319s] -- Up-to-date symlink: /home/yahboom/5550_ros2_ws/install/example_cpp/share/example_cpp/environment/ament_prefix_path.dsv
[0.319s] -- Up-to-date symlink: /home/yahboom/5550_ros2_ws/install/example_cpp/share/example_cpp/environment/path.sh
[0.320s] -- Up-to-date symlink: /home/yahboom/5550_ros2_ws/install/example_cpp/share/example_cpp/environment/path.dsv
[0.320s] -- Up-to-date symlink: /home/yahboom/5550_ros2_ws/install/example_cpp/share/example_cpp/local_setup.bash
[0.320s] -- Up-to-date symlink: /home/yahboom/5550_ros2_ws/install/example_cpp/share/example_cpp/local_setup.sh
[0.321s] -- Up-to-date symlink: /home/yahboom/5550_ros2_ws/install/example_cpp/share/example_cpp/local_setup.zsh
[0.321s] -- Up-to-date symlink: /home/yahboom/5550_ros2_ws/install/example_cpp/share/example_cpp/local_setup.dsv
[0.321s] -- Symlinking: /home/yahboom/5550_ros2_ws/install/example_cpp/share/example_cpp/package.dsv
[0.330s] -- Up-to-date symlink: /home/yahboom/5550_ros2_ws/install/example_cpp/share/ament_index/resource_index/packages/example_cpp
[0.330s] -- Up-to-date symlink: /home/yahboom/5550_ros2_ws/install/example_cpp/share/example_cpp/cmake/example_cppConfig.cmake
[0.331s] -- Up-to-date symlink: /home/yahboom/5550_ros2_ws/install/example_cpp/share/example_cpp/cmake/example_cppConfig-version.cmake
[0.331s] -- Up-to-date symlink: /home/yahboom/5550_ros2_ws/install/example_cpp/share/example_cpp/package.xml
[0.331s] -- Up-to-date symlink: /home/yahboom/5550_ros2_ws/install/example_cpp/lib/example_cpp/node_01
[0.332s] -- Up-to-date symlink: /home/yahboom/5550_ros2_ws/install/example_cpp/share/example_cpp/launch/1node_launch.py
[0.334s] Invoked command in '/home/yahboom/5550_ros2_ws/build/example_cpp' returned '0': CMAKE_PREFIX_PATH=${CMAKE_PREFIX_PATH}:/home/yahboom/5550_ros2_ws/install/drone_description:/opt/ros/humble /usr/bin/cmake --install /home/yahboom/5550_ros2_ws/build/example_cpp
