running egg_info
writing ../../build/drone_description/drone_description.egg-info/PKG-INFO
writing dependency_links to ../../build/drone_description/drone_description.egg-info/dependency_links.txt
writing entry points to ../../build/drone_description/drone_description.egg-info/entry_points.txt
writing requirements to ../../build/drone_description/drone_description.egg-info/requires.txt
writing top-level names to ../../build/drone_description/drone_description.egg-info/top_level.txt
reading manifest file '../../build/drone_description/drone_description.egg-info/SOURCES.txt'
writing manifest file '../../build/drone_description/drone_description.egg-info/SOURCES.txt'
running build
running build_py
running install
running install_lib
running install_data
copying package.xml -> /home/yahboom/5550_ros2_ws/install/drone_description/share/drone_description
copying urdf/drone_base.urdf -> /home/yahboom/5550_ros2_ws/install/drone_description/share/drone_description/urdf
running install_egg_info
removing '/home/yahboom/5550_ros2_ws/install/drone_description/lib/python3.10/site-packages/drone_description-0.0.0-py3.10.egg-info' (and everything under it)
Copying ../../build/drone_description/drone_description.egg-info to /home/yahboom/5550_ros2_ws/install/drone_description/lib/python3.10/site-packages/drone_description-0.0.0-py3.10.egg-info
running install_scripts
writing list of installed files to '/home/yahboom/5550_ros2_ws/build/drone_description/install.log'
