[0.100s] DEBUG:colcon:Command line arguments: ['/usr/bin/colcon', 'build']
[0.100s] DEBUG:colcon:Parsed command line arguments: Namespace(log_base=None, log_level=None, verb_name='build', build_base='build', install_base='install', merge_install=False, symlink_install=False, test_result_base=None, continue_on_error=False, executor='parallel', parallel_workers=4, event_handlers=None, ignore_user_meta=False, metas=['./colcon.meta'], base_paths=['.'], packages_ignore=None, packages_ignore_regex=None, paths=None, packages_up_to=None, packages_up_to_regex=None, packages_above=None, packages_above_and_dependencies=None, packages_above_depth=None, packages_select_by_dep=None, packages_skip_by_dep=None, packages_skip_up_to=None, packages_select_build_failed=False, packages_skip_build_finished=False, packages_select_test_failures=False, packages_skip_test_passed=False, packages_select=None, packages_skip=None, packages_select_regex=None, packages_skip_regex=None, packages_start=None, packages_end=None, allow_overriding=[], cmake_args=None, cmake_target=None, cmake_target_skip_unavailable=False, cmake_clean_cache=False, cmake_clean_first=False, cmake_force_configure=False, ament_cmake_args=None, catkin_cmake_args=None, catkin_skip_building_tests=False, verb_parser=<colcon_defaults.argument_parser.defaults.DefaultArgumentsDecorator object at 0x79ed02cdfcd0>, verb_extension=<colcon_core.verb.build.BuildVerb object at 0x79ed02ec81f0>, main=<bound method BuildVerb.main of <colcon_core.verb.build.BuildVerb object at 0x79ed02ec81f0>>)
[0.203s] Level 1:colcon.colcon_core.package_discovery:discover_packages(colcon_meta) check parameters
[0.203s] Level 1:colcon.colcon_core.package_discovery:discover_packages(recursive) check parameters
[0.203s] Level 1:colcon.colcon_core.package_discovery:discover_packages(ignore) check parameters
[0.203s] Level 1:colcon.colcon_core.package_discovery:discover_packages(path) check parameters
[0.203s] Level 1:colcon.colcon_core.package_discovery:discover_packages(colcon_meta) discover
[0.203s] Level 1:colcon.colcon_core.package_discovery:discover_packages(recursive) discover
[0.203s] INFO:colcon.colcon_core.package_discovery:Crawling recursively for packages in '/home/yahboom/5550_ros2_ws'
[0.203s] Level 1:colcon.colcon_core.package_identification:_identify(.) by extensions ['ignore', 'ignore_ament_install']
[0.203s] Level 1:colcon.colcon_core.package_identification:_identify(.) by extension 'ignore'
[0.203s] Level 1:colcon.colcon_core.package_identification:_identify(.) by extension 'ignore_ament_install'
[0.203s] Level 1:colcon.colcon_core.package_identification:_identify(.) by extensions ['colcon_pkg']
[0.203s] Level 1:colcon.colcon_core.package_identification:_identify(.) by extension 'colcon_pkg'
[0.203s] Level 1:colcon.colcon_core.package_identification:_identify(.) by extensions ['colcon_meta']
[0.203s] Level 1:colcon.colcon_core.package_identification:_identify(.) by extension 'colcon_meta'
[0.203s] Level 1:colcon.colcon_core.package_identification:_identify(.) by extensions ['ros']
[0.203s] Level 1:colcon.colcon_core.package_identification:_identify(.) by extension 'ros'
[0.209s] Level 1:colcon.colcon_core.package_identification:_identify(.) by extensions ['cmake', 'python']
[0.210s] Level 1:colcon.colcon_core.package_identification:_identify(.) by extension 'cmake'
[0.210s] Level 1:colcon.colcon_core.package_identification:_identify(.) by extension 'python'
[0.210s] Level 1:colcon.colcon_core.package_identification:_identify(.) by extensions ['python_setup_py']
[0.210s] Level 1:colcon.colcon_core.package_identification:_identify(.) by extension 'python_setup_py'
[0.210s] Level 1:colcon.colcon_core.package_identification:_identify(build) by extensions ['ignore', 'ignore_ament_install']
[0.210s] Level 1:colcon.colcon_core.package_identification:_identify(build) by extension 'ignore'
[0.210s] Level 1:colcon.colcon_core.package_identification:_identify(build) ignored
[0.210s] Level 1:colcon.colcon_core.package_identification:_identify(install) by extensions ['ignore', 'ignore_ament_install']
[0.210s] Level 1:colcon.colcon_core.package_identification:_identify(install) by extension 'ignore'
[0.210s] Level 1:colcon.colcon_core.package_identification:_identify(install) ignored
[0.210s] Level 1:colcon.colcon_core.package_identification:_identify(log) by extensions ['ignore', 'ignore_ament_install']
[0.210s] Level 1:colcon.colcon_core.package_identification:_identify(log) by extension 'ignore'
[0.210s] Level 1:colcon.colcon_core.package_identification:_identify(log) ignored
[0.210s] Level 1:colcon.colcon_core.package_identification:_identify(src) by extensions ['ignore', 'ignore_ament_install']
[0.210s] Level 1:colcon.colcon_core.package_identification:_identify(src) by extension 'ignore'
[0.210s] Level 1:colcon.colcon_core.package_identification:_identify(src) by extension 'ignore_ament_install'
[0.210s] Level 1:colcon.colcon_core.package_identification:_identify(src) by extensions ['colcon_pkg']
[0.210s] Level 1:colcon.colcon_core.package_identification:_identify(src) by extension 'colcon_pkg'
[0.210s] Level 1:colcon.colcon_core.package_identification:_identify(src) by extensions ['colcon_meta']
[0.210s] Level 1:colcon.colcon_core.package_identification:_identify(src) by extension 'colcon_meta'
[0.210s] Level 1:colcon.colcon_core.package_identification:_identify(src) by extensions ['ros']
[0.210s] Level 1:colcon.colcon_core.package_identification:_identify(src) by extension 'ros'
[0.210s] Level 1:colcon.colcon_core.package_identification:_identify(src) by extensions ['cmake', 'python']
[0.210s] Level 1:colcon.colcon_core.package_identification:_identify(src) by extension 'cmake'
[0.210s] Level 1:colcon.colcon_core.package_identification:_identify(src) by extension 'python'
[0.211s] Level 1:colcon.colcon_core.package_identification:_identify(src) by extensions ['python_setup_py']
[0.211s] Level 1:colcon.colcon_core.package_identification:_identify(src) by extension 'python_setup_py'
[0.211s] Level 1:colcon.colcon_core.package_identification:_identify(src/build) by extensions ['ignore', 'ignore_ament_install']
[0.211s] Level 1:colcon.colcon_core.package_identification:_identify(src/build) by extension 'ignore'
[0.211s] Level 1:colcon.colcon_core.package_identification:_identify(src/build) ignored
[0.211s] Level 1:colcon.colcon_core.package_identification:_identify(src/drone_cartographer) by extensions ['ignore', 'ignore_ament_install']
[0.211s] Level 1:colcon.colcon_core.package_identification:_identify(src/drone_cartographer) by extension 'ignore'
[0.211s] Level 1:colcon.colcon_core.package_identification:_identify(src/drone_cartographer) by extension 'ignore_ament_install'
[0.211s] Level 1:colcon.colcon_core.package_identification:_identify(src/drone_cartographer) by extensions ['colcon_pkg']
[0.211s] Level 1:colcon.colcon_core.package_identification:_identify(src/drone_cartographer) by extension 'colcon_pkg'
[0.211s] Level 1:colcon.colcon_core.package_identification:_identify(src/drone_cartographer) by extensions ['colcon_meta']
[0.211s] Level 1:colcon.colcon_core.package_identification:_identify(src/drone_cartographer) by extension 'colcon_meta'
[0.211s] Level 1:colcon.colcon_core.package_identification:_identify(src/drone_cartographer) by extensions ['ros']
[0.211s] Level 1:colcon.colcon_core.package_identification:_identify(src/drone_cartographer) by extension 'ros'
[0.212s] DEBUG:colcon.colcon_core.package_identification:Package 'src/drone_cartographer' with type 'ros.ament_cmake' and name 'drone_cartographer'
[0.212s] Level 1:colcon.colcon_core.package_identification:_identify(src/drone_description) by extensions ['ignore', 'ignore_ament_install']
[0.212s] Level 1:colcon.colcon_core.package_identification:_identify(src/drone_description) by extension 'ignore'
[0.212s] Level 1:colcon.colcon_core.package_identification:_identify(src/drone_description) by extension 'ignore_ament_install'
[0.212s] Level 1:colcon.colcon_core.package_identification:_identify(src/drone_description) by extensions ['colcon_pkg']
[0.212s] Level 1:colcon.colcon_core.package_identification:_identify(src/drone_description) by extension 'colcon_pkg'
[0.212s] Level 1:colcon.colcon_core.package_identification:_identify(src/drone_description) by extensions ['colcon_meta']
[0.212s] Level 1:colcon.colcon_core.package_identification:_identify(src/drone_description) by extension 'colcon_meta'
[0.212s] Level 1:colcon.colcon_core.package_identification:_identify(src/drone_description) by extensions ['ros']
[0.212s] Level 1:colcon.colcon_core.package_identification:_identify(src/drone_description) by extension 'ros'
[0.213s] DEBUG:colcon.colcon_core.package_identification:Package 'src/drone_description' with type 'ros.ament_python' and name 'drone_description'
[0.213s] Level 1:colcon.colcon_core.package_identification:_identify(src/drone_navigation2) by extensions ['ignore', 'ignore_ament_install']
[0.213s] Level 1:colcon.colcon_core.package_identification:_identify(src/drone_navigation2) by extension 'ignore'
[0.213s] Level 1:colcon.colcon_core.package_identification:_identify(src/drone_navigation2) by extension 'ignore_ament_install'
[0.213s] Level 1:colcon.colcon_core.package_identification:_identify(src/drone_navigation2) by extensions ['colcon_pkg']
[0.213s] Level 1:colcon.colcon_core.package_identification:_identify(src/drone_navigation2) by extension 'colcon_pkg'
[0.213s] Level 1:colcon.colcon_core.package_identification:_identify(src/drone_navigation2) by extensions ['colcon_meta']
[0.213s] Level 1:colcon.colcon_core.package_identification:_identify(src/drone_navigation2) by extension 'colcon_meta'
[0.213s] Level 1:colcon.colcon_core.package_identification:_identify(src/drone_navigation2) by extensions ['ros']
[0.213s] Level 1:colcon.colcon_core.package_identification:_identify(src/drone_navigation2) by extension 'ros'
[0.214s] DEBUG:colcon.colcon_core.package_identification:Package 'src/drone_navigation2' with type 'ros.ament_cmake' and name 'drone_navigation2'
[0.214s] Level 1:colcon.colcon_core.package_identification:_identify(src/example_cpp) by extensions ['ignore', 'ignore_ament_install']
[0.214s] Level 1:colcon.colcon_core.package_identification:_identify(src/example_cpp) by extension 'ignore'
[0.214s] Level 1:colcon.colcon_core.package_identification:_identify(src/example_cpp) by extension 'ignore_ament_install'
[0.214s] Level 1:colcon.colcon_core.package_identification:_identify(src/example_cpp) by extensions ['colcon_pkg']
[0.214s] Level 1:colcon.colcon_core.package_identification:_identify(src/example_cpp) by extension 'colcon_pkg'
[0.214s] Level 1:colcon.colcon_core.package_identification:_identify(src/example_cpp) by extensions ['colcon_meta']
[0.214s] Level 1:colcon.colcon_core.package_identification:_identify(src/example_cpp) by extension 'colcon_meta'
[0.214s] Level 1:colcon.colcon_core.package_identification:_identify(src/example_cpp) by extensions ['ros']
[0.214s] Level 1:colcon.colcon_core.package_identification:_identify(src/example_cpp) by extension 'ros'
[0.214s] DEBUG:colcon.colcon_core.package_identification:Package 'src/example_cpp' with type 'ros.ament_cmake' and name 'example_cpp'
[0.214s] Level 1:colcon.colcon_core.package_identification:_identify(src/install) by extensions ['ignore', 'ignore_ament_install']
[0.214s] Level 1:colcon.colcon_core.package_identification:_identify(src/install) by extension 'ignore'
[0.214s] Level 1:colcon.colcon_core.package_identification:_identify(src/install) ignored
[0.214s] Level 1:colcon.colcon_core.package_identification:_identify(src/log) by extensions ['ignore', 'ignore_ament_install']
[0.214s] Level 1:colcon.colcon_core.package_identification:_identify(src/log) by extension 'ignore'
[0.214s] Level 1:colcon.colcon_core.package_identification:_identify(src/log) ignored
[0.214s] Level 1:colcon.colcon_core.package_identification:_identify(src/yahboomcar_nav) by extensions ['ignore', 'ignore_ament_install']
[0.214s] Level 1:colcon.colcon_core.package_identification:_identify(src/yahboomcar_nav) by extension 'ignore'
[0.214s] Level 1:colcon.colcon_core.package_identification:_identify(src/yahboomcar_nav) by extension 'ignore_ament_install'
[0.215s] Level 1:colcon.colcon_core.package_identification:_identify(src/yahboomcar_nav) by extensions ['colcon_pkg']
[0.215s] Level 1:colcon.colcon_core.package_identification:_identify(src/yahboomcar_nav) by extension 'colcon_pkg'
[0.215s] Level 1:colcon.colcon_core.package_identification:_identify(src/yahboomcar_nav) by extensions ['colcon_meta']
[0.215s] Level 1:colcon.colcon_core.package_identification:_identify(src/yahboomcar_nav) by extension 'colcon_meta'
[0.215s] Level 1:colcon.colcon_core.package_identification:_identify(src/yahboomcar_nav) by extensions ['ros']
[0.215s] Level 1:colcon.colcon_core.package_identification:_identify(src/yahboomcar_nav) by extension 'ros'
[0.215s] DEBUG:colcon.colcon_core.package_identification:Package 'src/yahboomcar_nav' with type 'ros.ament_python' and name 'yahboomcar_nav'
[0.215s] Level 1:colcon.colcon_core.package_identification:_identify(src/ydlidar_ros2_driver) by extensions ['ignore', 'ignore_ament_install']
[0.215s] Level 1:colcon.colcon_core.package_identification:_identify(src/ydlidar_ros2_driver) by extension 'ignore'
[0.215s] Level 1:colcon.colcon_core.package_identification:_identify(src/ydlidar_ros2_driver) by extension 'ignore_ament_install'
[0.215s] Level 1:colcon.colcon_core.package_identification:_identify(src/ydlidar_ros2_driver) by extensions ['colcon_pkg']
[0.215s] Level 1:colcon.colcon_core.package_identification:_identify(src/ydlidar_ros2_driver) by extension 'colcon_pkg'
[0.215s] Level 1:colcon.colcon_core.package_identification:_identify(src/ydlidar_ros2_driver) by extensions ['colcon_meta']
[0.215s] Level 1:colcon.colcon_core.package_identification:_identify(src/ydlidar_ros2_driver) by extension 'colcon_meta'
[0.215s] Level 1:colcon.colcon_core.package_identification:_identify(src/ydlidar_ros2_driver) by extensions ['ros']
[0.215s] Level 1:colcon.colcon_core.package_identification:_identify(src/ydlidar_ros2_driver) by extension 'ros'
[0.215s] DEBUG:colcon.colcon_core.package_identification:Package 'src/ydlidar_ros2_driver' with type 'ros.ament_cmake' and name 'ydlidar_ros2_driver'
[0.215s] Level 1:colcon.colcon_core.package_discovery:discover_packages(recursive) using defaults
[0.216s] Level 1:colcon.colcon_core.package_discovery:discover_packages(ignore) discover
[0.216s] Level 1:colcon.colcon_core.package_discovery:discover_packages(ignore) using defaults
[0.216s] Level 1:colcon.colcon_core.package_discovery:discover_packages(path) discover
[0.216s] Level 1:colcon.colcon_core.package_discovery:discover_packages(path) using defaults
[0.231s] Level 1:colcon.colcon_core.package_discovery:discover_packages(prefix_path) check parameters
[0.231s] Level 1:colcon.colcon_core.package_discovery:discover_packages(prefix_path) discover
[0.233s] DEBUG:colcon.colcon_installed_package_information.package_discovery:Found 6 installed packages in /home/yahboom/5550_ros2_ws/install
[0.233s] DEBUG:colcon.colcon_installed_package_information.package_discovery:Found 4 installed packages in /home/yahboom/yahboomcar_ws/install
[0.235s] DEBUG:colcon.colcon_installed_package_information.package_discovery:Found 347 installed packages in /opt/ros/humble
[0.236s] Level 1:colcon.colcon_core.package_discovery:discover_packages(prefix_path) using defaults
[0.263s] Level 5:colcon.colcon_core.verb:set package 'drone_cartographer' build argument 'cmake_args' from command line to 'None'
[0.263s] Level 5:colcon.colcon_core.verb:set package 'drone_cartographer' build argument 'cmake_target' from command line to 'None'
[0.263s] Level 5:colcon.colcon_core.verb:set package 'drone_cartographer' build argument 'cmake_target_skip_unavailable' from command line to 'False'
[0.263s] Level 5:colcon.colcon_core.verb:set package 'drone_cartographer' build argument 'cmake_clean_cache' from command line to 'False'
[0.263s] Level 5:colcon.colcon_core.verb:set package 'drone_cartographer' build argument 'cmake_clean_first' from command line to 'False'
[0.263s] Level 5:colcon.colcon_core.verb:set package 'drone_cartographer' build argument 'cmake_force_configure' from command line to 'False'
[0.263s] Level 5:colcon.colcon_core.verb:set package 'drone_cartographer' build argument 'ament_cmake_args' from command line to 'None'
[0.263s] Level 5:colcon.colcon_core.verb:set package 'drone_cartographer' build argument 'catkin_cmake_args' from command line to 'None'
[0.263s] Level 5:colcon.colcon_core.verb:set package 'drone_cartographer' build argument 'catkin_skip_building_tests' from command line to 'False'
[0.263s] DEBUG:colcon.colcon_core.verb:Building package 'drone_cartographer' with the following arguments: {'ament_cmake_args': None, 'build_base': '/home/yahboom/5550_ros2_ws/build/drone_cartographer', 'catkin_cmake_args': None, 'catkin_skip_building_tests': False, 'cmake_args': None, 'cmake_clean_cache': False, 'cmake_clean_first': False, 'cmake_force_configure': False, 'cmake_target': None, 'cmake_target_skip_unavailable': False, 'install_base': '/home/yahboom/5550_ros2_ws/install/drone_cartographer', 'merge_install': False, 'path': '/home/yahboom/5550_ros2_ws/src/drone_cartographer', 'symlink_install': False, 'test_result_base': None}
[0.263s] Level 5:colcon.colcon_core.verb:set package 'drone_description' build argument 'cmake_args' from command line to 'None'
[0.263s] Level 5:colcon.colcon_core.verb:set package 'drone_description' build argument 'cmake_target' from command line to 'None'
[0.263s] Level 5:colcon.colcon_core.verb:set package 'drone_description' build argument 'cmake_target_skip_unavailable' from command line to 'False'
[0.263s] Level 5:colcon.colcon_core.verb:set package 'drone_description' build argument 'cmake_clean_cache' from command line to 'False'
[0.263s] Level 5:colcon.colcon_core.verb:set package 'drone_description' build argument 'cmake_clean_first' from command line to 'False'
[0.263s] Level 5:colcon.colcon_core.verb:set package 'drone_description' build argument 'cmake_force_configure' from command line to 'False'
[0.263s] Level 5:colcon.colcon_core.verb:set package 'drone_description' build argument 'ament_cmake_args' from command line to 'None'
[0.263s] Level 5:colcon.colcon_core.verb:set package 'drone_description' build argument 'catkin_cmake_args' from command line to 'None'
[0.263s] Level 5:colcon.colcon_core.verb:set package 'drone_description' build argument 'catkin_skip_building_tests' from command line to 'False'
[0.263s] DEBUG:colcon.colcon_core.verb:Building package 'drone_description' with the following arguments: {'ament_cmake_args': None, 'build_base': '/home/yahboom/5550_ros2_ws/build/drone_description', 'catkin_cmake_args': None, 'catkin_skip_building_tests': False, 'cmake_args': None, 'cmake_clean_cache': False, 'cmake_clean_first': False, 'cmake_force_configure': False, 'cmake_target': None, 'cmake_target_skip_unavailable': False, 'install_base': '/home/yahboom/5550_ros2_ws/install/drone_description', 'merge_install': False, 'path': '/home/yahboom/5550_ros2_ws/src/drone_description', 'symlink_install': False, 'test_result_base': None}
[0.263s] Level 5:colcon.colcon_core.verb:set package 'drone_navigation2' build argument 'cmake_args' from command line to 'None'
[0.263s] Level 5:colcon.colcon_core.verb:set package 'drone_navigation2' build argument 'cmake_target' from command line to 'None'
[0.263s] Level 5:colcon.colcon_core.verb:set package 'drone_navigation2' build argument 'cmake_target_skip_unavailable' from command line to 'False'
[0.263s] Level 5:colcon.colcon_core.verb:set package 'drone_navigation2' build argument 'cmake_clean_cache' from command line to 'False'
[0.264s] Level 5:colcon.colcon_core.verb:set package 'drone_navigation2' build argument 'cmake_clean_first' from command line to 'False'
[0.264s] Level 5:colcon.colcon_core.verb:set package 'drone_navigation2' build argument 'cmake_force_configure' from command line to 'False'
[0.264s] Level 5:colcon.colcon_core.verb:set package 'drone_navigation2' build argument 'ament_cmake_args' from command line to 'None'
[0.264s] Level 5:colcon.colcon_core.verb:set package 'drone_navigation2' build argument 'catkin_cmake_args' from command line to 'None'
[0.264s] Level 5:colcon.colcon_core.verb:set package 'drone_navigation2' build argument 'catkin_skip_building_tests' from command line to 'False'
[0.264s] DEBUG:colcon.colcon_core.verb:Building package 'drone_navigation2' with the following arguments: {'ament_cmake_args': None, 'build_base': '/home/yahboom/5550_ros2_ws/build/drone_navigation2', 'catkin_cmake_args': None, 'catkin_skip_building_tests': False, 'cmake_args': None, 'cmake_clean_cache': False, 'cmake_clean_first': False, 'cmake_force_configure': False, 'cmake_target': None, 'cmake_target_skip_unavailable': False, 'install_base': '/home/yahboom/5550_ros2_ws/install/drone_navigation2', 'merge_install': False, 'path': '/home/yahboom/5550_ros2_ws/src/drone_navigation2', 'symlink_install': False, 'test_result_base': None}
[0.264s] Level 5:colcon.colcon_core.verb:set package 'example_cpp' build argument 'cmake_args' from command line to 'None'
[0.264s] Level 5:colcon.colcon_core.verb:set package 'example_cpp' build argument 'cmake_target' from command line to 'None'
[0.264s] Level 5:colcon.colcon_core.verb:set package 'example_cpp' build argument 'cmake_target_skip_unavailable' from command line to 'False'
[0.264s] Level 5:colcon.colcon_core.verb:set package 'example_cpp' build argument 'cmake_clean_cache' from command line to 'False'
[0.264s] Level 5:colcon.colcon_core.verb:set package 'example_cpp' build argument 'cmake_clean_first' from command line to 'False'
[0.264s] Level 5:colcon.colcon_core.verb:set package 'example_cpp' build argument 'cmake_force_configure' from command line to 'False'
[0.264s] Level 5:colcon.colcon_core.verb:set package 'example_cpp' build argument 'ament_cmake_args' from command line to 'None'
[0.264s] Level 5:colcon.colcon_core.verb:set package 'example_cpp' build argument 'catkin_cmake_args' from command line to 'None'
[0.264s] Level 5:colcon.colcon_core.verb:set package 'example_cpp' build argument 'catkin_skip_building_tests' from command line to 'False'
[0.264s] DEBUG:colcon.colcon_core.verb:Building package 'example_cpp' with the following arguments: {'ament_cmake_args': None, 'build_base': '/home/yahboom/5550_ros2_ws/build/example_cpp', 'catkin_cmake_args': None, 'catkin_skip_building_tests': False, 'cmake_args': None, 'cmake_clean_cache': False, 'cmake_clean_first': False, 'cmake_force_configure': False, 'cmake_target': None, 'cmake_target_skip_unavailable': False, 'install_base': '/home/yahboom/5550_ros2_ws/install/example_cpp', 'merge_install': False, 'path': '/home/yahboom/5550_ros2_ws/src/example_cpp', 'symlink_install': False, 'test_result_base': None}
[0.264s] Level 5:colcon.colcon_core.verb:set package 'yahboomcar_nav' build argument 'cmake_args' from command line to 'None'
[0.264s] Level 5:colcon.colcon_core.verb:set package 'yahboomcar_nav' build argument 'cmake_target' from command line to 'None'
[0.264s] Level 5:colcon.colcon_core.verb:set package 'yahboomcar_nav' build argument 'cmake_target_skip_unavailable' from command line to 'False'
[0.264s] Level 5:colcon.colcon_core.verb:set package 'yahboomcar_nav' build argument 'cmake_clean_cache' from command line to 'False'
[0.264s] Level 5:colcon.colcon_core.verb:set package 'yahboomcar_nav' build argument 'cmake_clean_first' from command line to 'False'
[0.264s] Level 5:colcon.colcon_core.verb:set package 'yahboomcar_nav' build argument 'cmake_force_configure' from command line to 'False'
[0.264s] Level 5:colcon.colcon_core.verb:set package 'yahboomcar_nav' build argument 'ament_cmake_args' from command line to 'None'
[0.264s] Level 5:colcon.colcon_core.verb:set package 'yahboomcar_nav' build argument 'catkin_cmake_args' from command line to 'None'
[0.264s] Level 5:colcon.colcon_core.verb:set package 'yahboomcar_nav' build argument 'catkin_skip_building_tests' from command line to 'False'
[0.264s] DEBUG:colcon.colcon_core.verb:Building package 'yahboomcar_nav' with the following arguments: {'ament_cmake_args': None, 'build_base': '/home/yahboom/5550_ros2_ws/build/yahboomcar_nav', 'catkin_cmake_args': None, 'catkin_skip_building_tests': False, 'cmake_args': None, 'cmake_clean_cache': False, 'cmake_clean_first': False, 'cmake_force_configure': False, 'cmake_target': None, 'cmake_target_skip_unavailable': False, 'install_base': '/home/yahboom/5550_ros2_ws/install/yahboomcar_nav', 'merge_install': False, 'path': '/home/yahboom/5550_ros2_ws/src/yahboomcar_nav', 'symlink_install': False, 'test_result_base': None}
[0.264s] Level 5:colcon.colcon_core.verb:set package 'ydlidar_ros2_driver' build argument 'cmake_args' from command line to 'None'
[0.264s] Level 5:colcon.colcon_core.verb:set package 'ydlidar_ros2_driver' build argument 'cmake_target' from command line to 'None'
[0.264s] Level 5:colcon.colcon_core.verb:set package 'ydlidar_ros2_driver' build argument 'cmake_target_skip_unavailable' from command line to 'False'
[0.264s] Level 5:colcon.colcon_core.verb:set package 'ydlidar_ros2_driver' build argument 'cmake_clean_cache' from command line to 'False'
[0.264s] Level 5:colcon.colcon_core.verb:set package 'ydlidar_ros2_driver' build argument 'cmake_clean_first' from command line to 'False'
[0.264s] Level 5:colcon.colcon_core.verb:set package 'ydlidar_ros2_driver' build argument 'cmake_force_configure' from command line to 'False'
[0.264s] Level 5:colcon.colcon_core.verb:set package 'ydlidar_ros2_driver' build argument 'ament_cmake_args' from command line to 'None'
[0.264s] Level 5:colcon.colcon_core.verb:set package 'ydlidar_ros2_driver' build argument 'catkin_cmake_args' from command line to 'None'
[0.264s] Level 5:colcon.colcon_core.verb:set package 'ydlidar_ros2_driver' build argument 'catkin_skip_building_tests' from command line to 'False'
[0.264s] DEBUG:colcon.colcon_core.verb:Building package 'ydlidar_ros2_driver' with the following arguments: {'ament_cmake_args': None, 'build_base': '/home/yahboom/5550_ros2_ws/build/ydlidar_ros2_driver', 'catkin_cmake_args': None, 'catkin_skip_building_tests': False, 'cmake_args': None, 'cmake_clean_cache': False, 'cmake_clean_first': False, 'cmake_force_configure': False, 'cmake_target': None, 'cmake_target_skip_unavailable': False, 'install_base': '/home/yahboom/5550_ros2_ws/install/ydlidar_ros2_driver', 'merge_install': False, 'path': '/home/yahboom/5550_ros2_ws/src/ydlidar_ros2_driver', 'symlink_install': False, 'test_result_base': None}
[0.265s] INFO:colcon.colcon_core.executor:Executing jobs using 'parallel' executor
[0.265s] DEBUG:colcon.colcon_parallel_executor.executor.parallel:run_until_complete
[0.265s] INFO:colcon.colcon_ros.task.ament_cmake.build:Building ROS package in '/home/yahboom/5550_ros2_ws/src/drone_cartographer' with build type 'ament_cmake'
[0.266s] INFO:colcon.colcon_cmake.task.cmake.build:Building CMake package in '/home/yahboom/5550_ros2_ws/src/drone_cartographer'
[0.267s] INFO:colcon.colcon_core.plugin_system:Skipping extension 'colcon_core.shell.bat': Not used on non-Windows systems
[0.267s] INFO:colcon.colcon_core.shell:Skip shell extension 'powershell' for command environment: Not usable outside of PowerShell
[0.267s] DEBUG:colcon.colcon_core.shell:Skip shell extension 'dsv' for command environment
[0.271s] INFO:colcon.colcon_ros.task.ament_python.build:Building ROS package in '/home/yahboom/5550_ros2_ws/src/drone_description' with build type 'ament_python'
[0.271s] Level 1:colcon.colcon_core.shell:create_environment_hook('drone_description', 'ament_prefix_path')
[0.272s] INFO:colcon.colcon_core.shell:Creating environment hook '/home/yahboom/5550_ros2_ws/install/drone_description/share/drone_description/hook/ament_prefix_path.ps1'
[0.272s] INFO:colcon.colcon_core.shell:Creating environment descriptor '/home/yahboom/5550_ros2_ws/install/drone_description/share/drone_description/hook/ament_prefix_path.dsv'
[0.272s] INFO:colcon.colcon_core.shell:Creating environment hook '/home/yahboom/5550_ros2_ws/install/drone_description/share/drone_description/hook/ament_prefix_path.sh'
[0.273s] INFO:colcon.colcon_core.shell:Skip shell extension 'powershell' for command environment: Not usable outside of PowerShell
[0.273s] DEBUG:colcon.colcon_core.shell:Skip shell extension 'dsv' for command environment
[0.277s] INFO:colcon.colcon_ros.task.ament_cmake.build:Building ROS package in '/home/yahboom/5550_ros2_ws/src/drone_navigation2' with build type 'ament_cmake'
[0.277s] INFO:colcon.colcon_cmake.task.cmake.build:Building CMake package in '/home/yahboom/5550_ros2_ws/src/drone_navigation2'
[0.277s] INFO:colcon.colcon_core.shell:Skip shell extension 'powershell' for command environment: Not usable outside of PowerShell
[0.277s] DEBUG:colcon.colcon_core.shell:Skip shell extension 'dsv' for command environment
[0.281s] INFO:colcon.colcon_ros.task.ament_cmake.build:Building ROS package in '/home/yahboom/5550_ros2_ws/src/example_cpp' with build type 'ament_cmake'
[0.281s] INFO:colcon.colcon_cmake.task.cmake.build:Building CMake package in '/home/yahboom/5550_ros2_ws/src/example_cpp'
[0.281s] INFO:colcon.colcon_core.shell:Skip shell extension 'powershell' for command environment: Not usable outside of PowerShell
[0.281s] DEBUG:colcon.colcon_core.shell:Skip shell extension 'dsv' for command environment
[0.290s] DEBUG:colcon.colcon_core.event_handler.log_command:Invoking command in '/home/yahboom/5550_ros2_ws/build/drone_cartographer': CMAKE_PREFIX_PATH=${CMAKE_PREFIX_PATH}:/home/yahboom/5550_ros2_ws/install/yahboomcar_nav:/home/yahboom/5550_ros2_ws/install/drone_description:/opt/ros/humble /usr/bin/cmake --build /home/yahboom/5550_ros2_ws/build/drone_cartographer -- -j4 -l4
[0.459s] INFO:colcon.colcon_core.task.python.build:Building Python package in '/home/yahboom/5550_ros2_ws/src/drone_description'
[0.460s] INFO:colcon.colcon_core.shell:Skip shell extension 'powershell' for command environment: Not usable outside of PowerShell
[0.460s] DEBUG:colcon.colcon_core.shell:Skip shell extension 'dsv' for command environment
[0.465s] DEBUG:colcon.colcon_core.event_handler.log_command:Invoking command in '/home/yahboom/5550_ros2_ws/build/drone_navigation2': CMAKE_PREFIX_PATH=${CMAKE_PREFIX_PATH}:/home/yahboom/5550_ros2_ws/install/yahboomcar_nav:/home/yahboom/5550_ros2_ws/install/drone_description:/opt/ros/humble /usr/bin/cmake --build /home/yahboom/5550_ros2_ws/build/drone_navigation2 -- -j4 -l4
[0.470s] DEBUG:colcon.colcon_core.event_handler.log_command:Invoking command in '/home/yahboom/5550_ros2_ws/build/example_cpp': CMAKE_PREFIX_PATH=${CMAKE_PREFIX_PATH}:/home/yahboom/5550_ros2_ws/install/yahboomcar_nav:/home/yahboom/5550_ros2_ws/install/drone_description:/opt/ros/humble /usr/bin/cmake --build /home/yahboom/5550_ros2_ws/build/example_cpp -- -j4 -l4
[0.475s] DEBUG:colcon.colcon_core.event_handler.log_command:Invoked command in '/home/yahboom/5550_ros2_ws/build/drone_cartographer' returned '0': CMAKE_PREFIX_PATH=${CMAKE_PREFIX_PATH}:/home/yahboom/5550_ros2_ws/install/yahboomcar_nav:/home/yahboom/5550_ros2_ws/install/drone_description:/opt/ros/humble /usr/bin/cmake --build /home/yahboom/5550_ros2_ws/build/drone_cartographer -- -j4 -l4
[0.493s] DEBUG:colcon.colcon_core.event_handler.log_command:Invoked command in '/home/yahboom/5550_ros2_ws/build/drone_navigation2' returned '0': CMAKE_PREFIX_PATH=${CMAKE_PREFIX_PATH}:/home/yahboom/5550_ros2_ws/install/yahboomcar_nav:/home/yahboom/5550_ros2_ws/install/drone_description:/opt/ros/humble /usr/bin/cmake --build /home/yahboom/5550_ros2_ws/build/drone_navigation2 -- -j4 -l4
[0.502s] DEBUG:colcon.colcon_core.event_handler.log_command:Invoking command in '/home/yahboom/5550_ros2_ws/build/drone_cartographer': CMAKE_PREFIX_PATH=${CMAKE_PREFIX_PATH}:/home/yahboom/5550_ros2_ws/install/yahboomcar_nav:/home/yahboom/5550_ros2_ws/install/drone_description:/opt/ros/humble /usr/bin/cmake --install /home/yahboom/5550_ros2_ws/build/drone_cartographer
[0.513s] Level 1:colcon.colcon_core.environment:create_environment_scripts_only(drone_cartographer)
[0.513s] DEBUG:colcon.colcon_core.event_handler.log_command:Invoked command in '/home/yahboom/5550_ros2_ws/build/drone_cartographer' returned '0': CMAKE_PREFIX_PATH=${CMAKE_PREFIX_PATH}:/home/yahboom/5550_ros2_ws/install/yahboomcar_nav:/home/yahboom/5550_ros2_ws/install/drone_description:/opt/ros/humble /usr/bin/cmake --install /home/yahboom/5550_ros2_ws/build/drone_cartographer
[0.515s] Level 1:colcon.colcon_core.environment:checking '/home/yahboom/5550_ros2_ws/install/drone_cartographer' for CMake module files
[0.516s] Level 1:colcon.colcon_core.environment:checking '/home/yahboom/5550_ros2_ws/install/drone_cartographer' for CMake config files
[0.517s] Level 1:colcon.colcon_core.shell:create_environment_hook('drone_cartographer', 'cmake_prefix_path')
[0.517s] INFO:colcon.colcon_core.shell:Creating environment hook '/home/yahboom/5550_ros2_ws/install/drone_cartographer/share/drone_cartographer/hook/cmake_prefix_path.ps1'
[0.517s] INFO:colcon.colcon_core.shell:Creating environment descriptor '/home/yahboom/5550_ros2_ws/install/drone_cartographer/share/drone_cartographer/hook/cmake_prefix_path.dsv'
[0.518s] INFO:colcon.colcon_core.shell:Creating environment hook '/home/yahboom/5550_ros2_ws/install/drone_cartographer/share/drone_cartographer/hook/cmake_prefix_path.sh'
[0.518s] Level 1:colcon.colcon_core.environment:checking '/home/yahboom/5550_ros2_ws/install/drone_cartographer/bin'
[0.518s] Level 1:colcon.colcon_core.environment:checking '/home/yahboom/5550_ros2_ws/install/drone_cartographer/lib/pkgconfig/drone_cartographer.pc'
[0.519s] Level 1:colcon.colcon_core.environment:checking '/home/yahboom/5550_ros2_ws/install/drone_cartographer/lib/python3.10/site-packages'
[0.519s] Level 1:colcon.colcon_core.environment:checking '/home/yahboom/5550_ros2_ws/install/drone_cartographer/bin'
[0.519s] INFO:colcon.colcon_core.shell:Creating package script '/home/yahboom/5550_ros2_ws/install/drone_cartographer/share/drone_cartographer/package.ps1'
[0.519s] INFO:colcon.colcon_core.shell:Creating package descriptor '/home/yahboom/5550_ros2_ws/install/drone_cartographer/share/drone_cartographer/package.dsv'
[0.520s] INFO:colcon.colcon_core.shell:Creating package script '/home/yahboom/5550_ros2_ws/install/drone_cartographer/share/drone_cartographer/package.sh'
[0.520s] INFO:colcon.colcon_core.shell:Creating package script '/home/yahboom/5550_ros2_ws/install/drone_cartographer/share/drone_cartographer/package.bash'
[0.521s] INFO:colcon.colcon_core.shell:Creating package script '/home/yahboom/5550_ros2_ws/install/drone_cartographer/share/drone_cartographer/package.zsh'
[0.522s] Level 1:colcon.colcon_core.environment:create_file_with_runtime_dependencies(/home/yahboom/5550_ros2_ws/install/drone_cartographer/share/colcon-core/packages/drone_cartographer)
[0.524s] DEBUG:colcon.colcon_core.event_handler.log_command:Invoking command in '/home/yahboom/5550_ros2_ws/build/drone_navigation2': CMAKE_PREFIX_PATH=${CMAKE_PREFIX_PATH}:/home/yahboom/5550_ros2_ws/install/yahboomcar_nav:/home/yahboom/5550_ros2_ws/install/drone_description:/opt/ros/humble /usr/bin/cmake --install /home/yahboom/5550_ros2_ws/build/drone_navigation2
[0.531s] DEBUG:colcon.colcon_core.event_handler.log_command:Invoked command in '/home/yahboom/5550_ros2_ws/build/example_cpp' returned '0': CMAKE_PREFIX_PATH=${CMAKE_PREFIX_PATH}:/home/yahboom/5550_ros2_ws/install/yahboomcar_nav:/home/yahboom/5550_ros2_ws/install/drone_description:/opt/ros/humble /usr/bin/cmake --build /home/yahboom/5550_ros2_ws/build/example_cpp -- -j4 -l4
[0.534s] Level 1:colcon.colcon_core.environment:create_environment_scripts_only(drone_navigation2)
[0.534s] Level 1:colcon.colcon_core.environment:checking '/home/yahboom/5550_ros2_ws/install/drone_navigation2' for CMake module files
[0.534s] Level 1:colcon.colcon_core.environment:checking '/home/yahboom/5550_ros2_ws/install/drone_navigation2' for CMake config files
[0.535s] DEBUG:colcon.colcon_core.event_handler.log_command:Invoked command in '/home/yahboom/5550_ros2_ws/build/drone_navigation2' returned '0': CMAKE_PREFIX_PATH=${CMAKE_PREFIX_PATH}:/home/yahboom/5550_ros2_ws/install/yahboomcar_nav:/home/yahboom/5550_ros2_ws/install/drone_description:/opt/ros/humble /usr/bin/cmake --install /home/yahboom/5550_ros2_ws/build/drone_navigation2
[0.535s] Level 1:colcon.colcon_core.shell:create_environment_hook('drone_navigation2', 'cmake_prefix_path')
[0.535s] INFO:colcon.colcon_core.shell:Creating environment hook '/home/yahboom/5550_ros2_ws/install/drone_navigation2/share/drone_navigation2/hook/cmake_prefix_path.ps1'
[0.536s] INFO:colcon.colcon_core.shell:Creating environment descriptor '/home/yahboom/5550_ros2_ws/install/drone_navigation2/share/drone_navigation2/hook/cmake_prefix_path.dsv'
[0.536s] INFO:colcon.colcon_core.shell:Creating environment hook '/home/yahboom/5550_ros2_ws/install/drone_navigation2/share/drone_navigation2/hook/cmake_prefix_path.sh'
[0.537s] Level 1:colcon.colcon_core.environment:checking '/home/yahboom/5550_ros2_ws/install/drone_navigation2/bin'
[0.537s] Level 1:colcon.colcon_core.environment:checking '/home/yahboom/5550_ros2_ws/install/drone_navigation2/lib/pkgconfig/drone_navigation2.pc'
[0.537s] Level 1:colcon.colcon_core.environment:checking '/home/yahboom/5550_ros2_ws/install/drone_navigation2/lib/python3.10/site-packages'
[0.537s] Level 1:colcon.colcon_core.environment:checking '/home/yahboom/5550_ros2_ws/install/drone_navigation2/bin'
[0.538s] INFO:colcon.colcon_core.shell:Creating package script '/home/yahboom/5550_ros2_ws/install/drone_navigation2/share/drone_navigation2/package.ps1'
[0.538s] INFO:colcon.colcon_core.shell:Creating package descriptor '/home/yahboom/5550_ros2_ws/install/drone_navigation2/share/drone_navigation2/package.dsv'
[0.539s] INFO:colcon.colcon_core.shell:Creating package script '/home/yahboom/5550_ros2_ws/install/drone_navigation2/share/drone_navigation2/package.sh'
[0.539s] INFO:colcon.colcon_core.shell:Creating package script '/home/yahboom/5550_ros2_ws/install/drone_navigation2/share/drone_navigation2/package.bash'
[0.539s] INFO:colcon.colcon_core.shell:Creating package script '/home/yahboom/5550_ros2_ws/install/drone_navigation2/share/drone_navigation2/package.zsh'
[0.540s] Level 1:colcon.colcon_core.environment:create_file_with_runtime_dependencies(/home/yahboom/5550_ros2_ws/install/drone_navigation2/share/colcon-core/packages/drone_navigation2)
[0.545s] Level 1:colcon.colcon_core.environment:create_environment_scripts_only(drone_cartographer)
[0.545s] Level 1:colcon.colcon_core.environment:checking '/home/yahboom/5550_ros2_ws/install/drone_cartographer' for CMake module files
[0.545s] Level 1:colcon.colcon_core.environment:checking '/home/yahboom/5550_ros2_ws/install/drone_cartographer' for CMake config files
[0.546s] Level 1:colcon.colcon_core.shell:create_environment_hook('drone_cartographer', 'cmake_prefix_path')
[0.546s] INFO:colcon.colcon_core.shell:Creating environment hook '/home/yahboom/5550_ros2_ws/install/drone_cartographer/share/drone_cartographer/hook/cmake_prefix_path.ps1'
[0.546s] INFO:colcon.colcon_core.shell:Creating environment descriptor '/home/yahboom/5550_ros2_ws/install/drone_cartographer/share/drone_cartographer/hook/cmake_prefix_path.dsv'
[0.546s] INFO:colcon.colcon_core.shell:Creating environment hook '/home/yahboom/5550_ros2_ws/install/drone_cartographer/share/drone_cartographer/hook/cmake_prefix_path.sh'
[0.547s] Level 1:colcon.colcon_core.environment:checking '/home/yahboom/5550_ros2_ws/install/drone_cartographer/bin'
[0.547s] Level 1:colcon.colcon_core.environment:checking '/home/yahboom/5550_ros2_ws/install/drone_cartographer/lib/pkgconfig/drone_cartographer.pc'
[0.547s] Level 1:colcon.colcon_core.environment:checking '/home/yahboom/5550_ros2_ws/install/drone_cartographer/lib/python3.10/site-packages'
[0.547s] Level 1:colcon.colcon_core.environment:checking '/home/yahboom/5550_ros2_ws/install/drone_cartographer/bin'
[0.547s] INFO:colcon.colcon_core.shell:Creating package script '/home/yahboom/5550_ros2_ws/install/drone_cartographer/share/drone_cartographer/package.ps1'
[0.548s] INFO:colcon.colcon_core.shell:Creating package descriptor '/home/yahboom/5550_ros2_ws/install/drone_cartographer/share/drone_cartographer/package.dsv'
[0.548s] INFO:colcon.colcon_core.shell:Creating package script '/home/yahboom/5550_ros2_ws/install/drone_cartographer/share/drone_cartographer/package.sh'
[0.548s] INFO:colcon.colcon_core.shell:Creating package script '/home/yahboom/5550_ros2_ws/install/drone_cartographer/share/drone_cartographer/package.bash'
[0.549s] INFO:colcon.colcon_core.shell:Creating package script '/home/yahboom/5550_ros2_ws/install/drone_cartographer/share/drone_cartographer/package.zsh'
[0.549s] Level 1:colcon.colcon_core.environment:create_file_with_runtime_dependencies(/home/yahboom/5550_ros2_ws/install/drone_cartographer/share/colcon-core/packages/drone_cartographer)
[0.549s] INFO:colcon.colcon_ros.task.ament_python.build:Building ROS package in '/home/yahboom/5550_ros2_ws/src/yahboomcar_nav' with build type 'ament_python'
[0.549s] Level 1:colcon.colcon_core.shell:create_environment_hook('yahboomcar_nav', 'ament_prefix_path')
[0.549s] INFO:colcon.colcon_core.shell:Creating environment hook '/home/yahboom/5550_ros2_ws/install/yahboomcar_nav/share/yahboomcar_nav/hook/ament_prefix_path.ps1'
[0.550s] INFO:colcon.colcon_core.shell:Creating environment descriptor '/home/yahboom/5550_ros2_ws/install/yahboomcar_nav/share/yahboomcar_nav/hook/ament_prefix_path.dsv'
[0.551s] INFO:colcon.colcon_core.shell:Creating environment hook '/home/yahboom/5550_ros2_ws/install/yahboomcar_nav/share/yahboomcar_nav/hook/ament_prefix_path.sh'
[0.551s] INFO:colcon.colcon_core.shell:Skip shell extension 'powershell' for command environment: Not usable outside of PowerShell
[0.551s] DEBUG:colcon.colcon_core.shell:Skip shell extension 'dsv' for command environment
[0.737s] INFO:colcon.colcon_core.task.python.build:Building Python package in '/home/yahboom/5550_ros2_ws/src/yahboomcar_nav'
[0.737s] INFO:colcon.colcon_core.shell:Skip shell extension 'powershell' for command environment: Not usable outside of PowerShell
[0.737s] DEBUG:colcon.colcon_core.shell:Skip shell extension 'dsv' for command environment
[0.742s] DEBUG:colcon.colcon_core.event_handler.log_command:Invoking command in '/home/yahboom/5550_ros2_ws/build/example_cpp': CMAKE_PREFIX_PATH=${CMAKE_PREFIX_PATH}:/home/yahboom/5550_ros2_ws/install/yahboomcar_nav:/home/yahboom/5550_ros2_ws/install/drone_description:/opt/ros/humble /usr/bin/cmake --install /home/yahboom/5550_ros2_ws/build/example_cpp
[0.743s] Level 1:colcon.colcon_core.environment:create_environment_scripts_only(drone_navigation2)
[0.743s] Level 1:colcon.colcon_core.environment:checking '/home/yahboom/5550_ros2_ws/install/drone_navigation2' for CMake module files
[0.743s] Level 1:colcon.colcon_core.environment:checking '/home/yahboom/5550_ros2_ws/install/drone_navigation2' for CMake config files
[0.743s] Level 1:colcon.colcon_core.shell:create_environment_hook('drone_navigation2', 'cmake_prefix_path')
[0.743s] INFO:colcon.colcon_core.shell:Creating environment hook '/home/yahboom/5550_ros2_ws/install/drone_navigation2/share/drone_navigation2/hook/cmake_prefix_path.ps1'
[0.744s] INFO:colcon.colcon_core.shell:Creating environment descriptor '/home/yahboom/5550_ros2_ws/install/drone_navigation2/share/drone_navigation2/hook/cmake_prefix_path.dsv'
[0.744s] INFO:colcon.colcon_core.shell:Creating environment hook '/home/yahboom/5550_ros2_ws/install/drone_navigation2/share/drone_navigation2/hook/cmake_prefix_path.sh'
[0.744s] Level 1:colcon.colcon_core.environment:checking '/home/yahboom/5550_ros2_ws/install/drone_navigation2/bin'
[0.744s] Level 1:colcon.colcon_core.environment:checking '/home/yahboom/5550_ros2_ws/install/drone_navigation2/lib/pkgconfig/drone_navigation2.pc'
[0.745s] Level 1:colcon.colcon_core.environment:checking '/home/yahboom/5550_ros2_ws/install/drone_navigation2/lib/python3.10/site-packages'
[0.745s] Level 1:colcon.colcon_core.environment:checking '/home/yahboom/5550_ros2_ws/install/drone_navigation2/bin'
[0.745s] INFO:colcon.colcon_core.shell:Creating package script '/home/yahboom/5550_ros2_ws/install/drone_navigation2/share/drone_navigation2/package.ps1'
[0.745s] INFO:colcon.colcon_core.shell:Creating package descriptor '/home/yahboom/5550_ros2_ws/install/drone_navigation2/share/drone_navigation2/package.dsv'
[0.745s] INFO:colcon.colcon_core.shell:Creating package script '/home/yahboom/5550_ros2_ws/install/drone_navigation2/share/drone_navigation2/package.sh'
[0.746s] INFO:colcon.colcon_core.shell:Creating package script '/home/yahboom/5550_ros2_ws/install/drone_navigation2/share/drone_navigation2/package.bash'
[0.746s] INFO:colcon.colcon_core.shell:Creating package script '/home/yahboom/5550_ros2_ws/install/drone_navigation2/share/drone_navigation2/package.zsh'
[0.746s] Level 1:colcon.colcon_core.environment:create_file_with_runtime_dependencies(/home/yahboom/5550_ros2_ws/install/drone_navigation2/share/colcon-core/packages/drone_navigation2)
[0.747s] INFO:colcon.colcon_ros.task.ament_cmake.build:Building ROS package in '/home/yahboom/5550_ros2_ws/src/ydlidar_ros2_driver' with build type 'ament_cmake'
[0.747s] INFO:colcon.colcon_cmake.task.cmake.build:Building CMake package in '/home/yahboom/5550_ros2_ws/src/ydlidar_ros2_driver'
[0.747s] INFO:colcon.colcon_core.shell:Skip shell extension 'powershell' for command environment: Not usable outside of PowerShell
[0.747s] DEBUG:colcon.colcon_core.shell:Skip shell extension 'dsv' for command environment
[0.759s] DEBUG:colcon.colcon_core.event_handler.log_command:Invoking command in '/home/yahboom/5550_ros2_ws/build/ydlidar_ros2_driver': CMAKE_PREFIX_PATH=${CMAKE_PREFIX_PATH}:/home/yahboom/5550_ros2_ws/install/yahboomcar_nav:/home/yahboom/5550_ros2_ws/install/drone_description:/opt/ros/humble /usr/bin/cmake --build /home/yahboom/5550_ros2_ws/build/ydlidar_ros2_driver -- -j4 -l4
[0.763s] Level 1:colcon.colcon_core.environment:create_environment_scripts_only(example_cpp)
[0.764s] Level 1:colcon.colcon_core.environment:checking '/home/yahboom/5550_ros2_ws/install/example_cpp' for CMake module files
[0.764s] DEBUG:colcon.colcon_core.event_handler.log_command:Invoked command in '/home/yahboom/5550_ros2_ws/build/example_cpp' returned '0': CMAKE_PREFIX_PATH=${CMAKE_PREFIX_PATH}:/home/yahboom/5550_ros2_ws/install/yahboomcar_nav:/home/yahboom/5550_ros2_ws/install/drone_description:/opt/ros/humble /usr/bin/cmake --install /home/yahboom/5550_ros2_ws/build/example_cpp
[0.765s] Level 1:colcon.colcon_core.environment:checking '/home/yahboom/5550_ros2_ws/install/example_cpp' for CMake config files
[0.768s] Level 1:colcon.colcon_core.shell:create_environment_hook('example_cpp', 'cmake_prefix_path')
[0.768s] INFO:colcon.colcon_core.shell:Creating environment hook '/home/yahboom/5550_ros2_ws/install/example_cpp/share/example_cpp/hook/cmake_prefix_path.ps1'
[0.769s] INFO:colcon.colcon_core.shell:Creating environment descriptor '/home/yahboom/5550_ros2_ws/install/example_cpp/share/example_cpp/hook/cmake_prefix_path.dsv'
[0.769s] INFO:colcon.colcon_core.shell:Creating environment hook '/home/yahboom/5550_ros2_ws/install/example_cpp/share/example_cpp/hook/cmake_prefix_path.sh'
[0.770s] Level 1:colcon.colcon_core.environment:checking '/home/yahboom/5550_ros2_ws/install/example_cpp/lib'
[0.770s] Level 1:colcon.colcon_core.environment:checking '/home/yahboom/5550_ros2_ws/install/example_cpp/bin'
[0.770s] Level 1:colcon.colcon_core.environment:checking '/home/yahboom/5550_ros2_ws/install/example_cpp/lib/pkgconfig/example_cpp.pc'
[0.770s] Level 1:colcon.colcon_core.environment:checking '/home/yahboom/5550_ros2_ws/install/example_cpp/lib/python3.10/site-packages'
[0.771s] Level 1:colcon.colcon_core.environment:checking '/home/yahboom/5550_ros2_ws/install/example_cpp/bin'
[0.771s] INFO:colcon.colcon_core.shell:Creating package script '/home/yahboom/5550_ros2_ws/install/example_cpp/share/example_cpp/package.ps1'
[0.772s] INFO:colcon.colcon_core.shell:Creating package descriptor '/home/yahboom/5550_ros2_ws/install/example_cpp/share/example_cpp/package.dsv'
[0.772s] INFO:colcon.colcon_core.shell:Creating package script '/home/yahboom/5550_ros2_ws/install/example_cpp/share/example_cpp/package.sh'
[0.772s] INFO:colcon.colcon_core.shell:Creating package script '/home/yahboom/5550_ros2_ws/install/example_cpp/share/example_cpp/package.bash'
[0.773s] INFO:colcon.colcon_core.shell:Creating package script '/home/yahboom/5550_ros2_ws/install/example_cpp/share/example_cpp/package.zsh'
[0.773s] Level 1:colcon.colcon_core.environment:create_file_with_runtime_dependencies(/home/yahboom/5550_ros2_ws/install/example_cpp/share/colcon-core/packages/example_cpp)
[0.786s] DEBUG:colcon.colcon_core.event_handler.log_command:Invoking command in '/home/yahboom/5550_ros2_ws/src/drone_description': PYTHONPATH=/home/yahboom/5550_ros2_ws/build/drone_description/prefix_override:/home/yahboom/5550_ros2_ws/install/drone_description/lib/python3.10/site-packages:${PYTHONPATH} /usr/bin/python3 -W ignore:setup.py install is deprecated setup.py egg_info --egg-base ../../build/drone_description build --build-base /home/yahboom/5550_ros2_ws/build/drone_description/build install --record /home/yahboom/5550_ros2_ws/build/drone_description/install.log --single-version-externally-managed install_data
[0.813s] Level 1:colcon.colcon_core.environment:create_environment_scripts_only(example_cpp)
[0.813s] Level 1:colcon.colcon_core.environment:checking '/home/yahboom/5550_ros2_ws/install/example_cpp' for CMake module files
[0.814s] Level 1:colcon.colcon_core.environment:checking '/home/yahboom/5550_ros2_ws/install/example_cpp' for CMake config files
[0.814s] Level 1:colcon.colcon_core.shell:create_environment_hook('example_cpp', 'cmake_prefix_path')
[0.814s] INFO:colcon.colcon_core.shell:Creating environment hook '/home/yahboom/5550_ros2_ws/install/example_cpp/share/example_cpp/hook/cmake_prefix_path.ps1'
[0.815s] INFO:colcon.colcon_core.shell:Creating environment descriptor '/home/yahboom/5550_ros2_ws/install/example_cpp/share/example_cpp/hook/cmake_prefix_path.dsv'
[0.815s] INFO:colcon.colcon_core.shell:Creating environment hook '/home/yahboom/5550_ros2_ws/install/example_cpp/share/example_cpp/hook/cmake_prefix_path.sh'
[0.815s] Level 1:colcon.colcon_core.environment:checking '/home/yahboom/5550_ros2_ws/install/example_cpp/lib'
[0.815s] Level 1:colcon.colcon_core.environment:checking '/home/yahboom/5550_ros2_ws/install/example_cpp/bin'
[0.815s] Level 1:colcon.colcon_core.environment:checking '/home/yahboom/5550_ros2_ws/install/example_cpp/lib/pkgconfig/example_cpp.pc'
[0.816s] Level 1:colcon.colcon_core.environment:checking '/home/yahboom/5550_ros2_ws/install/example_cpp/lib/python3.10/site-packages'
[0.816s] Level 1:colcon.colcon_core.environment:checking '/home/yahboom/5550_ros2_ws/install/example_cpp/bin'
[0.816s] INFO:colcon.colcon_core.shell:Creating package script '/home/yahboom/5550_ros2_ws/install/example_cpp/share/example_cpp/package.ps1'
[0.817s] INFO:colcon.colcon_core.shell:Creating package descriptor '/home/yahboom/5550_ros2_ws/install/example_cpp/share/example_cpp/package.dsv'
[0.817s] INFO:colcon.colcon_core.shell:Creating package script '/home/yahboom/5550_ros2_ws/install/example_cpp/share/example_cpp/package.sh'
[0.817s] INFO:colcon.colcon_core.shell:Creating package script '/home/yahboom/5550_ros2_ws/install/example_cpp/share/example_cpp/package.bash'
[0.818s] INFO:colcon.colcon_core.shell:Creating package script '/home/yahboom/5550_ros2_ws/install/example_cpp/share/example_cpp/package.zsh'
[0.818s] Level 1:colcon.colcon_core.environment:create_file_with_runtime_dependencies(/home/yahboom/5550_ros2_ws/install/example_cpp/share/colcon-core/packages/example_cpp)
[0.999s] Level 1:colcon.colcon_core.environment:checking '/home/yahboom/5550_ros2_ws/install/drone_description' for CMake module files
[1.000s] Level 1:colcon.colcon_core.environment:checking '/home/yahboom/5550_ros2_ws/install/drone_description' for CMake config files
[1.000s] DEBUG:colcon.colcon_core.event_handler.log_command:Invoked command in '/home/yahboom/5550_ros2_ws/src/drone_description' returned '0': PYTHONPATH=/home/yahboom/5550_ros2_ws/build/drone_description/prefix_override:/home/yahboom/5550_ros2_ws/install/drone_description/lib/python3.10/site-packages:${PYTHONPATH} /usr/bin/python3 -W ignore:setup.py install is deprecated setup.py egg_info --egg-base ../../build/drone_description build --build-base /home/yahboom/5550_ros2_ws/build/drone_description/build install --record /home/yahboom/5550_ros2_ws/build/drone_description/install.log --single-version-externally-managed install_data
[1.002s] Level 1:colcon.colcon_core.environment:checking '/home/yahboom/5550_ros2_ws/install/drone_description/lib'
[1.003s] Level 1:colcon.colcon_core.environment:checking '/home/yahboom/5550_ros2_ws/install/drone_description/bin'
[1.003s] Level 1:colcon.colcon_core.environment:checking '/home/yahboom/5550_ros2_ws/install/drone_description/lib/pkgconfig/drone_description.pc'
[1.003s] Level 1:colcon.colcon_core.environment:checking '/home/yahboom/5550_ros2_ws/install/drone_description/lib/python3.10/site-packages'
[1.003s] Level 1:colcon.colcon_core.shell:create_environment_hook('drone_description', 'pythonpath')
[1.003s] INFO:colcon.colcon_core.shell:Creating environment hook '/home/yahboom/5550_ros2_ws/install/drone_description/share/drone_description/hook/pythonpath.ps1'
[1.003s] INFO:colcon.colcon_core.shell:Creating environment descriptor '/home/yahboom/5550_ros2_ws/install/drone_description/share/drone_description/hook/pythonpath.dsv'
[1.004s] INFO:colcon.colcon_core.shell:Creating environment hook '/home/yahboom/5550_ros2_ws/install/drone_description/share/drone_description/hook/pythonpath.sh'
[1.004s] Level 1:colcon.colcon_core.environment:checking '/home/yahboom/5550_ros2_ws/install/drone_description/bin'
[1.005s] Level 1:colcon.colcon_core.environment:create_environment_scripts_only(drone_description)
[1.005s] INFO:colcon.colcon_core.shell:Creating package script '/home/yahboom/5550_ros2_ws/install/drone_description/share/drone_description/package.ps1'
[1.005s] INFO:colcon.colcon_core.shell:Creating package descriptor '/home/yahboom/5550_ros2_ws/install/drone_description/share/drone_description/package.dsv'
[1.006s] INFO:colcon.colcon_core.shell:Creating package script '/home/yahboom/5550_ros2_ws/install/drone_description/share/drone_description/package.sh'
[1.006s] INFO:colcon.colcon_core.shell:Creating package script '/home/yahboom/5550_ros2_ws/install/drone_description/share/drone_description/package.bash'
[1.006s] INFO:colcon.colcon_core.shell:Creating package script '/home/yahboom/5550_ros2_ws/install/drone_description/share/drone_description/package.zsh'
[1.007s] Level 1:colcon.colcon_core.environment:create_file_with_runtime_dependencies(/home/yahboom/5550_ros2_ws/install/drone_description/share/colcon-core/packages/drone_description)
[1.067s] DEBUG:colcon.colcon_core.event_handler.log_command:Invoking command in '/home/yahboom/5550_ros2_ws/src/yahboomcar_nav': PYTHONPATH=/home/yahboom/5550_ros2_ws/build/yahboomcar_nav/prefix_override:/home/yahboom/5550_ros2_ws/install/yahboomcar_nav/lib/python3.10/site-packages:${PYTHONPATH} /usr/bin/python3 -W ignore:setup.py install is deprecated setup.py egg_info --egg-base ../../build/yahboomcar_nav build --build-base /home/yahboom/5550_ros2_ws/build/yahboomcar_nav/build install --record /home/yahboom/5550_ros2_ws/build/yahboomcar_nav/install.log --single-version-externally-managed install_data
[1.257s] Level 1:colcon.colcon_core.environment:checking '/home/yahboom/5550_ros2_ws/install/yahboomcar_nav' for CMake module files
[1.257s] DEBUG:colcon.colcon_core.event_handler.log_command:Invoked command in '/home/yahboom/5550_ros2_ws/src/yahboomcar_nav' returned '0': PYTHONPATH=/home/yahboom/5550_ros2_ws/build/yahboomcar_nav/prefix_override:/home/yahboom/5550_ros2_ws/install/yahboomcar_nav/lib/python3.10/site-packages:${PYTHONPATH} /usr/bin/python3 -W ignore:setup.py install is deprecated setup.py egg_info --egg-base ../../build/yahboomcar_nav build --build-base /home/yahboom/5550_ros2_ws/build/yahboomcar_nav/build install --record /home/yahboom/5550_ros2_ws/build/yahboomcar_nav/install.log --single-version-externally-managed install_data
[1.258s] Level 1:colcon.colcon_core.environment:checking '/home/yahboom/5550_ros2_ws/install/yahboomcar_nav' for CMake config files
[1.262s] Level 1:colcon.colcon_core.environment:checking '/home/yahboom/5550_ros2_ws/install/yahboomcar_nav/lib'
[1.262s] Level 1:colcon.colcon_core.environment:checking '/home/yahboom/5550_ros2_ws/install/yahboomcar_nav/bin'
[1.262s] Level 1:colcon.colcon_core.environment:checking '/home/yahboom/5550_ros2_ws/install/yahboomcar_nav/lib/pkgconfig/yahboomcar_nav.pc'
[1.262s] Level 1:colcon.colcon_core.environment:checking '/home/yahboom/5550_ros2_ws/install/yahboomcar_nav/lib/python3.10/site-packages'
[1.262s] Level 1:colcon.colcon_core.shell:create_environment_hook('yahboomcar_nav', 'pythonpath')
[1.262s] INFO:colcon.colcon_core.shell:Creating environment hook '/home/yahboom/5550_ros2_ws/install/yahboomcar_nav/share/yahboomcar_nav/hook/pythonpath.ps1'
[1.262s] INFO:colcon.colcon_core.shell:Creating environment descriptor '/home/yahboom/5550_ros2_ws/install/yahboomcar_nav/share/yahboomcar_nav/hook/pythonpath.dsv'
[1.263s] INFO:colcon.colcon_core.shell:Creating environment hook '/home/yahboom/5550_ros2_ws/install/yahboomcar_nav/share/yahboomcar_nav/hook/pythonpath.sh'
[1.263s] Level 1:colcon.colcon_core.environment:checking '/home/yahboom/5550_ros2_ws/install/yahboomcar_nav/bin'
[1.263s] Level 1:colcon.colcon_core.environment:create_environment_scripts_only(yahboomcar_nav)
[1.263s] INFO:colcon.colcon_core.shell:Creating package script '/home/yahboom/5550_ros2_ws/install/yahboomcar_nav/share/yahboomcar_nav/package.ps1'
[1.263s] INFO:colcon.colcon_core.shell:Creating package descriptor '/home/yahboom/5550_ros2_ws/install/yahboomcar_nav/share/yahboomcar_nav/package.dsv'
[1.264s] INFO:colcon.colcon_core.shell:Creating package script '/home/yahboom/5550_ros2_ws/install/yahboomcar_nav/share/yahboomcar_nav/package.sh'
[1.264s] INFO:colcon.colcon_core.shell:Creating package script '/home/yahboom/5550_ros2_ws/install/yahboomcar_nav/share/yahboomcar_nav/package.bash'
[1.264s] INFO:colcon.colcon_core.shell:Creating package script '/home/yahboom/5550_ros2_ws/install/yahboomcar_nav/share/yahboomcar_nav/package.zsh'
[1.265s] Level 1:colcon.colcon_core.environment:create_file_with_runtime_dependencies(/home/yahboom/5550_ros2_ws/install/yahboomcar_nav/share/colcon-core/packages/yahboomcar_nav)
[6.407s] DEBUG:colcon.colcon_core.event_handler.log_command:Invoked command in '/home/yahboom/5550_ros2_ws/build/ydlidar_ros2_driver' returned '2': CMAKE_PREFIX_PATH=${CMAKE_PREFIX_PATH}:/home/yahboom/5550_ros2_ws/install/yahboomcar_nav:/home/yahboom/5550_ros2_ws/install/drone_description:/opt/ros/humble /usr/bin/cmake --build /home/yahboom/5550_ros2_ws/build/ydlidar_ros2_driver -- -j4 -l4
[6.441s] Level 1:colcon.colcon_core.environment:create_environment_scripts_only(ydlidar_ros2_driver)
[6.441s] Level 1:colcon.colcon_core.environment:checking '/home/yahboom/5550_ros2_ws/install/ydlidar_ros2_driver' for CMake module files
[6.442s] Level 1:colcon.colcon_core.environment:checking '/home/yahboom/5550_ros2_ws/install/ydlidar_ros2_driver' for CMake config files
[6.443s] Level 1:colcon.colcon_core.environment:checking '/home/yahboom/5550_ros2_ws/install/ydlidar_ros2_driver/bin'
[6.443s] Level 1:colcon.colcon_core.environment:checking '/home/yahboom/5550_ros2_ws/install/ydlidar_ros2_driver/lib/pkgconfig/ydlidar_ros2_driver.pc'
[6.444s] Level 1:colcon.colcon_core.environment:checking '/home/yahboom/5550_ros2_ws/install/ydlidar_ros2_driver/lib/python3.10/site-packages'
[6.444s] Level 1:colcon.colcon_core.environment:checking '/home/yahboom/5550_ros2_ws/install/ydlidar_ros2_driver/bin'
[6.444s] INFO:colcon.colcon_core.shell:Creating package script '/home/yahboom/5550_ros2_ws/install/ydlidar_ros2_driver/share/ydlidar_ros2_driver/package.ps1'
[6.445s] INFO:colcon.colcon_core.shell:Creating package descriptor '/home/yahboom/5550_ros2_ws/install/ydlidar_ros2_driver/share/ydlidar_ros2_driver/package.dsv'
[6.445s] INFO:colcon.colcon_core.shell:Creating package script '/home/yahboom/5550_ros2_ws/install/ydlidar_ros2_driver/share/ydlidar_ros2_driver/package.sh'
[6.446s] INFO:colcon.colcon_core.shell:Creating package script '/home/yahboom/5550_ros2_ws/install/ydlidar_ros2_driver/share/ydlidar_ros2_driver/package.bash'
[6.447s] INFO:colcon.colcon_core.shell:Creating package script '/home/yahboom/5550_ros2_ws/install/ydlidar_ros2_driver/share/ydlidar_ros2_driver/package.zsh'
[6.447s] Level 1:colcon.colcon_core.environment:create_file_with_runtime_dependencies(/home/yahboom/5550_ros2_ws/install/ydlidar_ros2_driver/share/colcon-core/packages/ydlidar_ros2_driver)
[6.458s] DEBUG:colcon.colcon_parallel_executor.executor.parallel:closing loop
[6.458s] DEBUG:colcon.colcon_parallel_executor.executor.parallel:loop closed
[6.458s] DEBUG:colcon.colcon_parallel_executor.executor.parallel:run_until_complete finished with '2'
[6.458s] DEBUG:colcon.colcon_core.event_reactor:joining thread
[6.466s] INFO:colcon.colcon_core.plugin_system:Skipping extension 'colcon_notification.desktop_notification.terminal_notifier': Not used on non-Darwin systems
[6.467s] INFO:colcon.colcon_core.plugin_system:Skipping extension 'colcon_notification.desktop_notification.win32': Not used on non-Windows systems
[6.467s] INFO:colcon.colcon_notification.desktop_notification:Sending desktop notification using 'notify2'
[6.481s] DEBUG:colcon.colcon_core.event_reactor:joined thread
[6.481s] INFO:colcon.colcon_core.shell:Creating prefix script '/home/yahboom/5550_ros2_ws/install/local_setup.ps1'
[6.482s] INFO:colcon.colcon_core.shell:Creating prefix util module '/home/yahboom/5550_ros2_ws/install/_local_setup_util_ps1.py'
[6.483s] INFO:colcon.colcon_core.shell:Creating prefix chain script '/home/yahboom/5550_ros2_ws/install/setup.ps1'
[6.484s] INFO:colcon.colcon_core.shell:Creating prefix script '/home/yahboom/5550_ros2_ws/install/local_setup.sh'
[6.485s] INFO:colcon.colcon_core.shell:Creating prefix util module '/home/yahboom/5550_ros2_ws/install/_local_setup_util_sh.py'
[6.485s] INFO:colcon.colcon_core.shell:Creating prefix chain script '/home/yahboom/5550_ros2_ws/install/setup.sh'
[6.486s] INFO:colcon.colcon_core.shell:Creating prefix script '/home/yahboom/5550_ros2_ws/install/local_setup.bash'
[6.487s] INFO:colcon.colcon_core.shell:Creating prefix chain script '/home/yahboom/5550_ros2_ws/install/setup.bash'
[6.488s] INFO:colcon.colcon_core.shell:Creating prefix script '/home/yahboom/5550_ros2_ws/install/local_setup.zsh'
[6.489s] INFO:colcon.colcon_core.shell:Creating prefix chain script '/home/yahboom/5550_ros2_ws/install/setup.zsh'
