[0.514s] Invoking command in '/home/yahboom/5550_ros2_ws/src/drone_description': PYTHONPATH=/home/yahboom/5550_ros2_ws/build/drone_description/prefix_override:/home/yahboom/5550_ros2_ws/install/drone_description/lib/python3.10/site-packages:${PYTHONPATH} /usr/bin/python3 -W ignore:setup.py install is deprecated setup.py egg_info --egg-base ../../build/drone_description build --build-base /home/yahboom/5550_ros2_ws/build/drone_description/build install --record /home/yahboom/5550_ros2_ws/build/drone_description/install.log --single-version-externally-managed install_data
[0.692s] running egg_info
[0.693s] writing ../../build/drone_description/drone_description.egg-info/PKG-INFO
[0.693s] writing dependency_links to ../../build/drone_description/drone_description.egg-info/dependency_links.txt
[0.693s] writing entry points to ../../build/drone_description/drone_description.egg-info/entry_points.txt
[0.693s] writing requirements to ../../build/drone_description/drone_description.egg-info/requires.txt
[0.693s] writing top-level names to ../../build/drone_description/drone_description.egg-info/top_level.txt
[0.694s] reading manifest file '../../build/drone_description/drone_description.egg-info/SOURCES.txt'
[0.695s] writing manifest file '../../build/drone_description/drone_description.egg-info/SOURCES.txt'
[0.695s] running build
[0.695s] running build_py
[0.695s] running install
[0.696s] running install_lib
[0.697s] running install_data
[0.697s] running install_egg_info
[0.699s] removing '/home/yahboom/5550_ros2_ws/install/drone_description/lib/python3.10/site-packages/drone_description-0.0.0-py3.10.egg-info' (and everything under it)
[0.699s] Copying ../../build/drone_description/drone_description.egg-info to /home/yahboom/5550_ros2_ws/install/drone_description/lib/python3.10/site-packages/drone_description-0.0.0-py3.10.egg-info
[0.700s] running install_scripts
[0.714s] writing list of installed files to '/home/yahboom/5550_ros2_ws/build/drone_description/install.log'
[0.729s] Invoked command in '/home/yahboom/5550_ros2_ws/src/drone_description' returned '0': PYTHONPATH=/home/yahboom/5550_ros2_ws/build/drone_description/prefix_override:/home/yahboom/5550_ros2_ws/install/drone_description/lib/python3.10/site-packages:${PYTHONPATH} /usr/bin/python3 -W ignore:setup.py install is deprecated setup.py egg_info --egg-base ../../build/drone_description build --build-base /home/yahboom/5550_ros2_ws/build/drone_description/build install --record /home/yahboom/5550_ros2_ws/build/drone_description/install.log --single-version-externally-managed install_data
