[0.173s] Invoking command in '/home/yahboom/5550_ros2_ws/build/drone_navigation2': CMAKE_PREFIX_PATH=${CMAKE_PREFIX_PATH}:/home/yahboom/5550_ros2_ws/install/drone_description:/opt/ros/humble /usr/bin/cmake /home/yahboom/5550_ros2_ws/src/drone_navigation2 -DCMAKE_INSTALL_PREFIX=/home/yahboom/5550_ros2_ws/install/drone_navigation2
[0.184s] -- Found ament_cmake: 1.3.8 (/opt/ros/humble/share/ament_cmake/cmake)
[0.277s] -- Found nav2_bringup: 1.1.18 (/opt/ros/humble/share/nav2_bringup/cmake)
[0.277s] -- Found ament_lint_auto: 0.12.10 (/opt/ros/humble/share/ament_lint_auto/cmake)
[0.353s] -- Added test 'flake8' to check Python code syntax and style conventions
[0.354s] -- Added test 'lint_cmake' to check CMake code style
[0.355s] -- Added test 'pep257' to check Python code against some of the docstring style conventions in PEP 257
[0.357s] -- Added test 'xmllint' to check XML markup files
[0.359s] -- Configuring done
[0.361s] -- Generating done
[0.364s] -- Build files have been written to: /home/yahboom/5550_ros2_ws/build/drone_navigation2
[0.364s] Invoked command in '/home/yahboom/5550_ros2_ws/build/drone_navigation2' returned '0': CMAKE_PREFIX_PATH=${CMAKE_PREFIX_PATH}:/home/yahboom/5550_ros2_ws/install/drone_description:/opt/ros/humble /usr/bin/cmake /home/yahboom/5550_ros2_ws/src/drone_navigation2 -DCMAKE_INSTALL_PREFIX=/home/yahboom/5550_ros2_ws/install/drone_navigation2
[0.365s] Invoking command in '/home/yahboom/5550_ros2_ws/build/drone_navigation2': CMAKE_PREFIX_PATH=${CMAKE_PREFIX_PATH}:/home/yahboom/5550_ros2_ws/install/drone_description:/opt/ros/humble /usr/bin/cmake --build /home/yahboom/5550_ros2_ws/build/drone_navigation2 -- -j4 -l4
[0.394s] Invoked command in '/home/yahboom/5550_ros2_ws/build/drone_navigation2' returned '0': CMAKE_PREFIX_PATH=${CMAKE_PREFIX_PATH}:/home/yahboom/5550_ros2_ws/install/drone_description:/opt/ros/humble /usr/bin/cmake --build /home/yahboom/5550_ros2_ws/build/drone_navigation2 -- -j4 -l4
[0.417s] Invoking command in '/home/yahboom/5550_ros2_ws/build/drone_navigation2': CMAKE_PREFIX_PATH=${CMAKE_PREFIX_PATH}:/home/yahboom/5550_ros2_ws/install/drone_description:/opt/ros/humble /usr/bin/cmake --install /home/yahboom/5550_ros2_ws/build/drone_navigation2
[0.424s] -- Install configuration: ""
[0.424s] -- Installing: /home/yahboom/5550_ros2_ws/install/drone_navigation2/share/drone_navigation2/launch
[0.424s] -- Installing: /home/yahboom/5550_ros2_ws/install/drone_navigation2/share/drone_navigation2/launch/navigation2.launch.py
[0.424s] -- Installing: /home/yahboom/5550_ros2_ws/install/drone_navigation2/share/drone_navigation2/param
[0.424s] -- Installing: /home/yahboom/5550_ros2_ws/install/drone_navigation2/share/drone_navigation2/param/drone_nav2.yaml
[0.424s] -- Installing: /home/yahboom/5550_ros2_ws/install/drone_navigation2/share/drone_navigation2/maps
[0.424s] -- Installing: /home/yahboom/5550_ros2_ws/install/drone_navigation2/share/drone_navigation2/maps/drone_map.pgm
[0.425s] -- Installing: /home/yahboom/5550_ros2_ws/install/drone_navigation2/share/drone_navigation2/maps/drone_map.yaml
[0.426s] -- Installing: /home/yahboom/5550_ros2_ws/install/drone_navigation2/share/ament_index/resource_index/package_run_dependencies/drone_navigation2
[0.426s] -- Installing: /home/yahboom/5550_ros2_ws/install/drone_navigation2/share/ament_index/resource_index/parent_prefix_path/drone_navigation2
[0.426s] -- Installing: /home/yahboom/5550_ros2_ws/install/drone_navigation2/share/drone_navigation2/environment/ament_prefix_path.sh
[0.426s] -- Installing: /home/yahboom/5550_ros2_ws/install/drone_navigation2/share/drone_navigation2/environment/ament_prefix_path.dsv
[0.426s] -- Installing: /home/yahboom/5550_ros2_ws/install/drone_navigation2/share/drone_navigation2/environment/path.sh
[0.427s] -- Installing: /home/yahboom/5550_ros2_ws/install/drone_navigation2/share/drone_navigation2/environment/path.dsv
[0.427s] -- Installing: /home/yahboom/5550_ros2_ws/install/drone_navigation2/share/drone_navigation2/local_setup.bash
[0.427s] -- Installing: /home/yahboom/5550_ros2_ws/install/drone_navigation2/share/drone_navigation2/local_setup.sh
[0.427s] -- Installing: /home/yahboom/5550_ros2_ws/install/drone_navigation2/share/drone_navigation2/local_setup.zsh
[0.427s] -- Installing: /home/yahboom/5550_ros2_ws/install/drone_navigation2/share/drone_navigation2/local_setup.dsv
[0.427s] -- Installing: /home/yahboom/5550_ros2_ws/install/drone_navigation2/share/drone_navigation2/package.dsv
[0.427s] -- Installing: /home/yahboom/5550_ros2_ws/install/drone_navigation2/share/ament_index/resource_index/packages/drone_navigation2
[0.427s] -- Installing: /home/yahboom/5550_ros2_ws/install/drone_navigation2/share/drone_navigation2/cmake/drone_navigation2Config.cmake
[0.427s] -- Installing: /home/yahboom/5550_ros2_ws/install/drone_navigation2/share/drone_navigation2/cmake/drone_navigation2Config-version.cmake
[0.427s] -- Installing: /home/yahboom/5550_ros2_ws/install/drone_navigation2/share/drone_navigation2/package.xml
[0.429s] Invoked command in '/home/yahboom/5550_ros2_ws/build/drone_navigation2' returned '0': CMAKE_PREFIX_PATH=${CMAKE_PREFIX_PATH}:/home/yahboom/5550_ros2_ws/install/drone_description:/opt/ros/humble /usr/bin/cmake --install /home/yahboom/5550_ros2_ws/build/drone_navigation2
