-- Install configuration: ""
-- Up-to-date: /home/yahboom/5550_ros2_ws/install/drone_cartographer/share/ament_index/resource_index/package_run_dependencies/drone_cartographer
-- Up-to-date: /home/yahboom/5550_ros2_ws/install/drone_cartographer/share/ament_index/resource_index/parent_prefix_path/drone_cartographer
-- Up-to-date: /home/yahboom/5550_ros2_ws/install/drone_cartographer/share/drone_cartographer/environment/ament_prefix_path.sh
-- Up-to-date: /home/yahboom/5550_ros2_ws/install/drone_cartographer/share/drone_cartographer/environment/ament_prefix_path.dsv
-- Up-to-date: /home/yahboom/5550_ros2_ws/install/drone_cartographer/share/drone_cartographer/environment/path.sh
-- Up-to-date: /home/yahboom/5550_ros2_ws/install/drone_cartographer/share/drone_cartographer/environment/path.dsv
-- Up-to-date: /home/yahboom/5550_ros2_ws/install/drone_cartographer/share/drone_cartographer/local_setup.bash
-- Up-to-date: /home/yahboom/5550_ros2_ws/install/drone_cartographer/share/drone_cartographer/local_setup.sh
-- Up-to-date: /home/yahboom/5550_ros2_ws/install/drone_cartographer/share/drone_cartographer/local_setup.zsh
-- Up-to-date: /home/yahboom/5550_ros2_ws/install/drone_cartographer/share/drone_cartographer/local_setup.dsv
-- Installing: /home/yahboom/5550_ros2_ws/install/drone_cartographer/share/drone_cartographer/package.dsv
-- Up-to-date: /home/yahboom/5550_ros2_ws/install/drone_cartographer/share/ament_index/resource_index/packages/drone_cartographer
-- Up-to-date: /home/yahboom/5550_ros2_ws/install/drone_cartographer/share/drone_cartographer/cmake/drone_cartographerConfig.cmake
-- Up-to-date: /home/yahboom/5550_ros2_ws/install/drone_cartographer/share/drone_cartographer/cmake/drone_cartographerConfig-version.cmake
-- Up-to-date: /home/yahboom/5550_ros2_ws/install/drone_cartographer/share/drone_cartographer/package.xml
-- Up-to-date: /home/yahboom/5550_ros2_ws/install/drone_cartographer/share/drone_cartographer/config
-- Up-to-date: /home/yahboom/5550_ros2_ws/install/drone_cartographer/share/drone_cartographer/config/drone_2d.lua
-- Up-to-date: /home/yahboom/5550_ros2_ws/install/drone_cartographer/share/drone_cartographer/launch
-- Installing: /home/yahboom/5550_ros2_ws/install/drone_cartographer/share/drone_cartographer/launch/cartographer.launch.py
-- Up-to-date: /home/yahboom/5550_ros2_ws/install/drone_cartographer/share/drone_cartographer/rviz
