[0.237s] Invoking command in '/home/yahboom/5550_ros2_ws/build/drone_navigation2': CMAKE_PREFIX_PATH=${CMAKE_PREFIX_PATH}:/home/yahboom/5550_ros2_ws/install/yahboomcar_nav:/home/yahboom/5550_ros2_ws/install/drone_description:/opt/ros/humble /usr/bin/cmake --build /home/yahboom/5550_ros2_ws/build/drone_navigation2 -- -j4 -l4
[0.278s] Invoked command in '/home/yahboom/5550_ros2_ws/build/drone_navigation2' returned '0': CMAKE_PREFIX_PATH=${CMAKE_PREFIX_PATH}:/home/yahboom/5550_ros2_ws/install/yahboomcar_nav:/home/yahboom/5550_ros2_ws/install/drone_description:/opt/ros/humble /usr/bin/cmake --build /home/yahboom/5550_ros2_ws/build/drone_navigation2 -- -j4 -l4
[0.305s] Invoking command in '/home/yahboom/5550_ros2_ws/build/drone_navigation2': CMAKE_PREFIX_PATH=${CMAKE_PREFIX_PATH}:/home/yahboom/5550_ros2_ws/install/yahboomcar_nav:/home/yahboom/5550_ros2_ws/install/drone_description:/opt/ros/humble /usr/bin/cmake --install /home/yahboom/5550_ros2_ws/build/drone_navigation2
[0.318s] -- Install configuration: ""
[0.318s] -- Up-to-date: /home/yahboom/5550_ros2_ws/install/drone_navigation2/share/drone_navigation2/launch
[0.318s] -- Up-to-date: /home/yahboom/5550_ros2_ws/install/drone_navigation2/share/drone_navigation2/launch/navigation2.launch.py
[0.318s] -- Up-to-date: /home/yahboom/5550_ros2_ws/install/drone_navigation2/share/drone_navigation2/param
[0.318s] -- Installing: /home/yahboom/5550_ros2_ws/install/drone_navigation2/share/drone_navigation2/param/drone_nav2.yaml
[0.318s] -- Up-to-date: /home/yahboom/5550_ros2_ws/install/drone_navigation2/share/drone_navigation2/maps
[0.318s] -- Up-to-date: /home/yahboom/5550_ros2_ws/install/drone_navigation2/share/drone_navigation2/maps/drone_map.pgm
[0.318s] -- Up-to-date: /home/yahboom/5550_ros2_ws/install/drone_navigation2/share/drone_navigation2/maps/drone_map.yaml
[0.318s] -- Up-to-date: /home/yahboom/5550_ros2_ws/install/drone_navigation2/share/ament_index/resource_index/package_run_dependencies/drone_navigation2
[0.318s] -- Up-to-date: /home/yahboom/5550_ros2_ws/install/drone_navigation2/share/ament_index/resource_index/parent_prefix_path/drone_navigation2
[0.319s] -- Up-to-date: /home/yahboom/5550_ros2_ws/install/drone_navigation2/share/drone_navigation2/environment/ament_prefix_path.sh
[0.319s] -- Up-to-date: /home/yahboom/5550_ros2_ws/install/drone_navigation2/share/drone_navigation2/environment/ament_prefix_path.dsv
[0.319s] -- Up-to-date: /home/yahboom/5550_ros2_ws/install/drone_navigation2/share/drone_navigation2/environment/path.sh
[0.319s] -- Up-to-date: /home/yahboom/5550_ros2_ws/install/drone_navigation2/share/drone_navigation2/environment/path.dsv
[0.319s] -- Up-to-date: /home/yahboom/5550_ros2_ws/install/drone_navigation2/share/drone_navigation2/local_setup.bash
[0.319s] -- Up-to-date: /home/yahboom/5550_ros2_ws/install/drone_navigation2/share/drone_navigation2/local_setup.sh
[0.319s] -- Up-to-date: /home/yahboom/5550_ros2_ws/install/drone_navigation2/share/drone_navigation2/local_setup.zsh
[0.319s] -- Up-to-date: /home/yahboom/5550_ros2_ws/install/drone_navigation2/share/drone_navigation2/local_setup.dsv
[0.319s] -- Installing: /home/yahboom/5550_ros2_ws/install/drone_navigation2/share/drone_navigation2/package.dsv
[0.319s] -- Up-to-date: /home/yahboom/5550_ros2_ws/install/drone_navigation2/share/ament_index/resource_index/packages/drone_navigation2
[0.319s] -- Up-to-date: /home/yahboom/5550_ros2_ws/install/drone_navigation2/share/drone_navigation2/cmake/drone_navigation2Config.cmake
[0.319s] -- Up-to-date: /home/yahboom/5550_ros2_ws/install/drone_navigation2/share/drone_navigation2/cmake/drone_navigation2Config-version.cmake
[0.319s] -- Up-to-date: /home/yahboom/5550_ros2_ws/install/drone_navigation2/share/drone_navigation2/package.xml
[0.323s] Invoked command in '/home/yahboom/5550_ros2_ws/build/drone_navigation2' returned '0': CMAKE_PREFIX_PATH=${CMAKE_PREFIX_PATH}:/home/yahboom/5550_ros2_ws/install/yahboomcar_nav:/home/yahboom/5550_ros2_ws/install/drone_description:/opt/ros/humble /usr/bin/cmake --install /home/yahboom/5550_ros2_ws/build/drone_navigation2
